Clock_Ip_Selector.c:303:13:Callback_SelectorEmpty	0	static
Clock_Ip_Selector.c:915:13:SetSimFtmoptSel	8	static
Clock_Ip_Selector.c:1005:13:SetPccPcsSelect	0	static
Clock_Ip_Selector.c:615:13:ResetScgRunSel	0	static
Clock_Ip_Selector.c:636:13:SetScgRunSel	0	static
Clock_Ip_Selector.c:662:13:SetScgVlprSel	0	static
Clock_Ip_Selector.c:688:13:ResetScgHsrunSel	0	static
Clock_Ip_Selector.c:708:13:SetScgHsrunSel	0	static
Clock_Ip_Selector.c:734:13:ResetSimRtcSel	0	static
Clock_Ip_Selector.c:754:13:SetSimRtcSel	0	static
Clock_Ip_Selector.c:779:13:ResetSimLpoSel	0	static
Clock_Ip_Selector.c:802:13:SetSimLpoSel	0	static
Clock_Ip_Selector.c:828:13:ResetScgClkoutSel	0	static
Clock_Ip_Selector.c:848:13:SetScgClkoutSel	0	static
Clock_Ip_Selector.c:885:13:ResetSimFtmoptSel	8	static
Clock_Ip_Selector.c:939:13:ResetSimClkoutSel	0	static
Clock_Ip_Selector.c:959:13:SetSimClkoutSel	0	static
Clock_Ip_Selector.c:984:13:ResetPccPcsSelect	0	static
Clock_Ip_Selector.c:1030:13:ResetSimTraceSel	0	static
Clock_Ip_Selector.c:1051:13:SetSimTraceSel	0	static
