FlexCAN_Ip_HwAccess.c:485:8:FlexCAN_GetMaxMbNum	0	static
FlexCAN_Ip_HwAccess.c:509:23:FlexCAN_EnterFreezeMode	24	static
FlexCAN_Ip_HwAccess.c:547:23:FlexCAN_Enable	24	static
FlexCAN_Ip_HwAccess.c:581:23:FlexCAN_ExitFreezeMode	24	static
FlexCAN_Ip_HwAccess.c:615:23:FlexCAN_Disable	24	static
FlexCAN_Ip_HwAccess.c:654:6:FlexCAN_SetErrIntCmd	16	static
FlexCAN_Ip_HwAccess.c:803:23:FlexCAN_EnableRxFifo	16	static
FlexCAN_Ip_HwAccess.c:842:9:FlexCAN_IsFDAvailable	0	static
FlexCAN_Ip_HwAccess.c:711:23:FlexCAN_Init	24	static
FlexCAN_Ip_HwAccess.c:427:19:FlexCAN_GetMsgBuffRegion	16	static
FlexCAN_Ip_HwAccess.c:865:6:FlexCAN_SetPayloadSize	0	static
FlexCAN_Ip_HwAccess.c:940:7:FlexCAN_GetMbPayloadSize	8	static
FlexCAN_Ip_HwAccess.c:980:6:FlexCAN_LockRxMsgBuff	8	static
FlexCAN_Ip_HwAccess.c:994:23:FlexCAN_SetMsgBuffIntCmd	24	static
FlexCAN_Ip_HwAccess.c:1118:6:FLEXCAN_ClearMsgBuffIntCmd	24	static
FlexCAN_Ip_HwAccess.c:1184:6:FlexCAN_DisableInterrupts	0	static
FlexCAN_Ip_HwAccess.c:1211:6:FlexCAN_EnableInterrupts	0	static
FlexCAN_Ip_HwAccess.c:1247:6:FlexCAN_SetRxMsgBuff	16	static
FlexCAN_Ip_HwAccess.c:1303:8:FlexCAN_GetMsgBuffTimestamp	8	static
FlexCAN_Ip_HwAccess.c:1332:6:FlexCAN_GetMsgBuff	24	static
FlexCAN_Ip_HwAccess.c:1439:6:FlexCAN_SetTxMsgBuff	20	static
FlexCAN_Ip_HwAccess.c:1556:23:FlexCAN_SetMaxMsgBuffNum	32	static
FlexCAN_Ip_HwAccess.c:1633:6:FlexCAN_SetOperationMode	0	static
FlexCAN_Ip_HwAccess.c:1662:6:FlexCAN_SetRxFifoFilter	24	static
FlexCAN_Ip_HwAccess.c:1875:6:FlexCAN_ReadRxFifo	12	static
FlexCAN_Ip_HwAccess.c:2034:9:FlexCAN_IsMbOutOfRange	0	static
FlexCAN_Ip_HwAccess.c:2398:6:FlexCAN_ConfigCtrlOptions	0	static
