FlexCAN_Ip_HwAccess.h:779:20:FlexCAN_ClearMsgBuffIntStatusFlag	0	static
FlexCAN_Ip_HwAccess.h:828:21:FlexCAN_GetBuffStatusFlag	0	static
FlexCAN_Ip.c:923:30:FlexCAN_StartRxMessageBufferData	24	static
FlexCAN_Ip.c:971:30:FlexCAN_StartSendData	56	static
FlexCAN_Ip.c:1202:13:FlexCAN_IRQHandlerRxMB	128	static
FlexCAN_Ip.c:1379:20:FlexCAN_IRQHandlerRxFIFO	128	static
FlexCAN_Ip_HwAccess.h:934:20:FlexCAN_SetFDTimeSegments	8	static
FlexCAN_Ip_HwAccess.h:962:20:FlexCAN_SetTimeSegments	8	static
FlexCAN_Ip_HwAccess.h:988:20:FlexCAN_SetExtendedTimeSegments	8	static
FlexCAN_Ip.c:1051:30:FlexCAN_StartRxMessageFifoData.part.0	32	static
FlexCAN_Ip.c:1822:23:FlexCAN_Ip_Init_Privileged	24	static
FlexCAN_Ip.c:1958:23:FlexCAN_Ip_Send	32	static
FlexCAN_Ip.c:2005:23:FlexCAN_Ip_ConfigRxMb	40	static
FlexCAN_Ip.c:2061:23:FlexCAN_Ip_Receive	32	static
FlexCAN_Ip.c:2097:23:FlexCAN_Ip_ReceiveBlocking	64	static
FlexCAN_Ip.c:2218:23:FlexCAN_Ip_RxFifo	0	static
FlexCAN_Ip.c:2262:23:FlexCAN_Ip_RxFifoBlocking	48	static
FlexCAN_Ip.c:2314:23:FlexCAN_Ip_ConfigRxFifo_Privileged	24	static
FlexCAN_Ip.c:2424:23:FlexCAN_Ip_ConfigRemoteResponseMb	56	static
FlexCAN_Ip.c:2487:23:FlexCAN_Ip_GetTransferStatus	0	static
FlexCAN_Ip.c:2651:6:FlexCAN_IRQHandler	136	static
FlexCAN_Ip.c:2772:6:FlexCAN_Ip_ClearErrorStatus	0	static
FlexCAN_Ip.c:2791:8:FlexCAN_Ip_GetErrorStatus	0	static
FlexCAN_Ip.c:2809:7:FlexCAN_Ip_GetControllerTxErrorCounter	0	static
FlexCAN_Ip.c:2827:7:FlexCAN_Ip_GetControllerRxErrorCounter	0	static
FlexCAN_Ip.c:2964:6:FlexCAN_Error_IRQHandler	24	static
FlexCAN_Ip.c:3029:6:FlexCAN_BusOff_IRQHandler	24	static
FlexCAN_Ip.c:3102:23:FlexCAN_Ip_SendBlocking	56	static
FlexCAN_Ip.c:3197:23:FlexCAN_Ip_SetRxMbGlobalMask_Privileged	24	static
FlexCAN_Ip.c:3246:23:FlexCAN_Ip_EnterFreezeMode_Privileged	0	static
FlexCAN_Ip.c:3259:23:FlexCAN_Ip_ExitFreezeMode_Privileged	0	static
FlexCAN_Ip.c:3272:23:FlexCAN_Ip_SetRxIndividualMask_Privileged	24	static
FlexCAN_Ip.c:3331:23:FlexCAN_Ip_SetRxFifoGlobalMask_Privileged	24	static
FlexCAN_Ip.c:3379:23:FlexCAN_Ip_Deinit_Privileged	24	static
FlexCAN_Ip.c:3420:6:FlexCAN_Ip_MainFunctionRead	16	static
FlexCAN_Ip.c:3486:23:FlexCAN_Ip_MainFunctionBusOff_Privileged	16	static
FlexCAN_Ip.c:3522:6:FlexCAN_Ip_MainFunctionWrite	16	static
FlexCAN_Ip.c:3549:9:FlexCAN_Ip_GetStopMode_Privileged	0	static
FlexCAN_Ip.c:3562:9:FlexCAN_Ip_GetStartMode_Privileged	0	static
FlexCAN_Ip.c:3575:23:FlexCAN_Ip_SetStartMode_Privileged	8	static
FlexCAN_Ip.c:3598:23:FlexCAN_Ip_SetStopMode_Privileged	8	static
FlexCAN_Ip.c:3630:23:FlexCAN_Ip_SetRxMaskType_Privileged	24	static
FlexCAN_Ip.c:3686:23:FlexCAN_Ip_SetBitrate_Privileged	24	static
FlexCAN_Ip.c:3762:9:FlexCAN_Ip_GetBitrate	0	static
FlexCAN_Ip.c:3801:6:FlexCAN_Ip_ClearTDCFail	8	static
FlexCAN_Ip.c:3832:9:FlexCAN_Ip_GetTDCFail	0	static
FlexCAN_Ip.c:3861:7:FlexCAN_Ip_GetTDCValue	0	static
FlexCAN_Ip.c:3893:23:FlexCAN_Ip_SetBitrateCbt_Privileged	32	static
FlexCAN_Ip.c:3964:9:FlexCAN_Ip_GetBitrateFD	0	static
FlexCAN_Ip.c:3996:23:FlexCAN_Ip_SetTDCOffset_Privileged	24	static
FlexCAN_Ip.c:4064:23:FlexCAN_Ip_SetTxArbitrationStartDelay_Privileged	24	static
FlexCAN_Ip.c:4117:9:FlexCAN_Ip_GetBuffStatusFlag	8	static
FlexCAN_Ip.c:4144:6:FlexCAN_Ip_ClearBuffStatusFlag	0	static
FlexCAN_Ip.c:4171:23:FlexCAN_Ip_EnableInterrupts_Privileged	16	static
FlexCAN_Ip.c:4207:23:FlexCAN_Ip_DisableInterrupts_Privileged	8	static
FlexCAN_Ip.c:4243:23:FlexCAN_Ip_SetErrorInt_Privileged	24	static
FlexCAN_Ip.c:4336:23:FlexCAN_Ip_AbortTransfer	56	static
FlexCAN_Ip.c:4401:23:FlexCAN_Ip_SetRxMb14Mask_Privileged	24	static
FlexCAN_Ip.c:4443:23:FlexCAN_Ip_SetRxMb15Mask_Privileged	24	static
FlexCAN_Ip.c:4493:23:FlexCAN_Ip_SetListenOnlyMode_Privileged	24	static
FlexCAN_Ip.c:4545:9:FlexCAN_Ip_GetListenOnlyMode	0	static
FlexCAN_Ip.c:4763:23:FlexCAN_Ip_ManualBusOffRecovery	32	static
