Ftm_Pwm_Ip_HwAccess.h:476:20:Ftm_Pwm_Ip_SetChnEdgeLevel	0	static
Ftm_Pwm_Ip_HwAccess.h:860:20:Ftm_Pwm_Ip_SetSoftwareTriggerCmd	0	static
Ftm_Pwm_Ip_HwAccess.h:2056:42:Ftm_Pwm_Ip_GetChannelMode	20	static
Ftm_Pwm_Ip.c:506:13:Ftm_Pwm_Ip_DisableCmpIrq	0	static
Ftm_Pwm_Ip_HwAccess.h:2139:20:Ftm_Pwm_Ip_Reset	0	static
Ftm_Pwm_Ip.c:1618:6:Ftm_Pwm_Ip_SwOutputControl	32	static
Ftm_Pwm_Ip.c:1426:6:Ftm_Pwm_Ip_DeInit	32	static
Ftm_Pwm_Ip.c:1730:23:Ftm_Pwm_Ip_UpdatePwmChannel	16	static
Ftm_Pwm_Ip.c:1457:6:Ftm_Pwm_Ip_UpdatePwmDutyCycleChannel	40	static
Ftm_Pwm_Ip.c:1377:6:Ftm_Pwm_Ip_Init	40	static
Ftm_Pwm_Ip.c:1820:23:Ftm_Pwm_Ip_UpdatePwmPeriod	8	static
Ftm_Pwm_Ip.c:1551:6:Ftm_Pwm_Ip_UpdatePwmPeriodAndDuty	32	static
Ftm_Pwm_Ip.c:1860:28:Ftm_Pwm_Ip_GetOutputState	16	static
Ftm_Pwm_Ip.c:1896:6:Ftm_Pwm_Ip_DisableNotification	40	static
Ftm_Pwm_Ip.c:2002:6:Ftm_Pwm_Ip_EnableNotification	40	static
Ftm_Pwm_Ip.c:2067:6:Ftm_Pwm_Ip_SetPowerState	0	static
Ftm_Pwm_Ip.c:2095:6:Ftm_Pwm_Ip_SetClockMode	0	static
Ftm_Pwm_Ip.c:2122:6:Ftm_Pwm_Ip_ResetCounter	0	static
Ftm_Pwm_Ip.c:2143:8:Ftm_Pwm_Ip_GetChannelState	0	static
Ftm_Pwm_Ip.c:2164:6:Ftm_Pwm_Ip_FastUpdatePwmDuty	20	static
Ftm_Pwm_Ip.c:2196:6:Ftm_Pwm_Ip_MaskOutputChannels	24	static
Ftm_Pwm_Ip.c:2222:6:Ftm_Pwm_Ip_UnMaskOutputChannels	24	static
Ftm_Pwm_Ip.c:2247:6:Ftm_Pwm_Ip_SetPhaseShift	40	static
Ftm_Pwm_Ip.c:2331:6:Ftm_Pwm_Ip_SetDutyPhaseShift	12	static
Ftm_Pwm_Ip.c:2417:7:Ftm_Pwm_Ip_DisableTrigger	16	static
Ftm_Pwm_Ip.c:2440:7:Ftm_Pwm_Ip_EnableTrigger	16	static
Ftm_Pwm_Ip.c:2463:6:Ftm_Pwm_Ip_SyncUpdate	8	static
Ftm_Pwm_Ip.c:2484:6:Ftm_Pwm_Ip_SetChannelDeadTime	16	static
