Lpuart_Uart_Ip.c:2015:13:Lpuart_Uart_Ip_PutData	16	static
Lpuart_Uart_Ip.c:2074:13:Lpuart_Uart_Ip_GetData	8	static
Lpuart_Uart_Ip_HwAccess.h:682:20:Lpuart_Uart_Ip_StartTimeout.constprop	16	static
Lpuart_Uart_Ip.c:1814:13:Lpuart_Uart_Ip_CompleteReceiveDataUsingInt	32	static
Lpuart_Uart_Ip.c:1530:13:Lpuart_Uart_Ip_CompleteSendDataUsingInt	32	static
Lpuart_Uart_Ip.c:243:6:Lpuart_Uart_Ip_Init	12	static
Lpuart_Uart_Ip.c:327:6:Lpuart_Uart_Ip_Deinit	32	static
Lpuart_Uart_Ip.c:370:27:Lpuart_Uart_Ip_SyncSend	40	static
Lpuart_Uart_Ip.c:453:27:Lpuart_Uart_Ip_AsyncSend	32	static
Lpuart_Uart_Ip.c:515:27:Lpuart_Uart_Ip_GetTransmitStatus	8	static
Lpuart_Uart_Ip.c:570:27:Lpuart_Uart_Ip_AbortSendingData	8	static
Lpuart_Uart_Ip.c:626:27:Lpuart_Uart_Ip_SyncReceive	104	static
Lpuart_Uart_Ip.c:774:27:Lpuart_Uart_Ip_AsyncReceive	32	static
Lpuart_Uart_Ip.c:836:27:Lpuart_Uart_Ip_GetReceiveStatus	8	static
Lpuart_Uart_Ip.c:889:27:Lpuart_Uart_Ip_AbortReceivingData	8	static
Lpuart_Uart_Ip.c:950:27:Lpuart_Uart_Ip_SetBaudRate	28	static
Lpuart_Uart_Ip.c:1060:6:Lpuart_Uart_Ip_GetBaudRate	0	static
Lpuart_Uart_Ip.c:1081:27:Lpuart_Uart_Ip_SetTxBuffer	0	static
Lpuart_Uart_Ip.c:1108:27:Lpuart_Uart_Ip_SetRxBuffer	0	static
Lpuart_Uart_Ip.c:1134:6:Lpuart_Uart_Ip_IrqHandler	40	static
