SchM_Gpt.c:393:8:Gpt_schm_read_msr	0	static
SchM_Gpt.c:477:6:SchM_Enter_Gpt_GPT_EXCLUSIVE_AREA_00	0	static
SchM_Gpt.c:499:6:SchM_Exit_Gpt_GPT_EXCLUSIVE_AREA_00	0	static
SchM_Gpt.c:513:6:SchM_Enter_Gpt_GPT_EXCLUSIVE_AREA_01	0	static
SchM_Gpt.c:535:6:SchM_Exit_Gpt_GPT_EXCLUSIVE_AREA_01	0	static
SchM_Gpt.c:549:6:SchM_Enter_Gpt_GPT_EXCLUSIVE_AREA_02	0	static
SchM_Gpt.c:571:6:SchM_Exit_Gpt_GPT_EXCLUSIVE_AREA_02	0	static
SchM_Gpt.c:585:6:SchM_Enter_Gpt_GPT_EXCLUSIVE_AREA_03	0	static
SchM_Gpt.c:607:6:SchM_Exit_Gpt_GPT_EXCLUSIVE_AREA_03	0	static
SchM_Gpt.c:621:6:SchM_Enter_Gpt_GPT_EXCLUSIVE_AREA_04	0	static
SchM_Gpt.c:643:6:SchM_Exit_Gpt_GPT_EXCLUSIVE_AREA_04	0	static
SchM_Gpt.c:657:6:SchM_Enter_Gpt_GPT_EXCLUSIVE_AREA_05	0	static
SchM_Gpt.c:679:6:SchM_Exit_Gpt_GPT_EXCLUSIVE_AREA_05	0	static
SchM_Gpt.c:693:6:SchM_Enter_Gpt_GPT_EXCLUSIVE_AREA_06	0	static
SchM_Gpt.c:715:6:SchM_Exit_Gpt_GPT_EXCLUSIVE_AREA_06	0	static
SchM_Gpt.c:729:6:SchM_Enter_Gpt_GPT_EXCLUSIVE_AREA_07	0	static
SchM_Gpt.c:751:6:SchM_Exit_Gpt_GPT_EXCLUSIVE_AREA_07	0	static
SchM_Gpt.c:765:6:SchM_Enter_Gpt_GPT_EXCLUSIVE_AREA_10	0	static
SchM_Gpt.c:787:6:SchM_Exit_Gpt_GPT_EXCLUSIVE_AREA_10	0	static
SchM_Gpt.c:801:6:SchM_Enter_Gpt_GPT_EXCLUSIVE_AREA_11	0	static
SchM_Gpt.c:823:6:SchM_Exit_Gpt_GPT_EXCLUSIVE_AREA_11	0	static
SchM_Gpt.c:837:6:SchM_Enter_Gpt_GPT_EXCLUSIVE_AREA_17	0	static
SchM_Gpt.c:859:6:SchM_Exit_Gpt_GPT_EXCLUSIVE_AREA_17	0	static
SchM_Gpt.c:873:6:SchM_Enter_Gpt_GPT_EXCLUSIVE_AREA_18	0	static
SchM_Gpt.c:895:6:SchM_Exit_Gpt_GPT_EXCLUSIVE_AREA_18	0	static
SchM_Gpt.c:909:6:SchM_Enter_Gpt_GPT_EXCLUSIVE_AREA_20	0	static
SchM_Gpt.c:931:6:SchM_Exit_Gpt_GPT_EXCLUSIVE_AREA_20	0	static
SchM_Gpt.c:945:6:SchM_Enter_Gpt_GPT_EXCLUSIVE_AREA_21	0	static
SchM_Gpt.c:967:6:SchM_Exit_Gpt_GPT_EXCLUSIVE_AREA_21	0	static
SchM_Gpt.c:981:6:SchM_Enter_Gpt_GPT_EXCLUSIVE_AREA_22	0	static
SchM_Gpt.c:1003:6:SchM_Exit_Gpt_GPT_EXCLUSIVE_AREA_22	0	static
SchM_Gpt.c:1017:6:SchM_Enter_Gpt_GPT_EXCLUSIVE_AREA_23	0	static
SchM_Gpt.c:1039:6:SchM_Exit_Gpt_GPT_EXCLUSIVE_AREA_23	0	static
SchM_Gpt.c:1053:6:SchM_Enter_Gpt_GPT_EXCLUSIVE_AREA_24	0	static
SchM_Gpt.c:1075:6:SchM_Exit_Gpt_GPT_EXCLUSIVE_AREA_24	0	static
SchM_Gpt.c:1089:6:SchM_Enter_Gpt_GPT_EXCLUSIVE_AREA_25	0	static
SchM_Gpt.c:1111:6:SchM_Exit_Gpt_GPT_EXCLUSIVE_AREA_25	0	static
SchM_Gpt.c:1125:6:SchM_Enter_Gpt_GPT_EXCLUSIVE_AREA_26	0	static
SchM_Gpt.c:1147:6:SchM_Exit_Gpt_GPT_EXCLUSIVE_AREA_26	0	static
SchM_Gpt.c:1161:6:SchM_Enter_Gpt_GPT_EXCLUSIVE_AREA_27	0	static
SchM_Gpt.c:1183:6:SchM_Exit_Gpt_GPT_EXCLUSIVE_AREA_27	0	static
SchM_Gpt.c:1197:6:SchM_Enter_Gpt_GPT_EXCLUSIVE_AREA_28	0	static
SchM_Gpt.c:1219:6:SchM_Exit_Gpt_GPT_EXCLUSIVE_AREA_28	0	static
SchM_Gpt.c:1233:6:SchM_Enter_Gpt_GPT_EXCLUSIVE_AREA_29	0	static
SchM_Gpt.c:1255:6:SchM_Exit_Gpt_GPT_EXCLUSIVE_AREA_29	0	static
SchM_Gpt.c:1269:6:SchM_Enter_Gpt_GPT_EXCLUSIVE_AREA_30	0	static
SchM_Gpt.c:1291:6:SchM_Exit_Gpt_GPT_EXCLUSIVE_AREA_30	0	static
SchM_Gpt.c:1305:6:SchM_Enter_Gpt_GPT_EXCLUSIVE_AREA_31	0	static
SchM_Gpt.c:1327:6:SchM_Exit_Gpt_GPT_EXCLUSIVE_AREA_31	0	static
SchM_Gpt.c:1341:6:SchM_Enter_Gpt_GPT_EXCLUSIVE_AREA_35	0	static
SchM_Gpt.c:1363:6:SchM_Exit_Gpt_GPT_EXCLUSIVE_AREA_35	0	static
SchM_Gpt.c:1377:6:SchM_Enter_Gpt_GPT_EXCLUSIVE_AREA_36	0	static
SchM_Gpt.c:1399:6:SchM_Exit_Gpt_GPT_EXCLUSIVE_AREA_36	0	static
SchM_Gpt.c:1413:6:SchM_Enter_Gpt_GPT_EXCLUSIVE_AREA_38	0	static
SchM_Gpt.c:1435:6:SchM_Exit_Gpt_GPT_EXCLUSIVE_AREA_38	0	static
SchM_Gpt.c:1449:6:SchM_Enter_Gpt_GPT_EXCLUSIVE_AREA_39	0	static
SchM_Gpt.c:1471:6:SchM_Exit_Gpt_GPT_EXCLUSIVE_AREA_39	0	static
SchM_Gpt.c:1485:6:SchM_Enter_Gpt_GPT_EXCLUSIVE_AREA_40	0	static
SchM_Gpt.c:1507:6:SchM_Exit_Gpt_GPT_EXCLUSIVE_AREA_40	0	static
SchM_Gpt.c:1521:6:SchM_Enter_Gpt_GPT_EXCLUSIVE_AREA_41	0	static
SchM_Gpt.c:1543:6:SchM_Exit_Gpt_GPT_EXCLUSIVE_AREA_41	0	static
SchM_Gpt.c:1557:6:SchM_Enter_Gpt_GPT_EXCLUSIVE_AREA_42	0	static
SchM_Gpt.c:1579:6:SchM_Exit_Gpt_GPT_EXCLUSIVE_AREA_42	0	static
SchM_Gpt.c:1593:6:SchM_Enter_Gpt_GPT_EXCLUSIVE_AREA_43	0	static
SchM_Gpt.c:1615:6:SchM_Exit_Gpt_GPT_EXCLUSIVE_AREA_43	0	static
SchM_Gpt.c:1629:6:SchM_Enter_Gpt_GPT_EXCLUSIVE_AREA_44	0	static
SchM_Gpt.c:1651:6:SchM_Exit_Gpt_GPT_EXCLUSIVE_AREA_44	0	static
SchM_Gpt.c:1665:6:SchM_Enter_Gpt_GPT_EXCLUSIVE_AREA_45	0	static
SchM_Gpt.c:1687:6:SchM_Exit_Gpt_GPT_EXCLUSIVE_AREA_45	0	static
SchM_Gpt.c:1701:6:SchM_Enter_Gpt_GPT_EXCLUSIVE_AREA_46	0	static
SchM_Gpt.c:1723:6:SchM_Exit_Gpt_GPT_EXCLUSIVE_AREA_46	0	static
SchM_Gpt.c:1737:6:SchM_Enter_Gpt_GPT_EXCLUSIVE_AREA_50	0	static
SchM_Gpt.c:1759:6:SchM_Exit_Gpt_GPT_EXCLUSIVE_AREA_50	0	static
SchM_Gpt.c:1773:6:SchM_Enter_Gpt_GPT_EXCLUSIVE_AREA_51	0	static
SchM_Gpt.c:1795:6:SchM_Exit_Gpt_GPT_EXCLUSIVE_AREA_51	0	static
SchM_Gpt.c:1809:6:SchM_Enter_Gpt_GPT_EXCLUSIVE_AREA_52	0	static
SchM_Gpt.c:1831:6:SchM_Exit_Gpt_GPT_EXCLUSIVE_AREA_52	0	static
SchM_Gpt.c:1845:6:SchM_Enter_Gpt_GPT_EXCLUSIVE_AREA_53	0	static
SchM_Gpt.c:1867:6:SchM_Exit_Gpt_GPT_EXCLUSIVE_AREA_53	0	static
SchM_Gpt.c:1881:6:SchM_Enter_Gpt_GPT_EXCLUSIVE_AREA_54	0	static
SchM_Gpt.c:1903:6:SchM_Exit_Gpt_GPT_EXCLUSIVE_AREA_54	0	static
SchM_Gpt.c:1917:6:SchM_Enter_Gpt_GPT_EXCLUSIVE_AREA_55	0	static
SchM_Gpt.c:1939:6:SchM_Exit_Gpt_GPT_EXCLUSIVE_AREA_55	0	static
SchM_Gpt.c:1953:6:SchM_Enter_Gpt_GPT_EXCLUSIVE_AREA_56	0	static
SchM_Gpt.c:1975:6:SchM_Exit_Gpt_GPT_EXCLUSIVE_AREA_56	0	static
SchM_Gpt.c:1989:6:SchM_Enter_Gpt_GPT_EXCLUSIVE_AREA_60	0	static
SchM_Gpt.c:2011:6:SchM_Exit_Gpt_GPT_EXCLUSIVE_AREA_60	0	static
SchM_Gpt.c:2025:6:SchM_Enter_Gpt_GPT_EXCLUSIVE_AREA_61	0	static
SchM_Gpt.c:2047:6:SchM_Exit_Gpt_GPT_EXCLUSIVE_AREA_61	0	static
SchM_Gpt.c:2061:6:SchM_Enter_Gpt_GPT_EXCLUSIVE_AREA_62	0	static
SchM_Gpt.c:2083:6:SchM_Exit_Gpt_GPT_EXCLUSIVE_AREA_62	0	static
SchM_Gpt.c:2097:6:SchM_Enter_Gpt_GPT_EXCLUSIVE_AREA_63	0	static
SchM_Gpt.c:2119:6:SchM_Exit_Gpt_GPT_EXCLUSIVE_AREA_63	0	static
SchM_Gpt.c:2133:6:SchM_Enter_Gpt_GPT_EXCLUSIVE_AREA_64	0	static
SchM_Gpt.c:2155:6:SchM_Exit_Gpt_GPT_EXCLUSIVE_AREA_64	0	static
SchM_Gpt.c:2169:6:SchM_Enter_Gpt_GPT_EXCLUSIVE_AREA_65	0	static
SchM_Gpt.c:2191:6:SchM_Exit_Gpt_GPT_EXCLUSIVE_AREA_65	0	static
SchM_Gpt.c:2205:6:SchM_Enter_Gpt_GPT_EXCLUSIVE_AREA_66	0	static
SchM_Gpt.c:2227:6:SchM_Exit_Gpt_GPT_EXCLUSIVE_AREA_66	0	static
SchM_Gpt.c:2241:6:SchM_Enter_Gpt_GPT_EXCLUSIVE_AREA_67	0	static
SchM_Gpt.c:2263:6:SchM_Exit_Gpt_GPT_EXCLUSIVE_AREA_67	0	static
