Archive member included to satisfy reference by file (symbol)

C:/NXP/S32DS.3.4/S32DS/build_tools/gcc_v9.2/gcc-9.2-arm32-eabi/arm-none-eabi/newlib/lib/thumb/v7e-m+fp/hard\libc_nano.a(lib_a-memcpy-stub.o)
                              ./src/lpuart_init.o (memcpy)
C:/NXP/S32DS.3.4/S32DS/build_tools/gcc_v9.2/gcc-9.2-arm32-eabi/arm-none-eabi/newlib/lib/thumb/v7e-m+fp/hard\libc_nano.a(lib_a-memset.o)
                              ./src/lpuart_init.o (memset)
C:/NXP/S32DS.3.4/S32DS/build_tools/gcc_v9.2/gcc-9.2-arm32-eabi/arm-none-eabi/newlib/lib/thumb/v7e-m+fp/hard\libc_nano.a(lib_a-strlen.o)
                              ./src/lpuart_init.o (strlen)

Discarded input sections

 .group         0x00000000        0xc ./Project_Settings/Startup_Code/exceptions.o
 .group         0x00000000        0xc ./Project_Settings/Startup_Code/exceptions.o
 .group         0x00000000        0xc ./Project_Settings/Startup_Code/exceptions.o
 .group         0x00000000        0xc ./Project_Settings/Startup_Code/exceptions.o
 .group         0x00000000        0xc ./Project_Settings/Startup_Code/exceptions.o
 .group         0x00000000        0xc ./Project_Settings/Startup_Code/exceptions.o
 .group         0x00000000        0xc ./Project_Settings/Startup_Code/exceptions.o
 .group         0x00000000        0xc ./Project_Settings/Startup_Code/exceptions.o
 .group         0x00000000        0xc ./Project_Settings/Startup_Code/exceptions.o
 .group         0x00000000        0xc ./Project_Settings/Startup_Code/exceptions.o
 .group         0x00000000        0xc ./Project_Settings/Startup_Code/exceptions.o
 .group         0x00000000        0xc ./Project_Settings/Startup_Code/exceptions.o
 .group         0x00000000        0xc ./Project_Settings/Startup_Code/exceptions.o
 .group         0x00000000        0xc ./Project_Settings/Startup_Code/exceptions.o
 .group         0x00000000        0xc ./Project_Settings/Startup_Code/exceptions.o
 .group         0x00000000        0xc ./Project_Settings/Startup_Code/exceptions.o
 .group         0x00000000        0xc ./Project_Settings/Startup_Code/exceptions.o
 .group         0x00000000        0xc ./Project_Settings/Startup_Code/exceptions.o
 .group         0x00000000        0xc ./Project_Settings/Startup_Code/exceptions.o
 .group         0x00000000        0xc ./Project_Settings/Startup_Code/exceptions.o
 .group         0x00000000        0xc ./Project_Settings/Startup_Code/exceptions.o
 .group         0x00000000        0xc ./Project_Settings/Startup_Code/exceptions.o
 .group         0x00000000        0xc ./Project_Settings/Startup_Code/exceptions.o
 .group         0x00000000        0xc ./Project_Settings/Startup_Code/nvic.o
 .group         0x00000000        0xc ./Project_Settings/Startup_Code/nvic.o
 .group         0x00000000        0xc ./Project_Settings/Startup_Code/nvic.o
 .group         0x00000000        0xc ./Project_Settings/Startup_Code/nvic.o
 .group         0x00000000        0xc ./Project_Settings/Startup_Code/nvic.o
 .group         0x00000000        0xc ./Project_Settings/Startup_Code/nvic.o
 .group         0x00000000        0xc ./Project_Settings/Startup_Code/nvic.o
 .group         0x00000000        0xc ./Project_Settings/Startup_Code/nvic.o
 .group         0x00000000        0xc ./Project_Settings/Startup_Code/nvic.o
 .group         0x00000000        0xc ./Project_Settings/Startup_Code/nvic.o
 .group         0x00000000        0xc ./Project_Settings/Startup_Code/nvic.o
 .group         0x00000000        0xc ./Project_Settings/Startup_Code/nvic.o
 .group         0x00000000        0xc ./Project_Settings/Startup_Code/nvic.o
 .group         0x00000000        0xc ./Project_Settings/Startup_Code/nvic.o
 .group         0x00000000        0xc ./Project_Settings/Startup_Code/nvic.o
 .group         0x00000000        0xc ./Project_Settings/Startup_Code/nvic.o
 .group         0x00000000        0xc ./Project_Settings/Startup_Code/nvic.o
 .group         0x00000000        0xc ./Project_Settings/Startup_Code/nvic.o
 .group         0x00000000        0xc ./Project_Settings/Startup_Code/nvic.o
 .group         0x00000000        0xc ./Project_Settings/Startup_Code/nvic.o
 .group         0x00000000        0xc ./Project_Settings/Startup_Code/nvic.o
 .group         0x00000000        0xc ./Project_Settings/Startup_Code/nvic.o
 .group         0x00000000        0xc ./Project_Settings/Startup_Code/nvic.o
 .group         0x00000000        0xc ./Project_Settings/Startup_Code/nvic.o
 .group         0x00000000        0xc ./Project_Settings/Startup_Code/nvic.o
 .group         0x00000000        0xc ./Project_Settings/Startup_Code/nvic.o
 .group         0x00000000        0xc ./Project_Settings/Startup_Code/nvic.o
 .group         0x00000000        0xc ./Project_Settings/Startup_Code/nvic.o
 .group         0x00000000        0xc ./Project_Settings/Startup_Code/nvic.o
 .group         0x00000000        0xc ./Project_Settings/Startup_Code/nvic.o
 .group         0x00000000        0xc ./Project_Settings/Startup_Code/nvic.o
[...]
Memory Configuration

Name             Origin             Length             Attributes
int_flash_interrupts 0x00000000         0x00000400
int_flash_config 0x00000400         0x00000010
int_flash        0x00000410         0x0007fbf0
int_sram_results 0x1fff8000         0x00000100
int_sram         0x1fff8100         0x0000df00
int_sram_stack_c0 0x20006000         0x00001000
ram_rsvd2        0x20007000         0x00000000
*default*        0x00000000         0xffffffff

Linker script and memory map

LOAD ./Project_Settings/Startup_Code/Vector_Table.o
LOAD ./Project_Settings/Startup_Code/exceptions.o
LOAD ./Project_Settings/Startup_Code/nvic.o
LOAD ./Project_Settings/Startup_Code/startup.o
LOAD ./Project_Settings/Startup_Code/startup_cm4.o
LOAD ./Project_Settings/Startup_Code/system.o
LOAD ./RTD/src/Clock_Ip.o
LOAD ./RTD/src/Clock_Ip_Data.o
LOAD ./RTD/src/Clock_Ip_Divider.o
LOAD ./RTD/src/Clock_Ip_DividerTrigger.o
LOAD ./RTD/src/Clock_Ip_ExtOsc.o
LOAD ./RTD/src/Clock_Ip_FracDiv.o
LOAD ./RTD/src/Clock_Ip_Frequency.o
LOAD ./RTD/src/Clock_Ip_Gate.o
LOAD ./RTD/src/Clock_Ip_IntOsc.o
LOAD ./RTD/src/Clock_Ip_Irq.o
LOAD ./RTD/src/Clock_Ip_Monitor.o
LOAD ./RTD/src/Clock_Ip_Pll.o
LOAD ./RTD/src/Clock_Ip_ProgFreqSwitch.o
LOAD ./RTD/src/Clock_Ip_Selector.o
LOAD ./RTD/src/Clock_Ip_Specific.o
LOAD ./RTD/src/Det.o
LOAD ./RTD/src/Det_stub.o
LOAD ./RTD/src/FlexCAN_Ip.o
LOAD ./RTD/src/FlexCAN_Ip_HwAccess.o
LOAD ./RTD/src/FlexCAN_Ip_Irq.o
LOAD ./RTD/src/Ftm_Pwm_Ip.o
LOAD ./RTD/src/Ftm_Pwm_Ip_Irq.o
LOAD ./RTD/src/IntCtrl_Ip.o
LOAD ./RTD/src/Lpuart_Uart_Ip.o
LOAD ./RTD/src/Lpuart_Uart_Ip_Irq.o
LOAD ./RTD/src/OsIf_Timer.o
LOAD ./RTD/src/OsIf_Timer_System.o
LOAD ./RTD/src/Port_Ci_Port_Ip.o
LOAD ./RTD/src/SchM_Can.o
LOAD ./RTD/src/SchM_Mcu.o
LOAD ./RTD/src/SchM_Port.o
LOAD ./RTD/src/SchM_Pwm.o
LOAD ./RTD/src/SchM_Uart.o
LOAD ./board/Clock_Ip_Cfg.o
LOAD ./board/Clock_Ip_PBcfg.o
LOAD ./board/Port_Ci_Port_Ip_Cfg.o
LOAD ./generate/src/FlexCAN_Ip_Sa_BOARD_InitPeripherals_PBcfg.o
LOAD ./generate/src/Ftm_Pwm_Ip_BOARD_InitPeripherals_PBcfg.o
LOAD ./generate/src/IntCtrl_Ip_Cfg.o
LOAD ./generate/src/Lpuart_Uart_Ip_Sa_BOARD_InitPeripherals_PBcfg.o
LOAD ./generate/src/OsIf_Cfg.o
LOAD ./src/flexcan_init.o
LOAD ./src/ftm_pwm_init.o
LOAD ./src/lpuart_init.o
LOAD ./src/main.o
LOAD C:/NXP/S32DS.3.4/S32DS/build_tools/gcc_v9.2/gcc-9.2-arm32-eabi/arm-none-eabi/newlib/lib/thumb/v7e-m+fp/hard\libc_nano.a
LOAD C:/NXP/S32DS.3.4/S32DS/build_tools/gcc_v9.2/gcc-9.2-arm32-eabi/arm-none-eabi/newlib/lib/thumb/v7e-m+fp/hard\libm.a
LOAD c:/nxp/s32ds.3.4/s32ds/build_tools/gcc_v9.2/gcc-9.2-arm32-eabi/bin/../lib/gcc/arm-none-eabi/9.2.0/thumb/v7e-m+fp/hard\libgcc.a
START GROUP
LOAD c:/nxp/s32ds.3.4/s32ds/build_tools/gcc_v9.2/gcc-9.2-arm32-eabi/bin/../lib/gcc/arm-none-eabi/9.2.0/thumb/v7e-m+fp/hard\libgcc.a
LOAD C:/NXP/S32DS.3.4/S32DS/build_tools/gcc_v9.2/gcc-9.2-arm32-eabi/arm-none-eabi/newlib/lib/thumb/v7e-m+fp/hard\libg_nano.a
LOAD C:/NXP/S32DS.3.4/S32DS/build_tools/gcc_v9.2/gcc-9.2-arm32-eabi/arm-none-eabi/newlib/lib/thumb/v7e-m+fp/hard\libc_nano.a
END GROUP
START GROUP
LOAD c:/nxp/s32ds.3.4/s32ds/build_tools/gcc_v9.2/gcc-9.2-arm32-eabi/bin/../lib/gcc/arm-none-eabi/9.2.0/thumb/v7e-m+fp/hard\libgcc.a
LOAD C:/NXP/S32DS.3.4/S32DS/build_tools/gcc_v9.2/gcc-9.2-arm32-eabi/arm-none-eabi/newlib/lib/thumb/v7e-m+fp/hard\libc_nano.a
LOAD C:/NXP/S32DS.3.4/S32DS/build_tools/gcc_v9.2/gcc-9.2-arm32-eabi/arm-none-eabi/newlib/lib/thumb/v7e-m+fp/hard\libnosys.a
END GROUP
START GROUP
LOAD c:/nxp/s32ds.3.4/s32ds/build_tools/gcc_v9.2/gcc-9.2-arm32-eabi/bin/../lib/gcc/arm-none-eabi/9.2.0/thumb/v7e-m+fp/hard\libgcc.a
LOAD C:/NXP/S32DS.3.4/S32DS/build_tools/gcc_v9.2/gcc-9.2-arm32-eabi/arm-none-eabi/newlib/lib/thumb/v7e-m+fp/hard\libc_nano.a
LOAD C:/NXP/S32DS.3.4/S32DS/build_tools/gcc_v9.2/gcc-9.2-arm32-eabi/arm-none-eabi/newlib/lib/thumb/v7e-m+fp/hard\libnosys.a
END GROUP
                0x00000200                HEAP_SIZE = DEFINED (__heap_size__)?__heap_size__:0x200

.flash_interrupts
                0x00000000      0x310
                0x00000000                . = ALIGN (0x1000)
                0x00000000                __interrupts_rom_start = .
 *(.intc_vector)
 .intc_vector   0x00000000      0x310 ./Project_Settings/Startup_Code/Vector_Table.o
                0x00000000                VTABLE
                0x00000310                . = ALIGN (0x4)
                0x00000310                __interrupts_rom_end = .

.flash_config   0x00000400       0x10
 *(.flash_config)
 .flash_config  0x00000400       0x10 ./Project_Settings/Startup_Code/startup_cm4.o

.flash          0x00000410     0x90e4
                0x00000410                . = ALIGN (0x4)
 *(.startup)
 .startup       0x00000410       0xb8 ./Project_Settings/Startup_Code/startup_cm4.o
                0x00000410                Reset_Handler
                0x00000410                _start
                0x00000494                MCAL_LTB_TRACE_OFF
                0x00000496                _end_of_eunit_test
                0x000004c8                . = ALIGN (0x4)
 *(.systeminit)
 .systeminit    0x000004c8        0x2 ./Project_Settings/Startup_Code/exceptions.o
                0x000004c8                NMI_Handler
 *fill*         0x000004ca        0x2 
 .systeminit    0x000004cc       0x88 ./Project_Settings/Startup_Code/system.o
                0x000004cc                SystemInit
                0x00000554                . = ALIGN (0x4)
 *(.text.startup)
 .text.startup  0x00000554       0x3c ./src/main.o
                0x00000554                main
                0x00000590                . = ALIGN (0x4)
 *(.text)
 .text          0x00000590        0x0 ./Project_Settings/Startup_Code/Vector_Table.o
 .text          0x00000590       0x12 ./Project_Settings/Startup_Code/exceptions.o
                0x00000590                HardFault_Handler
                0x00000592                MemManage_Handler
                0x00000594                BusFault_Handler
                0x00000596                UsageFault_Handler
                0x00000598                SVC_Handler
                0x0000059a                DebugMon_Handler
                0x0000059c                PendSV_Handler
                0x0000059e                SysTick_Handler
                0x000005a0                undefined_handler
 *fill*         0x000005a2        0x2 
 .text          0x000005a4       0x5c ./Project_Settings/Startup_Code/nvic.o
                0x000005a4                NVIC_SetPriorityGrouping
                0x000005b8                NVIC_EnableIRQ
                0x000005d0                NVIC_DisableIRQ
                0x000005ec                NVIC_SetPriority
 .text          0x00000600       0x54 ./Project_Settings/Startup_Code/startup.o
                0x00000600                init_data_bss
 .text          0x00000654        0x0 ./Project_Settings/Startup_Code/startup_cm4.o
 .text          0x00000654        0x8 ./Project_Settings/Startup_Code/system.o
                0x00000654                startup_go_to_user_mode
                0x00000656                default_interrupt_routine
                0x00000658                Sys_GetCoreID
 .text          0x0000065c        0x0 ./RTD/src/Clock_Ip.o
 .text          0x0000065c        0x0 ./RTD/src/Clock_Ip_Data.o
 .text          0x0000065c        0x0 ./RTD/src/Clock_Ip_Divider.o
 .text          0x0000065c        0x0 ./RTD/src/Clock_Ip_DividerTrigger.o
 .text          0x0000065c        0x0 ./RTD/src/Clock_Ip_ExtOsc.o
 .text          0x0000065c        0x0 ./RTD/src/Clock_Ip_FracDiv.o
 .text          0x0000065c        0x0 ./RTD/src/Clock_Ip_Frequency.o
 .text          0x0000065c        0x0 ./RTD/src/Clock_Ip_Gate.o
 .text          0x0000065c        0x0 ./RTD/src/Clock_Ip_IntOsc.o
 .text          0x0000065c        0x0 ./RTD/src/Clock_Ip_Irq.o
 .text          0x0000065c        0x0 ./RTD/src/Clock_Ip_Monitor.o
 .text          0x0000065c        0x0 ./RTD/src/Clock_Ip_Pll.o
 .text          0x0000065c        0x0 ./RTD/src/Clock_Ip_ProgFreqSwitch.o
 .text          0x0000065c        0x0 ./RTD/src/Clock_Ip_Selector.o
 .text          0x0000065c        0x0 ./RTD/src/Clock_Ip_Specific.o
 .text          0x0000065c        0x0 ./RTD/src/Det.o
 .text          0x0000065c        0x0 ./RTD/src/Det_stub.o
 .text          0x0000065c        0x0 ./RTD/src/FlexCAN_Ip.o
 .text          0x0000065c        0x0 ./RTD/src/FlexCAN_Ip_HwAccess.o
 .text          0x0000065c        0x0 ./RTD/src/FlexCAN_Ip_Irq.o
 .text          0x0000065c        0x0 ./RTD/src/Ftm_Pwm_Ip.o
 .text          0x0000065c        0x0 ./RTD/src/Ftm_Pwm_Ip_Irq.o
 .text          0x0000065c        0x0 ./RTD/src/IntCtrl_Ip.o
 .text          0x0000065c        0x0 ./RTD/src/Lpuart_Uart_Ip.o
 .text          0x0000065c        0x0 ./RTD/src/Lpuart_Uart_Ip_Irq.o
 .text          0x0000065c        0x0 ./RTD/src/OsIf_Timer.o
 .text          0x0000065c        0x0 ./RTD/src/OsIf_Timer_System.o
 .text          0x0000065c        0x0 ./RTD/src/Port_Ci_Port_Ip.o
 .text          0x0000065c        0x6 ./RTD/src/SchM_Can.o
                0x0000065c                Can_schm_read_msr
 .text          0x00000662        0x6 ./RTD/src/SchM_Mcu.o
                0x00000662                Mcu_schm_read_msr
 .text          0x00000668        0x6 ./RTD/src/SchM_Port.o
                0x00000668                Port_schm_read_msr
 .text          0x0000066e        0x6 ./RTD/src/SchM_Pwm.o
                0x0000066e                Pwm_schm_read_msr
 .text          0x00000674        0x6 ./RTD/src/SchM_Uart.o
                0x00000674                Uart_schm_read_msr
 .text          0x0000067a        0x0 ./board/Clock_Ip_Cfg.o
 .text          0x0000067a        0x0 ./board/Clock_Ip_PBcfg.o
 .text          0x0000067a        0x0 ./board/Port_Ci_Port_Ip_Cfg.o
 .text          0x0000067a        0x0 ./generate/src/FlexCAN_Ip_Sa_BOARD_InitPeripherals_PBcfg.o
 .text          0x0000067a        0x0 ./generate/src/Ftm_Pwm_Ip_BOARD_InitPeripherals_PBcfg.o
 .text          0x0000067a        0x0 ./generate/src/IntCtrl_Ip_Cfg.o
 .text          0x0000067a        0x0 ./generate/src/Lpuart_Uart_Ip_Sa_BOARD_InitPeripherals_PBcfg.o
 .text          0x0000067a        0x0 ./generate/src/OsIf_Cfg.o
 *fill*         0x0000067a        0x2 
 .text          0x0000067c       0x30 ./src/flexcan_init.o
                0x0000067c                FLEXCAN_INIT
                0x000006a8                FlexCan_Callback
 .text          0x000006ac       0x38 ./src/ftm_pwm_init.o
                0x000006ac                FTM_PWM_INIT
                0x000006dc                FTM_PWM_DEINIT
 .text          0x000006e4       0x7c ./src/lpuart_init.o
                0x000006e4                LPUART_INIT
                0x00000724                LPUART_DEINIT
                0x0000072a                U1_printf
 .text          0x00000760        0x0 ./src/main.o
 .text          0x00000760        0x0 C:/NXP/S32DS.3.4/S32DS/build_tools/gcc_v9.2/gcc-9.2-arm32-eabi/arm-none-eabi/newlib/lib/thumb/v7e-m+fp/hard\libc_nano.a(lib_a-memcpy-stub.o)
 .text          0x00000760        0x0 C:/NXP/S32DS.3.4/S32DS/build_tools/gcc_v9.2/gcc-9.2-arm32-eabi/arm-none-eabi/newlib/lib/thumb/v7e-m+fp/hard\libc_nano.a(lib_a-memset.o)
 .text          0x00000760       0x10 C:/NXP/S32DS.3.4/S32DS/build_tools/gcc_v9.2/gcc-9.2-arm32-eabi/arm-none-eabi/newlib/lib/thumb/v7e-m+fp/hard\libc_nano.a(lib_a-strlen.o)
                0x00000760                strlen
 *(.text*)
 .text.memcpy   0x00000770       0x1c C:/NXP/S32DS.3.4/S32DS/build_tools/gcc_v9.2/gcc-9.2-arm32-eabi/arm-none-eabi/newlib/lib/thumb/v7e-m+fp/hard\libc_nano.a(lib_a-memcpy-stub.o)
                0x00000770                memcpy
 .text.memset   0x0000078c       0x10 C:/NXP/S32DS.3.4/S32DS/build_tools/gcc_v9.2/gcc-9.2-arm32-eabi/arm-none-eabi/newlib/lib/thumb/v7e-m+fp/hard\libc_nano.a(lib_a-memset.o)
                0x0000078c                memset
                0x0000079c                . = ALIGN (0x4)
 *(.mcal_text)
 .mcal_text     0x0000079c      0x7f8 ./RTD/src/Clock_Ip.o
                0x0000079e                Clock_Ip_InitClock
                0x00000cf4                Clock_Ip_GetPllStatus
                0x00000d34                Clock_Ip_DistributePll
                0x00000e2c                Clock_Ip_Init
                0x00000e50                Clock_Ip_DisableClockMonitor
                0x00000e78                Clock_Ip_GetClockMonitorStatus
                0x00000ea0                Clock_Ip_ClearClockMonitorStatus
                0x00000ec8                Clock_Ip_PowerModeChangeNotification
                0x00000ef0                Clock_Ip_InstallNotificationsCallback
                0x00000efc                Clock_Ip_DisableModuleClock
                0x00000f24                Clock_Ip_EnableModuleClock
                0x00000f4c                ReportClockErrors
                0x00000f58                ClockStartTimeout
                0x00000f78                ClockTimeoutExpired
 .mcal_text     0x00000f94      0x1d0 ./RTD/src/Clock_Ip_Divider.o
 .mcal_text     0x00001164        0x2 ./RTD/src/Clock_Ip_DividerTrigger.o
 *fill*         0x00001166        0x2 
 .mcal_text     0x00001168      0x144 ./RTD/src/Clock_Ip_ExtOsc.o
 .mcal_text     0x000012ac        0x6 ./RTD/src/Clock_Ip_FracDiv.o
 *fill*         0x000012b2        0x2 
 .mcal_text     0x000012b4      0x164 ./RTD/src/Clock_Ip_Gate.o
 .mcal_text     0x00001418      0x3d8 ./RTD/src/Clock_Ip_IntOsc.o
 .mcal_text     0x000017f0        0xa ./RTD/src/Clock_Ip_Monitor.o
 *fill*         0x000017fa        0x2 
 .mcal_text     0x000017fc      0x118 ./RTD/src/Clock_Ip_Pll.o
 .mcal_text     0x00001914        0x2 ./RTD/src/Clock_Ip_ProgFreqSwitch.o
 *fill*         0x00001916        0x2 
 .mcal_text     0x00001918      0x2d4 ./RTD/src/Clock_Ip_Selector.o
 .mcal_text     0x00001bec      0x7f0 ./RTD/src/Clock_Ip_Specific.o
                0x00001bec                SpecificPeripheralClockInitialization
                0x00001bee                DisableSafeClock
                0x00001c54                SpecificPlatformInitClock
                0x00001d34                ClockInitializeObjects
                0x00002230                ClockPowerModeChangeNotification
 .mcal_text     0x000023dc       0x7c ./RTD/src/Det.o
                0x000023dc                Det_Init
                0x000023de                Det_ReportError
                0x00002404                Det_ReportRuntimeError
                0x0000242c                Det_ReportTransientFault
                0x00002454                Det_Start
 .mcal_text     0x00002458      0x198 ./RTD/src/Det_stub.o
                0x00002458                Det_TestLastReportError
                0x0000249c                Det_TestLastReportRuntimeError
                0x000024e0                Det_TestLastReportTransientFault
                0x00002524                Det_TestNoError
                0x00002568                Det_TestNoRuntimeError
                0x000025ac                Det_TestNoTransientFault
 .mcal_text     0x000025f0     0x1924 ./RTD/src/FlexCAN_Ip.o
                0x00002a60                FlexCAN_Ip_Init_Privileged
                0x00002bf4                FlexCAN_Ip_Send
                0x00002c5c                FlexCAN_Ip_ConfigRxMb
                0x00002ce4                FlexCAN_Ip_Receive
                0x00002d2c                FlexCAN_Ip_ReceiveBlocking
                0x00002e10                FlexCAN_Ip_RxFifo
                0x00002e18                FlexCAN_Ip_RxFifoBlocking
                0x00002eec                FlexCAN_Ip_ConfigRxFifo_Privileged
                0x00002f48                FlexCAN_Ip_ConfigRemoteResponseMb
                0x00002ff4                FlexCAN_Ip_GetTransferStatus
                0x00003028                FlexCAN_IRQHandler
                0x0000321c                FlexCAN_Ip_ClearErrorStatus
                0x00003230                FlexCAN_Ip_GetErrorStatus
                0x00003244                FlexCAN_Ip_GetControllerTxErrorCounter
                0x0000325c                FlexCAN_Ip_GetControllerRxErrorCounter
                0x00003274                FlexCAN_Error_IRQHandler
                0x000032f4                FlexCAN_BusOff_IRQHandler
                0x00003398                FlexCAN_Ip_SendBlocking
                0x00003488                FlexCAN_Ip_SetRxMbGlobalMask_Privileged
                0x000034d8                FlexCAN_Ip_EnterFreezeMode_Privileged
                0x000034e8                FlexCAN_Ip_ExitFreezeMode_Privileged
                0x000034f8                FlexCAN_Ip_SetRxIndividualMask_Privileged
                0x0000356c                FlexCAN_Ip_SetRxFifoGlobalMask_Privileged
                0x000035bc                FlexCAN_Ip_Deinit_Privileged
                0x0000362c                FlexCAN_Ip_MainFunctionRead
                0x0000368c                FlexCAN_Ip_MainFunctionBusOff_Privileged
                0x000036c4                FlexCAN_Ip_MainFunctionWrite
                0x00003708                FlexCAN_Ip_GetStopMode_Privileged
                0x0000371c                FlexCAN_Ip_GetStartMode_Privileged
                0x00003734                FlexCAN_Ip_SetStartMode_Privileged
                0x00003760                FlexCAN_Ip_SetStopMode_Privileged
                0x00003788                FlexCAN_Ip_SetRxMaskType_Privileged
                0x000037ec                FlexCAN_Ip_SetBitrate_Privileged
                0x00003860                FlexCAN_Ip_GetBitrate
                0x000038cc                FlexCAN_Ip_ClearTDCFail
                0x000038f8                FlexCAN_Ip_GetTDCFail
                0x00003914                FlexCAN_Ip_GetTDCValue
                0x00003930                FlexCAN_Ip_SetBitrateCbt_Privileged
                0x000039d4                FlexCAN_Ip_GetBitrateFD
                0x00003a20                FlexCAN_Ip_SetTDCOffset_Privileged
                0x00003aa4                FlexCAN_Ip_SetTxArbitrationStartDelay_Privileged
                0x00003b08                FlexCAN_Ip_GetBuffStatusFlag
                0x00003b28                FlexCAN_Ip_ClearBuffStatusFlag
                0x00003b3c                FlexCAN_Ip_EnableInterrupts_Privileged
                0x00003b74                FlexCAN_Ip_DisableInterrupts_Privileged
                0x00003ba8                FlexCAN_Ip_SetErrorInt_Privileged
                0x00003c34                FlexCAN_Ip_AbortTransfer
                0x00003d84                FlexCAN_Ip_SetRxMb14Mask_Privileged
                0x00003dd4                FlexCAN_Ip_SetRxMb15Mask_Privileged
                0x00003e24                FlexCAN_Ip_SetListenOnlyMode_Privileged
                0x00003e8c                FlexCAN_Ip_GetListenOnlyMode
                0x00003ea0                FlexCAN_Ip_ManualBusOffRecovery
 .mcal_text     0x00003f14      0x9e0 ./RTD/src/FlexCAN_Ip_HwAccess.o
                0x00003f14                FlexCAN_GetMaxMbNum
                0x00003f3c                FlexCAN_EnterFreezeMode
                0x00003f9c                FlexCAN_Enable
                0x00003fe6                FlexCAN_ExitFreezeMode
                0x00004038                FlexCAN_Disable
                0x00004088                FlexCAN_SetErrIntCmd
                0x000040f0                FlexCAN_EnableRxFifo
                0x0000413e                FlexCAN_IsFDAvailable
                0x0000414c                FlexCAN_Init
                0x00004200                FlexCAN_GetMsgBuffRegion
                0x00004246                FlexCAN_SetPayloadSize
                0x00004274                FlexCAN_GetMbPayloadSize
                0x0000428e                FlexCAN_LockRxMsgBuff
                0x00004298                FlexCAN_SetMsgBuffIntCmd
                0x000042ec                FLEXCAN_ClearMsgBuffIntCmd
                0x00004328                FlexCAN_DisableInterrupts
                0x0000432e                FlexCAN_EnableInterrupts
                0x0000433c                FlexCAN_SetRxMsgBuff
                0x000043c0                FlexCAN_GetMsgBuffTimestamp
                0x000043cc                FlexCAN_GetMsgBuff
                0x00004464                FlexCAN_SetTxMsgBuff
                0x00004578                FlexCAN_SetMaxMsgBuffNum
                0x00004604                FlexCAN_SetOperationMode
                0x00004642                FlexCAN_SetRxFifoFilter
                0x000047ec                FlexCAN_ReadRxFifo
                0x00004854                FlexCAN_IsMbOutOfRange
                0x00004876                FlexCAN_ConfigCtrlOptions
 .mcal_text     0x000048f4       0xae ./RTD/src/FlexCAN_Ip_Irq.o
                0x000048f4                CAN0_ORED_IRQHandler
                0x00004902                CAN0_Error_IRQHandler
                0x00004910                CAN0_ORED_0_15_MB_IRQHandler
                0x00004922                CAN0_ORED_16_31_MB_IRQHandler
                0x00004934                CAN1_ORED_IRQHandler
                0x00004942                CAN1_Error_IRQHandler
                0x00004950                CAN1_ORED_0_15_MB_IRQHandler
                0x00004962                CAN1_ORED_16_31_MB_IRQHandler
                0x00004974                CAN2_ORED_IRQHandler
                0x00004982                CAN2_Error_IRQHandler
                0x00004990                CAN2_ORED_0_15_MB_IRQHandler
 *fill*         0x000049a2        0x2 
 .mcal_text     0x000049a4     0x1254 ./RTD/src/Ftm_Pwm_Ip.o
                0x00004b38                Ftm_Pwm_Ip_SwOutputControl
                0x00004bd0                Ftm_Pwm_Ip_DeInit
                0x00004cb8                Ftm_Pwm_Ip_UpdatePwmChannel
                0x00004d34                Ftm_Pwm_Ip_UpdatePwmDutyCycleChannel
                0x00004de8                Ftm_Pwm_Ip_Init
                0x0000560c                Ftm_Pwm_Ip_UpdatePwmPeriod
                0x00005648                Ftm_Pwm_Ip_UpdatePwmPeriodAndDuty
                0x000056c4                Ftm_Pwm_Ip_GetOutputState
                0x000056e8                Ftm_Pwm_Ip_DisableNotification
                0x00005758                Ftm_Pwm_Ip_EnableNotification
                0x00005918                Ftm_Pwm_Ip_SetPowerState
                0x0000594c                Ftm_Pwm_Ip_SetClockMode
                0x0000597c                Ftm_Pwm_Ip_ResetCounter
                0x000059a0                Ftm_Pwm_Ip_GetChannelState
                0x000059b0                Ftm_Pwm_Ip_FastUpdatePwmDuty
                0x000059fc                Ftm_Pwm_Ip_MaskOutputChannels
                0x00005a28                Ftm_Pwm_Ip_UnMaskOutputChannels
                0x00005a58                Ftm_Pwm_Ip_SetPhaseShift
                0x00005af4                Ftm_Pwm_Ip_SetDutyPhaseShift
                0x00005b44                Ftm_Pwm_Ip_DisableTrigger
                0x00005b68                Ftm_Pwm_Ip_EnableTrigger
                0x00005b88                Ftm_Pwm_Ip_SyncUpdate
                0x00005ba8                Ftm_Pwm_Ip_SetChannelDeadTime
 .mcal_text     0x00005bf8      0x1f8 ./RTD/src/IntCtrl_Ip.o
                0x00005cb0                IntCtrl_Ip_Init
                0x00005cf8                IntCtrl_Ip_ConfigIrqRouting
                0x00005d2c                IntCtrl_Ip_InstallHandler
                0x00005d2e                IntCtrl_Ip_EnableIrq
                0x00005d30                IntCtrl_Ip_DisableIrq
                0x00005d32                IntCtrl_Ip_SetPriority
                0x00005d34                IntCtrl_Ip_GetPriority
                0x00005d50                IntCtrl_Ip_ClearPending
                0x00005d78                IntCtrl_Ip_SetPending
                0x00005da0                IntCtrl_Ip_GetPending
                0x00005dc8                IntCtrl_Ip_GetActive
 .mcal_text     0x00005df0      0xb38 ./RTD/src/Lpuart_Uart_Ip.o
                0x00006044                Lpuart_Uart_Ip_Init
                0x00006138                Lpuart_Uart_Ip_Deinit
                0x000061b4                Lpuart_Uart_Ip_SyncSend
                0x00006284                Lpuart_Uart_Ip_AsyncSend
                0x000062fc                Lpuart_Uart_Ip_GetTransmitStatus
                0x00006330                Lpuart_Uart_Ip_AbortSendingData
                0x00006370                Lpuart_Uart_Ip_SyncReceive
                0x000064d4                Lpuart_Uart_Ip_AsyncReceive
                0x00006584                Lpuart_Uart_Ip_GetReceiveStatus
                0x000065b8                Lpuart_Uart_Ip_AbortReceivingData
                0x00006608                Lpuart_Uart_Ip_SetBaudRate
                0x000066d8                Lpuart_Uart_Ip_GetBaudRate
                0x000066e8                Lpuart_Uart_Ip_SetTxBuffer
                0x000066fc                Lpuart_Uart_Ip_SetRxBuffer
                0x00006710                Lpuart_Uart_Ip_IrqHandler
 .mcal_text     0x00006928        0xe ./RTD/src/Lpuart_Uart_Ip_Irq.o
                0x00006928                LPUART_UART_IP_1_IRQHandler
 .mcal_text     0x00006936       0x1c ./RTD/src/OsIf_Timer.o
                0x00006936                OsIf_Init
                0x0000693c                OsIf_GetCounter
                0x00006940                OsIf_GetElapsed
                0x00006948                OsIf_SetTimerFrequency
                0x0000694a                OsIf_MicrosToTicks
 .mcal_text     0x00006952      0x1fa ./RTD/src/Port_Ci_Port_Ip.o
                0x00006952                Port_Ci_Port_Ip_ReadPCR
                0x00006958                Port_Ci_Port_Ip_SetPCR
                0x0000695e                Port_Ci_Port_Ip_SetPSOR
                0x00006962                Port_Ci_Port_Ip_SetPCOR
                0x00006966                Port_Ci_Port_Ip_SetPDDR
                0x0000697e                Port_Ci_Port_Ip_ClearPDDR
                0x00006998                Port_Ci_Port_Ip_SetPIDR
                0x000069b0                Port_Ci_Port_Ip_SetDFER
                0x000069cc                Port_Ci_Port_Ip_Init
                0x00006aa4                Port_Ci_Port_Ip_SetMuxModeSel
                0x00006acc                Port_Ci_Port_Ip_EnableDigitalFilter
                0x00006aee                Port_Ci_Port_Ip_DisableDigitalFilter
                0x00006b12                Port_Ci_Port_Ip_ConfigDigitalFilter
                0x00006b28                Port_Ci_Port_Ip_SetGlobalPinControl
 .mcal_text     0x00006b4c      0x5e8 ./RTD/src/SchM_Can.o
                0x00006b4c                SchM_Enter_Can_CAN_EXCLUSIVE_AREA_00
                0x00006b74                SchM_Exit_Can_CAN_EXCLUSIVE_AREA_00
                0x00006b94                SchM_Enter_Can_CAN_EXCLUSIVE_AREA_01
                0x00006bbc                SchM_Exit_Can_CAN_EXCLUSIVE_AREA_01
                0x00006bdc                SchM_Enter_Can_CAN_EXCLUSIVE_AREA_02
                0x00006c04                SchM_Exit_Can_CAN_EXCLUSIVE_AREA_02
                0x00006c24                SchM_Enter_Can_CAN_EXCLUSIVE_AREA_03
                0x00006c4c                SchM_Exit_Can_CAN_EXCLUSIVE_AREA_03
                0x00006c6c                SchM_Enter_Can_CAN_EXCLUSIVE_AREA_04
                0x00006c94                SchM_Exit_Can_CAN_EXCLUSIVE_AREA_04
                0x00006cb4                SchM_Enter_Can_CAN_EXCLUSIVE_AREA_05
                0x00006cdc                SchM_Exit_Can_CAN_EXCLUSIVE_AREA_05
                0x00006cfc                SchM_Enter_Can_CAN_EXCLUSIVE_AREA_06
                0x00006d24                SchM_Exit_Can_CAN_EXCLUSIVE_AREA_06
                0x00006d44                SchM_Enter_Can_CAN_EXCLUSIVE_AREA_07
                0x00006d6c                SchM_Exit_Can_CAN_EXCLUSIVE_AREA_07
                0x00006d8c                SchM_Enter_Can_CAN_EXCLUSIVE_AREA_08
                0x00006db4                SchM_Exit_Can_CAN_EXCLUSIVE_AREA_08
                0x00006dd4                SchM_Enter_Can_CAN_EXCLUSIVE_AREA_09
                0x00006dfc                SchM_Exit_Can_CAN_EXCLUSIVE_AREA_09
                0x00006e1c                SchM_Enter_Can_CAN_EXCLUSIVE_AREA_10
                0x00006e44                SchM_Exit_Can_CAN_EXCLUSIVE_AREA_10
                0x00006e64                SchM_Enter_Can_CAN_EXCLUSIVE_AREA_11
                0x00006e8c                SchM_Exit_Can_CAN_EXCLUSIVE_AREA_11
                0x00006eac                SchM_Enter_Can_CAN_EXCLUSIVE_AREA_12
                0x00006ed4                SchM_Exit_Can_CAN_EXCLUSIVE_AREA_12
                0x00006ef4                SchM_Enter_Can_CAN_EXCLUSIVE_AREA_13
                0x00006f1c                SchM_Exit_Can_CAN_EXCLUSIVE_AREA_13
                0x00006f3c                SchM_Enter_Can_CAN_EXCLUSIVE_AREA_14
                0x00006f64                SchM_Exit_Can_CAN_EXCLUSIVE_AREA_14
                0x00006f84                SchM_Enter_Can_CAN_EXCLUSIVE_AREA_15
                0x00006fac                SchM_Exit_Can_CAN_EXCLUSIVE_AREA_15
                0x00006fcc                SchM_Enter_Can_CAN_EXCLUSIVE_AREA_16
                0x00006ff4                SchM_Exit_Can_CAN_EXCLUSIVE_AREA_16
                0x00007014                SchM_Enter_Can_CAN_EXCLUSIVE_AREA_17
                0x0000703c                SchM_Exit_Can_CAN_EXCLUSIVE_AREA_17
                0x0000705c                SchM_Enter_Can_CAN_EXCLUSIVE_AREA_18
                0x00007084                SchM_Exit_Can_CAN_EXCLUSIVE_AREA_18
                0x000070a4                SchM_Enter_Can_CAN_EXCLUSIVE_AREA_19
                0x000070cc                SchM_Exit_Can_CAN_EXCLUSIVE_AREA_19
                0x000070ec                SchM_Enter_Can_CAN_EXCLUSIVE_AREA_20
                0x00007114                SchM_Exit_Can_CAN_EXCLUSIVE_AREA_20
 .mcal_text     0x00007134       0xd8 ./RTD/src/SchM_Mcu.o
                0x00007134                SchM_Enter_Mcu_MCU_EXCLUSIVE_AREA_00
                0x0000715c                SchM_Exit_Mcu_MCU_EXCLUSIVE_AREA_00
                0x0000717c                SchM_Enter_Mcu_MCU_EXCLUSIVE_AREA_01
                0x000071a4                SchM_Exit_Mcu_MCU_EXCLUSIVE_AREA_01
                0x000071c4                SchM_Enter_Mcu_MCU_EXCLUSIVE_AREA_02
                0x000071ec                SchM_Exit_Mcu_MCU_EXCLUSIVE_AREA_02
 .mcal_text     0x0000720c      0x288 ./RTD/src/SchM_Port.o
                0x0000720c                SchM_Enter_Port_PORT_EXCLUSIVE_AREA_00
                0x00007234                SchM_Exit_Port_PORT_EXCLUSIVE_AREA_00
                0x00007254                SchM_Enter_Port_PORT_EXCLUSIVE_AREA_01
                0x0000727c                SchM_Exit_Port_PORT_EXCLUSIVE_AREA_01
                0x0000729c                SchM_Enter_Port_PORT_EXCLUSIVE_AREA_02
                0x000072c4                SchM_Exit_Port_PORT_EXCLUSIVE_AREA_02
                0x000072e4                SchM_Enter_Port_PORT_EXCLUSIVE_AREA_03
                0x0000730c                SchM_Exit_Port_PORT_EXCLUSIVE_AREA_03
                0x0000732c                SchM_Enter_Port_PORT_EXCLUSIVE_AREA_04
                0x00007354                SchM_Exit_Port_PORT_EXCLUSIVE_AREA_04
                0x00007374                SchM_Enter_Port_PORT_EXCLUSIVE_AREA_05
                0x0000739c                SchM_Exit_Port_PORT_EXCLUSIVE_AREA_05
                0x000073bc                SchM_Enter_Port_PORT_EXCLUSIVE_AREA_06
                0x000073e4                SchM_Exit_Port_PORT_EXCLUSIVE_AREA_06
                0x00007404                SchM_Enter_Port_PORT_EXCLUSIVE_AREA_07
                0x0000742c                SchM_Exit_Port_PORT_EXCLUSIVE_AREA_07
                0x0000744c                SchM_Enter_Port_PORT_EXCLUSIVE_AREA_08
                0x00007474                SchM_Exit_Port_PORT_EXCLUSIVE_AREA_08
 .mcal_text     0x00007494      0x9d8 ./RTD/src/SchM_Pwm.o
                0x00007494                SchM_Enter_Pwm_PWM_EXCLUSIVE_AREA_00
                0x000074bc                SchM_Exit_Pwm_PWM_EXCLUSIVE_AREA_00
                0x000074dc                SchM_Enter_Pwm_PWM_EXCLUSIVE_AREA_01
                0x00007504                SchM_Exit_Pwm_PWM_EXCLUSIVE_AREA_01
                0x00007524                SchM_Enter_Pwm_PWM_EXCLUSIVE_AREA_02
                0x0000754c                SchM_Exit_Pwm_PWM_EXCLUSIVE_AREA_02
                0x0000756c                SchM_Enter_Pwm_PWM_EXCLUSIVE_AREA_03
                0x00007594                SchM_Exit_Pwm_PWM_EXCLUSIVE_AREA_03
                0x000075b4                SchM_Enter_Pwm_PWM_EXCLUSIVE_AREA_04
                0x000075dc                SchM_Exit_Pwm_PWM_EXCLUSIVE_AREA_04
                0x000075fc                SchM_Enter_Pwm_PWM_EXCLUSIVE_AREA_05
                0x00007624                SchM_Exit_Pwm_PWM_EXCLUSIVE_AREA_05
                0x00007644                SchM_Enter_Pwm_PWM_EXCLUSIVE_AREA_06
                0x0000766c                SchM_Exit_Pwm_PWM_EXCLUSIVE_AREA_06
                0x0000768c                SchM_Enter_Pwm_PWM_EXCLUSIVE_AREA_07
                0x000076b4                SchM_Exit_Pwm_PWM_EXCLUSIVE_AREA_07
                0x000076d4                SchM_Enter_Pwm_PWM_EXCLUSIVE_AREA_08
                0x000076fc                SchM_Exit_Pwm_PWM_EXCLUSIVE_AREA_08
                0x0000771c                SchM_Enter_Pwm_PWM_EXCLUSIVE_AREA_09
                0x00007744                SchM_Exit_Pwm_PWM_EXCLUSIVE_AREA_09
                0x00007764                SchM_Enter_Pwm_PWM_EXCLUSIVE_AREA_10
                0x0000778c                SchM_Exit_Pwm_PWM_EXCLUSIVE_AREA_10
                0x000077ac                SchM_Enter_Pwm_PWM_EXCLUSIVE_AREA_11
                0x000077d4                SchM_Exit_Pwm_PWM_EXCLUSIVE_AREA_11
                0x000077f4                SchM_Enter_Pwm_PWM_EXCLUSIVE_AREA_12
                0x0000781c                SchM_Exit_Pwm_PWM_EXCLUSIVE_AREA_12
                0x0000783c                SchM_Enter_Pwm_PWM_EXCLUSIVE_AREA_13
                0x00007864                SchM_Exit_Pwm_PWM_EXCLUSIVE_AREA_13
                0x00007884                SchM_Enter_Pwm_PWM_EXCLUSIVE_AREA_14
                0x000078ac                SchM_Exit_Pwm_PWM_EXCLUSIVE_AREA_14
                0x000078cc                SchM_Enter_Pwm_PWM_EXCLUSIVE_AREA_15
                0x000078f4                SchM_Exit_Pwm_PWM_EXCLUSIVE_AREA_15
                0x00007914                SchM_Enter_Pwm_PWM_EXCLUSIVE_AREA_16
                0x0000793c                SchM_Exit_Pwm_PWM_EXCLUSIVE_AREA_16
                0x0000795c                SchM_Enter_Pwm_PWM_EXCLUSIVE_AREA_17
                0x00007984                SchM_Exit_Pwm_PWM_EXCLUSIVE_AREA_17
                0x000079a4                SchM_Enter_Pwm_PWM_EXCLUSIVE_AREA_18
                0x000079cc                SchM_Exit_Pwm_PWM_EXCLUSIVE_AREA_18
                0x000079ec                SchM_Enter_Pwm_PWM_EXCLUSIVE_AREA_19
                0x00007a14                SchM_Exit_Pwm_PWM_EXCLUSIVE_AREA_19
                0x00007a34                SchM_Enter_Pwm_PWM_EXCLUSIVE_AREA_20
                0x00007a5c                SchM_Exit_Pwm_PWM_EXCLUSIVE_AREA_20
                0x00007a7c                SchM_Enter_Pwm_PWM_EXCLUSIVE_AREA_21
                0x00007aa4                SchM_Exit_Pwm_PWM_EXCLUSIVE_AREA_21
                0x00007ac4                SchM_Enter_Pwm_PWM_EXCLUSIVE_AREA_22
                0x00007aec                SchM_Exit_Pwm_PWM_EXCLUSIVE_AREA_22
                0x00007b0c                SchM_Enter_Pwm_PWM_EXCLUSIVE_AREA_23
                0x00007b34                SchM_Exit_Pwm_PWM_EXCLUSIVE_AREA_23
                0x00007b54                SchM_Enter_Pwm_PWM_EXCLUSIVE_AREA_24
                0x00007b7c                SchM_Exit_Pwm_PWM_EXCLUSIVE_AREA_24
                0x00007b9c                SchM_Enter_Pwm_PWM_EXCLUSIVE_AREA_25
                0x00007bc4                SchM_Exit_Pwm_PWM_EXCLUSIVE_AREA_25
                0x00007be4                SchM_Enter_Pwm_PWM_EXCLUSIVE_AREA_26
                0x00007c0c                SchM_Exit_Pwm_PWM_EXCLUSIVE_AREA_26
                0x00007c2c                SchM_Enter_Pwm_PWM_EXCLUSIVE_AREA_27
                0x00007c54                SchM_Exit_Pwm_PWM_EXCLUSIVE_AREA_27
                0x00007c74                SchM_Enter_Pwm_PWM_EXCLUSIVE_AREA_28
                0x00007c9c                SchM_Exit_Pwm_PWM_EXCLUSIVE_AREA_28
                0x00007cbc                SchM_Enter_Pwm_PWM_EXCLUSIVE_AREA_29
                0x00007ce4                SchM_Exit_Pwm_PWM_EXCLUSIVE_AREA_29
                0x00007d04                SchM_Enter_Pwm_PWM_EXCLUSIVE_AREA_30
                0x00007d2c                SchM_Exit_Pwm_PWM_EXCLUSIVE_AREA_30
                0x00007d4c                SchM_Enter_Pwm_PWM_EXCLUSIVE_AREA_31
                0x00007d74                SchM_Exit_Pwm_PWM_EXCLUSIVE_AREA_31
                0x00007d94                SchM_Enter_Pwm_PWM_EXCLUSIVE_AREA_32
                0x00007dbc                SchM_Exit_Pwm_PWM_EXCLUSIVE_AREA_32
                0x00007ddc                SchM_Enter_Pwm_PWM_EXCLUSIVE_AREA_33
                0x00007e04                SchM_Exit_Pwm_PWM_EXCLUSIVE_AREA_33
                0x00007e24                SchM_Enter_Pwm_PWM_EXCLUSIVE_AREA_34
                0x00007e4c                SchM_Exit_Pwm_PWM_EXCLUSIVE_AREA_34
 .mcal_text     0x00007e6c      0x288 ./RTD/src/SchM_Uart.o
                0x00007e6c                SchM_Enter_Uart_UART_EXCLUSIVE_AREA_00
                0x00007e94                SchM_Exit_Uart_UART_EXCLUSIVE_AREA_00
                0x00007eb4                SchM_Enter_Uart_UART_EXCLUSIVE_AREA_01
                0x00007edc                SchM_Exit_Uart_UART_EXCLUSIVE_AREA_01
                0x00007efc                SchM_Enter_Uart_UART_EXCLUSIVE_AREA_02
                0x00007f24                SchM_Exit_Uart_UART_EXCLUSIVE_AREA_02
                0x00007f44                SchM_Enter_Uart_UART_EXCLUSIVE_AREA_03
                0x00007f6c                SchM_Exit_Uart_UART_EXCLUSIVE_AREA_03
                0x00007f8c                SchM_Enter_Uart_UART_EXCLUSIVE_AREA_04
                0x00007fb4                SchM_Exit_Uart_UART_EXCLUSIVE_AREA_04
                0x00007fd4                SchM_Enter_Uart_UART_EXCLUSIVE_AREA_05
                0x00007ffc                SchM_Exit_Uart_UART_EXCLUSIVE_AREA_05
                0x0000801c                SchM_Enter_Uart_UART_EXCLUSIVE_AREA_06
                0x00008044                SchM_Exit_Uart_UART_EXCLUSIVE_AREA_06
                0x00008064                SchM_Enter_Uart_UART_EXCLUSIVE_AREA_07
                0x0000808c                SchM_Exit_Uart_UART_EXCLUSIVE_AREA_07
                0x000080ac                SchM_Enter_Uart_UART_EXCLUSIVE_AREA_08
                0x000080d4                SchM_Exit_Uart_UART_EXCLUSIVE_AREA_08
 .mcal_text     0x000080f4        0x2 ./src/lpuart_init.o
                0x000080f4                Lpuart1_Callback
                0x000080f8                . = ALIGN (0x4)
 *fill*         0x000080f6        0x2 
                0x000080f8                acfls_code_rom_start = .
                0x000080f8                . = ALIGN (0x4)
 *(.acfls_code_rom)
                0x000080f8                acfls_code_rom_end = .
 *(.init)
                0x000080f8                . = ALIGN (0x4)
 *(.fini)
                0x000080f8                . = ALIGN (0x4)
 *(.rodata)
 .rodata        0x000080f8       0x1c ./RTD/src/Clock_Ip_Specific.o
 .rodata        0x00008114       0x48 ./RTD/src/FlexCAN_Ip_HwAccess.o
 .rodata        0x0000815c       0x30 ./RTD/src/Lpuart_Uart_Ip.o
 *(.rodata*)
 .rodata.str1.1
                0x0000818c       0x14 ./src/main.o
                0x000081a0                . = ALIGN (0x4)
 *(.mcal_const_cfg)
 .mcal_const_cfg
                0x000081a0      0x3dc ./board/Clock_Ip_PBcfg.o
                0x000081a0                Mcu_aClockConfigPB
 .mcal_const_cfg
                0x0000857c       0x50 ./generate/src/FlexCAN_Ip_Sa_BOARD_InitPeripherals_PBcfg.o
                0x0000857c                FlexCAN_Config0
 .mcal_const_cfg
                0x000085cc       0xac ./generate/src/Ftm_Pwm_Ip_BOARD_InitPeripherals_PBcfg.o
                0x000085cc                Ftm_Pwm_Ip_BOARD_InitPeripherals_UserCfg0
                0x000085e0                Ftm_Pwm_Ip_BOARD_InitPeripherals_I0_ChArray
                0x000085e4                Ftm_Pwm_Ip_BOARD_InitPeripherals_I0_Ch0
                0x0000860c                Ftm_Pwm_Ip_BOARD_InitPeripherals_InstCfg0
                0x00008658                Ftm_Pwm_Ip_BOARD_InitPeripherals_SyncCfg0
 .mcal_const_cfg
                0x00008678      0x704 ./generate/src/IntCtrl_Ip_Cfg.o
                0x00008678                intRouteConfig
                0x00008aac                IntCtrlConfig_0
 .mcal_const_cfg
                0x00008d7c       0x28 ./generate/src/Lpuart_Uart_Ip_Sa_BOARD_InitPeripherals_PBcfg.o
                0x00008d7c                Lpuart_Uart_Ip_xHwConfigPB_1_BOARD_INITPERIPHERALS
                0x00008da4                . = ALIGN (0x4)
 *(.mcal_const)
 .mcal_const    0x00008da4      0x571 ./RTD/src/Clock_Ip_Data.o
                0x00008da4                HwPllName
                0x00008da8                sourceType_clockName
                0x00008e68                scgPeriphAsyncDivs
                0x00008e78                dividerValue_hardwareValue
                0x00008eb9                selectorEntryPCS_hardwareValue
                0x00008ee9                selectorEntrySCS_hardwareValue
                0x00008f19                selectorEntry_hardwareValue
                0x00008f70                clockFeatures
                0x0000927f                cmuCallbackIndex
                0x0000928e                pcfsCallbackIndex
                0x0000929d                selectorCallbackIndex
                0x000092ac                pllCallbackIndex
                0x000092bb                fractional_dividerCallbackIndex
                0x000092ca                gateCallbackIndex
                0x000092d9                ircoscCallbackIndex
                0x000092e8                xoscCallbackIndex
                0x000092f7                dividertriggerCallbackIndex
                0x00009306                dividerCallbackIndex
 *fill*         0x00009315        0x3 
 .mcal_const    0x00009318       0x3c ./RTD/src/Clock_Ip_Divider.o
                0x00009318                dividerCallbacks
 .mcal_const    0x00009354        0x8 ./RTD/src/Clock_Ip_DividerTrigger.o
                0x00009354                dividerTriggerCallbacks
 .mcal_const    0x0000935c       0x28 ./RTD/src/Clock_Ip_ExtOsc.o
                0x0000935c                extOscCallbacks
 .mcal_const    0x00009384        0xc ./RTD/src/Clock_Ip_FracDiv.o
                0x00009384                fracDivCallbacks
 .mcal_const    0x00009390       0x38 ./RTD/src/Clock_Ip_Gate.o
                0x00009390                gateCallbacks
 .mcal_const    0x000093c8       0x3c ./RTD/src/Clock_Ip_IntOsc.o
                0x000093c8                intOscCallbacks
 .mcal_const    0x00009404       0x18 ./RTD/src/Clock_Ip_Monitor.o
                0x00009404                cmuCallbacks
 .mcal_const    0x0000941c       0x28 ./RTD/src/Clock_Ip_Pll.o
                0x0000941c                pllCallbacks
 .mcal_const    0x00009444        0x4 ./RTD/src/Clock_Ip_ProgFreqSwitch.o
                0x00009444                pcfsCallbacks
 .mcal_const    0x00009448       0x58 ./RTD/src/Clock_Ip_Selector.o
                0x00009448                selectorCallbacks
 .mcal_const    0x000094a0        0xc ./RTD/src/FlexCAN_Ip.o
 .mcal_const    0x000094ac       0x14 ./RTD/src/Ftm_Pwm_Ip.o
                0x000094ac                Ftm_Pwm_Ip_aFtmBase
                0x000094bc                Ftm_Pwm_Ip_aSimBase
 .mcal_const    0x000094c0        0xc ./RTD/src/Lpuart_Uart_Ip.o
                0x000094cc                . = ALIGN (0x4)
 *(.mcal_const_no_cacheable)
                0x000094cc                . = ALIGN (0x4)
                0x000094cc                __init_table = .
 *(.init_table)
 .init_table    0x000094cc       0x1c ./Project_Settings/Startup_Code/startup_cm4.o
                0x000094e8                . = ALIGN (0x4)
                0x000094e8                __zero_table = .
 *(.zero_table)
 .zero_table    0x000094e8        0xc ./Project_Settings/Startup_Code/startup_cm4.o
                0x000094f4                . = ALIGN (0x4)
 *(.acmcu_code_rom)
                0x000094f4                . = ALIGN (0x4)
                0x000094f4                _etext = .
                0x000094f4                __DATA_ROM = .

.glue_7         0x000094f4        0x0
 .glue_7        0x000094f4        0x0 linker stubs

.glue_7t        0x000094f4        0x0
 .glue_7t       0x000094f4        0x0 linker stubs

.vfp11_veneer   0x000094f4        0x0
 .vfp11_veneer  0x000094f4        0x0 linker stubs

.v4_bx          0x000094f4        0x0
 .v4_bx         0x000094f4        0x0 linker stubs

.iplt           0x000094f4        0x0
 .iplt          0x000094f4        0x0 ./Project_Settings/Startup_Code/Vector_Table.o

.igot.plt       0x000094f4        0x0
 .igot.plt      0x000094f4        0x0 ./Project_Settings/Startup_Code/Vector_Table.o

.rel.dyn        0x000094f4        0x0
 .rel.iplt      0x000094f4        0x0 ./Project_Settings/Startup_Code/Vector_Table.o
                0x000094f4                . = ALIGN (0x4)
                [!provide]                PROVIDE (__exidx_start = .)

.ARM.exidx
 *(.ARM.exidx* .gnu.linkonce.armexidx.*)
                0x000094f4                . = ALIGN (0x4)
                [!provide]                PROVIDE (__exidx_end = .)

.ARM.extab      0x1fff8100        0x0
 *(.ARM.extab*)
                0x1fff8100                . = ALIGN (0x4)

.sram_interrupts
                0x1fff8100     0x1210
                0x1fff9000                . = ALIGN (0x1000)
 *fill*         0x1fff8100      0xf00 
                0x1fff9000                __interrupts_ram_start = .
                0x1fff9310                . = (. + (__interrupts_rom_end - __interrupts_rom_start))
 *fill*         0x1fff9000      0x310 
                0x1fff9310                . = ALIGN (0x4)
                0x1fff9310                __interrupts_ram_end = .

.sram_data      0x1fff9310       0xf4 load address 0x000094f4
                0x1fff9310                . = ALIGN (0x4)
                0x1fff9310                __data_ram_start = .
 *(.ramcode)
                0x1fff9310                . = ALIGN (0x4)
 *(.data)
 .data          0x1fff9310        0x0 ./Project_Settings/Startup_Code/Vector_Table.o
 .data          0x1fff9310        0x0 ./Project_Settings/Startup_Code/exceptions.o
 .data          0x1fff9310        0x0 ./Project_Settings/Startup_Code/nvic.o
 .data          0x1fff9310        0x0 ./Project_Settings/Startup_Code/startup.o
 .data          0x1fff9310        0x0 ./Project_Settings/Startup_Code/startup_cm4.o
 .data          0x1fff9310        0x0 ./Project_Settings/Startup_Code/system.o
 .data          0x1fff9310        0x0 ./RTD/src/Clock_Ip.o
 .data          0x1fff9310        0x0 ./RTD/src/Clock_Ip_Data.o
 .data          0x1fff9310        0x0 ./RTD/src/Clock_Ip_Divider.o
 .data          0x1fff9310        0x0 ./RTD/src/Clock_Ip_DividerTrigger.o
 .data          0x1fff9310        0x0 ./RTD/src/Clock_Ip_ExtOsc.o
 .data          0x1fff9310        0x0 ./RTD/src/Clock_Ip_FracDiv.o
 .data          0x1fff9310        0x0 ./RTD/src/Clock_Ip_Frequency.o
 .data          0x1fff9310        0x0 ./RTD/src/Clock_Ip_Gate.o
 .data          0x1fff9310        0x0 ./RTD/src/Clock_Ip_IntOsc.o
 .data          0x1fff9310        0x0 ./RTD/src/Clock_Ip_Irq.o
 .data          0x1fff9310        0x0 ./RTD/src/Clock_Ip_Monitor.o
 .data          0x1fff9310        0x0 ./RTD/src/Clock_Ip_Pll.o
 .data          0x1fff9310        0x0 ./RTD/src/Clock_Ip_ProgFreqSwitch.o
 .data          0x1fff9310        0x0 ./RTD/src/Clock_Ip_Selector.o
 .data          0x1fff9310        0x0 ./RTD/src/Clock_Ip_Specific.o
 .data          0x1fff9310        0x0 ./RTD/src/Det.o
 .data          0x1fff9310        0x0 ./RTD/src/Det_stub.o
 .data          0x1fff9310        0x0 ./RTD/src/FlexCAN_Ip.o
 .data          0x1fff9310        0x0 ./RTD/src/FlexCAN_Ip_HwAccess.o
 .data          0x1fff9310        0x0 ./RTD/src/FlexCAN_Ip_Irq.o
 .data          0x1fff9310        0x0 ./RTD/src/Ftm_Pwm_Ip.o
 .data          0x1fff9310        0x0 ./RTD/src/Ftm_Pwm_Ip_Irq.o
 .data          0x1fff9310        0x0 ./RTD/src/IntCtrl_Ip.o
 .data          0x1fff9310        0x0 ./RTD/src/Lpuart_Uart_Ip.o
 .data          0x1fff9310        0x0 ./RTD/src/Lpuart_Uart_Ip_Irq.o
 .data          0x1fff9310        0x0 ./RTD/src/OsIf_Timer.o
 .data          0x1fff9310        0x0 ./RTD/src/OsIf_Timer_System.o
 .data          0x1fff9310       0x28 ./RTD/src/Port_Ci_Port_Ip.o
                0x1fff9310                Port_au32PortCiGpioBaseAddr
                0x1fff9324                Port_au32PortCiPortBaseAddr
 .data          0x1fff9338        0x0 ./RTD/src/SchM_Can.o
 .data          0x1fff9338        0x0 ./RTD/src/SchM_Mcu.o
 .data          0x1fff9338        0x0 ./RTD/src/SchM_Port.o
 .data          0x1fff9338        0x0 ./RTD/src/SchM_Pwm.o
 .data          0x1fff9338        0x0 ./RTD/src/SchM_Uart.o
 .data          0x1fff9338        0x0 ./board/Clock_Ip_Cfg.o
 .data          0x1fff9338        0x0 ./board/Clock_Ip_PBcfg.o
 .data          0x1fff9338       0xc8 ./board/Port_Ci_Port_Ip_Cfg.o
                0x1fff9338                g_pin_mux_InitConfigArr0
 .data          0x1fff9400        0x0 ./generate/src/FlexCAN_Ip_Sa_BOARD_InitPeripherals_PBcfg.o
 .data          0x1fff9400        0x0 ./generate/src/Ftm_Pwm_Ip_BOARD_InitPeripherals_PBcfg.o
 .data          0x1fff9400        0x0 ./generate/src/IntCtrl_Ip_Cfg.o
 .data          0x1fff9400        0x0 ./generate/src/Lpuart_Uart_Ip_Sa_BOARD_InitPeripherals_PBcfg.o
 .data          0x1fff9400        0x0 ./generate/src/OsIf_Cfg.o
 .data          0x1fff9400        0x0 ./src/flexcan_init.o
 .data          0x1fff9400        0x0 ./src/ftm_pwm_init.o
 .data          0x1fff9400        0x0 ./src/lpuart_init.o
 .data          0x1fff9400        0x0 ./src/main.o
 .data          0x1fff9400        0x0 C:/NXP/S32DS.3.4/S32DS/build_tools/gcc_v9.2/gcc-9.2-arm32-eabi/arm-none-eabi/newlib/lib/thumb/v7e-m+fp/hard\libc_nano.a(lib_a-memcpy-stub.o)
 .data          0x1fff9400        0x0 C:/NXP/S32DS.3.4/S32DS/build_tools/gcc_v9.2/gcc-9.2-arm32-eabi/arm-none-eabi/newlib/lib/thumb/v7e-m+fp/hard\libc_nano.a(lib_a-memset.o)
 .data          0x1fff9400        0x0 C:/NXP/S32DS.3.4/S32DS/build_tools/gcc_v9.2/gcc-9.2-arm32-eabi/arm-none-eabi/newlib/lib/thumb/v7e-m+fp/hard\libc_nano.a(lib_a-strlen.o)
 *(.data*)
                0x1fff9400                . = ALIGN (0x4)
 *(.mcal_data)
 .mcal_data     0x1fff9400        0x4 ./RTD/src/Clock_Ip.o
                0x1fff9404                . = ALIGN (0x4)
 *(.mcal_data_no_cacheable)
                0x1fff9404                . = ALIGN (0x4)
                0x1fff9404                __data_ram_end = .
                0x000095e8                __DATA_ROM_END = (__DATA_ROM + (__data_ram_end - __data_ram_start))

.sram_bss       0x1fff9404      0xcbc load address 0x000095e8
                0x1fff9410                . = ALIGN (0x10)
 *fill*         0x1fff9404        0xc 
                0x1fff9410                __sram_bss_start = .
 *(.bss)
 .bss           0x1fff9410        0x0 ./Project_Settings/Startup_Code/Vector_Table.o
 .bss           0x1fff9410        0x0 ./Project_Settings/Startup_Code/exceptions.o
 .bss           0x1fff9410        0x0 ./Project_Settings/Startup_Code/nvic.o
 .bss           0x1fff9410        0x0 ./Project_Settings/Startup_Code/startup.o
 .bss           0x1fff9410        0x0 ./Project_Settings/Startup_Code/startup_cm4.o
 .bss           0x1fff9410        0x4 ./Project_Settings/Startup_Code/system.o
                0x1fff9410                RESET_CATCH_CORE
 .bss           0x1fff9414        0x1 ./RTD/src/Clock_Ip.o
 .bss           0x1fff9415        0x0 ./RTD/src/Clock_Ip_Data.o
 .bss           0x1fff9415        0x0 ./RTD/src/Clock_Ip_Divider.o
 .bss           0x1fff9415        0x0 ./RTD/src/Clock_Ip_DividerTrigger.o
 .bss           0x1fff9415        0x0 ./RTD/src/Clock_Ip_ExtOsc.o
 .bss           0x1fff9415        0x0 ./RTD/src/Clock_Ip_FracDiv.o
 .bss           0x1fff9415        0x0 ./RTD/src/Clock_Ip_Frequency.o
 .bss           0x1fff9415        0x0 ./RTD/src/Clock_Ip_Gate.o
 .bss           0x1fff9415        0x0 ./RTD/src/Clock_Ip_IntOsc.o
 .bss           0x1fff9415        0x0 ./RTD/src/Clock_Ip_Irq.o
 .bss           0x1fff9415        0x0 ./RTD/src/Clock_Ip_Monitor.o
 .bss           0x1fff9415        0x0 ./RTD/src/Clock_Ip_Pll.o
 .bss           0x1fff9415        0x0 ./RTD/src/Clock_Ip_ProgFreqSwitch.o
 .bss           0x1fff9415        0x0 ./RTD/src/Clock_Ip_Selector.o
 *fill*         0x1fff9415        0x3 
 .bss           0x1fff9418       0xc0 ./RTD/src/Clock_Ip_Specific.o
 .bss           0x1fff94d8        0x0 ./RTD/src/Det.o
 .bss           0x1fff94d8        0x0 ./RTD/src/Det_stub.o
 .bss           0x1fff94d8        0x0 ./RTD/src/FlexCAN_Ip.o
 .bss           0x1fff94d8        0x0 ./RTD/src/FlexCAN_Ip_HwAccess.o
 .bss           0x1fff94d8        0x0 ./RTD/src/FlexCAN_Ip_Irq.o
 .bss           0x1fff94d8        0x0 ./RTD/src/Ftm_Pwm_Ip.o
 .bss           0x1fff94d8        0x0 ./RTD/src/Ftm_Pwm_Ip_Irq.o
 .bss           0x1fff94d8        0x0 ./RTD/src/IntCtrl_Ip.o
 .bss           0x1fff94d8        0x0 ./RTD/src/Lpuart_Uart_Ip.o
 .bss           0x1fff94d8        0x0 ./RTD/src/Lpuart_Uart_Ip_Irq.o
 .bss           0x1fff94d8        0x0 ./RTD/src/OsIf_Timer.o
 .bss           0x1fff94d8        0x0 ./RTD/src/OsIf_Timer_System.o
 .bss           0x1fff94d8        0x0 ./RTD/src/Port_Ci_Port_Ip.o
 .bss           0x1fff94d8        0x0 ./RTD/src/SchM_Can.o
 .bss           0x1fff94d8        0x0 ./RTD/src/SchM_Mcu.o
 .bss           0x1fff94d8        0x0 ./RTD/src/SchM_Port.o
 .bss           0x1fff94d8        0x0 ./RTD/src/SchM_Pwm.o
 .bss           0x1fff94d8        0x0 ./RTD/src/SchM_Uart.o
 .bss           0x1fff94d8        0x0 ./board/Clock_Ip_Cfg.o
 .bss           0x1fff94d8        0x0 ./board/Clock_Ip_PBcfg.o
 .bss           0x1fff94d8        0x0 ./board/Port_Ci_Port_Ip_Cfg.o
 .bss           0x1fff94d8        0x0 ./generate/src/FlexCAN_Ip_Sa_BOARD_InitPeripherals_PBcfg.o
 .bss           0x1fff94d8        0x0 ./generate/src/Ftm_Pwm_Ip_BOARD_InitPeripherals_PBcfg.o
 .bss           0x1fff94d8        0x0 ./generate/src/IntCtrl_Ip_Cfg.o
 .bss           0x1fff94d8        0x0 ./generate/src/Lpuart_Uart_Ip_Sa_BOARD_InitPeripherals_PBcfg.o
 .bss           0x1fff94d8        0x0 ./generate/src/OsIf_Cfg.o
 .bss           0x1fff94d8        0x0 ./src/flexcan_init.o
 .bss           0x1fff94d8        0x0 ./src/ftm_pwm_init.o
 .bss           0x1fff94d8      0x190 ./src/lpuart_init.o
                0x1fff94d8                rxbuffer
                0x1fff95a0                USART1_TX_BUF
 .bss           0x1fff9668        0x4 ./src/main.o
                0x1fff9668                exit_code
 .bss           0x1fff966c        0x0 C:/NXP/S32DS.3.4/S32DS/build_tools/gcc_v9.2/gcc-9.2-arm32-eabi/arm-none-eabi/newlib/lib/thumb/v7e-m+fp/hard\libc_nano.a(lib_a-memcpy-stub.o)
 .bss           0x1fff966c        0x0 C:/NXP/S32DS.3.4/S32DS/build_tools/gcc_v9.2/gcc-9.2-arm32-eabi/arm-none-eabi/newlib/lib/thumb/v7e-m+fp/hard\libc_nano.a(lib_a-memset.o)
 .bss           0x1fff966c        0x0 C:/NXP/S32DS.3.4/S32DS/build_tools/gcc_v9.2/gcc-9.2-arm32-eabi/arm-none-eabi/newlib/lib/thumb/v7e-m+fp/hard\libc_nano.a(lib_a-strlen.o)
 *(.bss*)
                0x1fff9670                . = ALIGN (0x10)
 *fill*         0x1fff966c        0x4 
 *(.mcal_bss)
 .mcal_bss      0x1fff9670        0x9 ./RTD/src/Clock_Ip.o
 *fill*         0x1fff9679        0x3 
 .mcal_bss      0x1fff967c       0x70 ./RTD/src/Clock_Ip_Specific.o
 .mcal_bss      0x1fff96ec        0xc ./RTD/src/FlexCAN_Ip.o
 .mcal_bss      0x1fff96f8        0xc ./RTD/src/FlexCAN_Ip_HwAccess.o
 .mcal_bss      0x1fff9704      0x41c ./RTD/src/Ftm_Pwm_Ip.o
                0x1fff9754                Ftm_Pwm_Ip_PreviousChannelState
                0x1fff9864                Ftm_Pwm_Ip_pOverflowIrqCallback
                0x1fff9884                Ftm_Pwm_Ip_Period
                0x1fff992c                Ftm_Pwm_Ip_aChIrqCallbacks
                0x1fff9a2c                Ftm_Pwm_Ip_FaultCheck
                0x1fff9a2d                Ftm_Pwm_Ip_NotifIrq
                0x1fff9a50                Ftm_Pwm_Ip_pFaultIrqCallback
                0x1fff9aa0                Ftm_Pwm_Ip_ChannelState
 .mcal_bss      0x1fff9b20       0x18 ./RTD/src/Lpuart_Uart_Ip.o
                0x1fff9b2c                Lpuart_Uart_Ip_apUserConfig
 .mcal_bss      0x1fff9b38      0x220 ./generate/src/FlexCAN_Ip_Sa_BOARD_InitPeripherals_PBcfg.o
                0x1fff9b38                FlexCAN_State0
                0x1fff9d60                . = ALIGN (0x10)
 *fill*         0x1fff9d58        0x8 
                0x1fff9d60                __non_cacheable_bss_start = .
 *(.mcal_bss_no_cacheable)
 .mcal_bss_no_cacheable
                0x1fff9d60       0x96 ./RTD/src/Det.o
                0x1fff9d60                Det_TransientModuleId
                0x1fff9d74                Det_ApiId
                0x1fff9d7e                Det_TransientInstanceId
                0x1fff9d88                Det_ErrorId
                0x1fff9d92                Det_TransientApiId
                0x1fff9d9c                Det_RuntimeModuleId
                0x1fff9db0                Det_TransientFaultId
                0x1fff9dba                Det_RuntimeInstanceId
                0x1fff9dc4                Det_RuntimeApiId
                0x1fff9dce                Det_ModuleId
                0x1fff9de2                Det_RuntimeErrorId
                0x1fff9dec                Det_InstanceId
 *fill*         0x1fff9df6        0x2 
 .mcal_bss_no_cacheable
                0x1fff9df8       0x60 ./RTD/src/Lpuart_Uart_Ip.o
                0x1fff9df8                Lpuart_Uart_Ip_apStateStructure
 .mcal_bss_no_cacheable
                0x1fff9e58       0xa8 ./RTD/src/SchM_Can.o
 .mcal_bss_no_cacheable
                0x1fff9f00       0x18 ./RTD/src/SchM_Mcu.o
 .mcal_bss_no_cacheable
                0x1fff9f18       0x48 ./RTD/src/SchM_Port.o
 .mcal_bss_no_cacheable
                0x1fff9f60      0x118 ./RTD/src/SchM_Pwm.o
 .mcal_bss_no_cacheable
                0x1fffa078       0x48 ./RTD/src/SchM_Uart.o
                0x1fffa0c0                . = ALIGN (0x4)
                0x1fffa0c0                __non_cacheable_bss_end = .
                0x1fffa0c0                __sram_bss_end = .

.acfls_code_ram
                0x1fffa0c0        0x0
                0x1fffa0c0                . = (. + (acfls_code_rom_end - acfls_code_rom_start))

.heap           0x1fffa0c0      0x200 load address 0x0000a2a4
                0x1fffa0c0                . = ALIGN (0x4)
                0x1fffa0c0                _end = .
                0x1fffa0c0                end = .
                0x1fffa0c0                _heap_start = .
                0x1fffa2c0                . = (. + HEAP_SIZE)
 *fill*         0x1fffa0c0      0x200 
                0x1fffa2c0                _heap_end = .

int_results     0x1fff8000      0x100
                0x1fff8000                . = ALIGN (0x4)
 *(.int_results)
                0x1fff8100                . = (. + 0x100)
 *fill*         0x1fff8000      0x100 
                0x20006000                __Stack_end_c0 = ORIGIN (int_sram_stack_c0)
                0x20007000                __Stack_start_c0 = (ORIGIN (int_sram_stack_c0) + LENGTH (int_sram_stack_c0))
                0x1fff8000                __INT_SRAM_START = ORIGIN (int_sram_results)
                0x20007000                __INT_SRAM_END = ORIGIN (ram_rsvd2)
                0x1fff9310                __RAM_INIT_START = __data_ram_start
                0x1fff9404                __RAM_INIT_END = __data_ram_end
                0x000094f4                __ROM_INIT_START = __DATA_ROM
                0x000095e8                __ROM_INIT_END = __DATA_ROM_END
                0x1fff9410                __BSS_SRAM_START = __sram_bss_start
                0x1fffa0c0                __BSS_SRAM_END = __sram_bss_end
                0x00000cb0                __BSS_SRAM_SIZE = (__sram_bss_end - __sram_bss_start)
                0x1fff9000                __RAM_INTERRUPT_START = __interrupts_ram_start
                0x00000000                __ROM_INTERRUPT_START = __interrupts_rom_start
                0x00000310                __ROM_INTERRUPT_END = __interrupts_rom_end
                0x000094cc                __INIT_TABLE = __init_table
                0x000094e8                __ZERO_TABLE = __zero_table
                0x00000001                __RAM_INIT = 0x1
                0x000080f8                Fls_ACEraseRomStart = acfls_code_rom_start
                0x000080f8                Fls_ACEraseRomEnd = acfls_code_rom_end
                0x00000000                Fls_ACEraseSize = (acfls_code_rom_end - acfls_code_rom_start)
                0x000080f8                Fls_ACWriteRomStart = acfls_code_rom_start
                0x000080f8                Fls_ACWriteRomEnd = acfls_code_rom_end
                0x00000000                Fls_ACWriteSize = (acfls_code_rom_end - acfls_code_rom_start)
                0x1fffa0c0                _ERASE_FUNC_ADDRESS_ = ADDR (.acfls_code_ram)
                0x1fffa0c0                _WRITE_FUNC_ADDRESS_ = ADDR (.acfls_code_ram)
                0x1fff9000                __ENTRY_VTABLE = __RAM_INTERRUPT_START
OUTPUT(Demo.elf elf32-littlearm)

.ARM.attributes
                0x00000000       0x30
 .ARM.attributes
                0x00000000       0x20 ./Project_Settings/Startup_Code/Vector_Table.o
 .ARM.attributes
                0x00000020       0x34 ./Project_Settings/Startup_Code/exceptions.o
 .ARM.attributes
                0x00000054       0x34 ./Project_Settings/Startup_Code/nvic.o
 .ARM.attributes
                0x00000088       0x34 ./Project_Settings/Startup_Code/startup.o
 .ARM.attributes
                0x000000bc       0x1f ./Project_Settings/Startup_Code/startup_cm4.o
 .ARM.attributes
                0x000000db       0x34 ./Project_Settings/Startup_Code/system.o
 .ARM.attributes
                0x0000010f       0x34 ./RTD/src/Clock_Ip.o
 .ARM.attributes
                0x00000143       0x39 ./RTD/src/Clock_Ip_Data.o
 .ARM.attributes
                0x0000017c       0x34 ./RTD/src/Clock_Ip_Divider.o
 .ARM.attributes
                0x000001b0       0x34 ./RTD/src/Clock_Ip_DividerTrigger.o
 .ARM.attributes
                0x000001e4       0x34 ./RTD/src/Clock_Ip_ExtOsc.o
 .ARM.attributes
                0x00000218       0x34 ./RTD/src/Clock_Ip_FracDiv.o
 .ARM.attributes
                0x0000024c       0x39 ./RTD/src/Clock_Ip_Frequency.o
 .ARM.attributes
                0x00000285       0x34 ./RTD/src/Clock_Ip_Gate.o
 .ARM.attributes
                0x000002b9       0x34 ./RTD/src/Clock_Ip_IntOsc.o
 .ARM.attributes
                0x000002ed       0x39 ./RTD/src/Clock_Ip_Irq.o
 .ARM.attributes
                0x00000326       0x34 ./RTD/src/Clock_Ip_Monitor.o
 .ARM.attributes
                0x0000035a       0x34 ./RTD/src/Clock_Ip_Pll.o
 .ARM.attributes
                0x0000038e       0x34 ./RTD/src/Clock_Ip_ProgFreqSwitch.o
 .ARM.attributes
                0x000003c2       0x34 ./RTD/src/Clock_Ip_Selector.o
 .ARM.attributes
                0x000003f6       0x34 ./RTD/src/Clock_Ip_Specific.o
 .ARM.attributes
                0x0000042a       0x34 ./RTD/src/Det.o
 .ARM.attributes
                0x0000045e       0x34 ./RTD/src/Det_stub.o
 .ARM.attributes
                0x00000492       0x34 ./RTD/src/FlexCAN_Ip.o
 .ARM.attributes
                0x000004c6       0x34 ./RTD/src/FlexCAN_Ip_HwAccess.o
 .ARM.attributes
                0x000004fa       0x34 ./RTD/src/FlexCAN_Ip_Irq.o
 .ARM.attributes
                0x0000052e       0x34 ./RTD/src/Ftm_Pwm_Ip.o
 .ARM.attributes
                0x00000562       0x39 ./RTD/src/Ftm_Pwm_Ip_Irq.o
 .ARM.attributes
                0x0000059b       0x34 ./RTD/src/IntCtrl_Ip.o
 .ARM.attributes
                0x000005cf       0x34 ./RTD/src/Lpuart_Uart_Ip.o
 .ARM.attributes
                0x00000603       0x34 ./RTD/src/Lpuart_Uart_Ip_Irq.o
 .ARM.attributes
                0x00000637       0x34 ./RTD/src/OsIf_Timer.o
 .ARM.attributes
                0x0000066b       0x39 ./RTD/src/OsIf_Timer_System.o
 .ARM.attributes
                0x000006a4       0x34 ./RTD/src/Port_Ci_Port_Ip.o
 .ARM.attributes
                0x000006d8       0x34 ./RTD/src/SchM_Can.o
 .ARM.attributes
                0x0000070c       0x34 ./RTD/src/SchM_Mcu.o
 .ARM.attributes
                0x00000740       0x34 ./RTD/src/SchM_Port.o
 .ARM.attributes
                0x00000774       0x34 ./RTD/src/SchM_Pwm.o
 .ARM.attributes
                0x000007a8       0x34 ./RTD/src/SchM_Uart.o
 .ARM.attributes
                0x000007dc       0x39 ./board/Clock_Ip_Cfg.o
 .ARM.attributes
                0x00000815       0x39 ./board/Clock_Ip_PBcfg.o
 .ARM.attributes
                0x0000084e       0x39 ./board/Port_Ci_Port_Ip_Cfg.o
 .ARM.attributes
                0x00000887       0x39 ./generate/src/FlexCAN_Ip_Sa_BOARD_InitPeripherals_PBcfg.o
 .ARM.attributes
                0x000008c0       0x39 ./generate/src/Ftm_Pwm_Ip_BOARD_InitPeripherals_PBcfg.o
 .ARM.attributes
                0x000008f9       0x39 ./generate/src/IntCtrl_Ip_Cfg.o
 .ARM.attributes
                0x00000932       0x39 ./generate/src/Lpuart_Uart_Ip_Sa_BOARD_InitPeripherals_PBcfg.o
 .ARM.attributes
                0x0000096b       0x39 ./generate/src/OsIf_Cfg.o
 .ARM.attributes
                0x000009a4       0x34 ./src/flexcan_init.o
 .ARM.attributes
                0x000009d8       0x34 ./src/ftm_pwm_init.o
 .ARM.attributes
                0x00000a0c       0x34 ./src/lpuart_init.o
 .ARM.attributes
                0x00000a40       0x34 ./src/main.o
 .ARM.attributes
                0x00000a74       0x34 C:/NXP/S32DS.3.4/S32DS/build_tools/gcc_v9.2/gcc-9.2-arm32-eabi/arm-none-eabi/newlib/lib/thumb/v7e-m+fp/hard\libc_nano.a(lib_a-memcpy-stub.o)
 .ARM.attributes
                0x00000aa8       0x34 C:/NXP/S32DS.3.4/S32DS/build_tools/gcc_v9.2/gcc-9.2-arm32-eabi/arm-none-eabi/newlib/lib/thumb/v7e-m+fp/hard\libc_nano.a(lib_a-memset.o)
 .ARM.attributes
                0x00000adc       0x17 C:/NXP/S32DS.3.4/S32DS/build_tools/gcc_v9.2/gcc-9.2-arm32-eabi/arm-none-eabi/newlib/lib/thumb/v7e-m+fp/hard\libc_nano.a(lib_a-strlen.o)

.comment        0x00000000       0x80
 .comment       0x00000000       0x80 ./Project_Settings/Startup_Code/exceptions.o
                                 0x81 (size before relaxing)
 .comment       0x00000080       0x81 ./Project_Settings/Startup_Code/nvic.o
 .comment       0x00000080       0x81 ./Project_Settings/Startup_Code/startup.o
 .comment       0x00000080       0x81 ./Project_Settings/Startup_Code/system.o
 .comment       0x00000080       0x81 ./RTD/src/Clock_Ip.o
 .comment       0x00000080       0x81 ./RTD/src/Clock_Ip_Data.o
 .comment       0x00000080       0x81 ./RTD/src/Clock_Ip_Divider.o
 .comment       0x00000080       0x81 ./RTD/src/Clock_Ip_DividerTrigger.o
 .comment       0x00000080       0x81 ./RTD/src/Clock_Ip_ExtOsc.o
 .comment       0x00000080       0x81 ./RTD/src/Clock_Ip_FracDiv.o
 .comment       0x00000080       0x81 ./RTD/src/Clock_Ip_Frequency.o
 .comment       0x00000080       0x81 ./RTD/src/Clock_Ip_Gate.o
 .comment       0x00000080       0x81 ./RTD/src/Clock_Ip_IntOsc.o
 .comment       0x00000080       0x81 ./RTD/src/Clock_Ip_Irq.o
 .comment       0x00000080       0x81 ./RTD/src/Clock_Ip_Monitor.o
 .comment       0x00000080       0x81 ./RTD/src/Clock_Ip_Pll.o
 .comment       0x00000080       0x81 ./RTD/src/Clock_Ip_ProgFreqSwitch.o
 .comment       0x00000080       0x81 ./RTD/src/Clock_Ip_Selector.o
 .comment       0x00000080       0x81 ./RTD/src/Clock_Ip_Specific.o
 .comment       0x00000080       0x81 ./RTD/src/Det.o
 .comment       0x00000080       0x81 ./RTD/src/Det_stub.o
 .comment       0x00000080       0x81 ./RTD/src/FlexCAN_Ip.o
 .comment       0x00000080       0x81 ./RTD/src/FlexCAN_Ip_HwAccess.o
 .comment       0x00000080       0x81 ./RTD/src/FlexCAN_Ip_Irq.o
 .comment       0x00000080       0x81 ./RTD/src/Ftm_Pwm_Ip.o
 .comment       0x00000080       0x81 ./RTD/src/Ftm_Pwm_Ip_Irq.o
 .comment       0x00000080       0x81 ./RTD/src/IntCtrl_Ip.o
 .comment       0x00000080       0x81 ./RTD/src/Lpuart_Uart_Ip.o
 .comment       0x00000080       0x81 ./RTD/src/Lpuart_Uart_Ip_Irq.o
 .comment       0x00000080       0x81 ./RTD/src/OsIf_Timer.o
 .comment       0x00000080       0x81 ./RTD/src/OsIf_Timer_System.o
 .comment       0x00000080       0x81 ./RTD/src/Port_Ci_Port_Ip.o
 .comment       0x00000080       0x81 ./RTD/src/SchM_Can.o
 .comment       0x00000080       0x81 ./RTD/src/SchM_Mcu.o
 .comment       0x00000080       0x81 ./RTD/src/SchM_Port.o
 .comment       0x00000080       0x81 ./RTD/src/SchM_Pwm.o
 .comment       0x00000080       0x81 ./RTD/src/SchM_Uart.o
 .comment       0x00000080       0x81 ./board/Clock_Ip_Cfg.o
 .comment       0x00000080       0x81 ./board/Clock_Ip_PBcfg.o
 .comment       0x00000080       0x81 ./board/Port_Ci_Port_Ip_Cfg.o
 .comment       0x00000080       0x81 ./generate/src/FlexCAN_Ip_Sa_BOARD_InitPeripherals_PBcfg.o
 .comment       0x00000080       0x81 ./generate/src/Ftm_Pwm_Ip_BOARD_InitPeripherals_PBcfg.o
 .comment       0x00000080       0x81 ./generate/src/IntCtrl_Ip_Cfg.o
 .comment       0x00000080       0x81 ./generate/src/Lpuart_Uart_Ip_Sa_BOARD_InitPeripherals_PBcfg.o
 .comment       0x00000080       0x81 ./generate/src/OsIf_Cfg.o
 .comment       0x00000080       0x81 ./src/flexcan_init.o
 .comment       0x00000080       0x81 ./src/ftm_pwm_init.o
 .comment       0x00000080       0x81 ./src/lpuart_init.o
 .comment       0x00000080       0x81 ./src/main.o

.debug_info     0x00000000    0x3a310
 .debug_info    0x00000000      0x139 ./Project_Settings/Startup_Code/exceptions.o
 .debug_info    0x00000139      0x47c ./Project_Settings/Startup_Code/nvic.o
 .debug_info    0x000005b5      0x250 ./Project_Settings/Startup_Code/startup.o
 .debug_info    0x00000805       0x26 ./Project_Settings/Startup_Code/startup_cm4.o
 .debug_info    0x0000082b      0x46e ./Project_Settings/Startup_Code/system.o
 .debug_info    0x00000c99     0x1edf ./RTD/src/Clock_Ip.o
 .debug_info    0x00002b78     0x1731 ./RTD/src/Clock_Ip_Data.o
 .debug_info    0x000042a9     0x1f06 ./RTD/src/Clock_Ip_Divider.o
 .debug_info    0x000061af     0x148a ./RTD/src/Clock_Ip_DividerTrigger.o
 .debug_info    0x00007639     0x1998 ./RTD/src/Clock_Ip_ExtOsc.o
 .debug_info    0x00008fd1     0x14b9 ./RTD/src/Clock_Ip_FracDiv.o
 .debug_info    0x0000a48a     0x1453 ./RTD/src/Clock_Ip_Frequency.o
 .debug_info    0x0000b8dd     0x1c58 ./RTD/src/Clock_Ip_Gate.o
 .debug_info    0x0000d535     0x2156 ./RTD/src/Clock_Ip_IntOsc.o
 .debug_info    0x0000f68b     0x1453 ./RTD/src/Clock_Ip_Irq.o
 .debug_info    0x00010ade     0x1507 ./RTD/src/Clock_Ip_Monitor.o
 .debug_info    0x00011fe5     0x19fb ./RTD/src/Clock_Ip_Pll.o
 .debug_info    0x000139e0     0x148a ./RTD/src/Clock_Ip_ProgFreqSwitch.o
 .debug_info    0x00014e6a     0x2335 ./RTD/src/Clock_Ip_Selector.o
 .debug_info    0x0001719f     0x2370 ./RTD/src/Clock_Ip_Specific.o
 .debug_info    0x0001950f      0x3cd ./RTD/src/Det.o
 .debug_info    0x000198dc      0x401 ./RTD/src/Det_stub.o
 .debug_info    0x00019cdd     0x612c ./RTD/src/FlexCAN_Ip.o
 .debug_info    0x0001fe09     0x2905 ./RTD/src/FlexCAN_Ip_HwAccess.o
 .debug_info    0x0002270e      0x7f3 ./RTD/src/FlexCAN_Ip_Irq.o
 .debug_info    0x00022f01     0x5a4b ./RTD/src/Ftm_Pwm_Ip.o
 .debug_info    0x0002894c      0xb50 ./RTD/src/Ftm_Pwm_Ip_Irq.o
 .debug_info    0x0002949c     0x11e0 ./RTD/src/IntCtrl_Ip.o
 .debug_info    0x0002a67c     0x374c ./RTD/src/Lpuart_Uart_Ip.o
 .debug_info    0x0002ddc8      0x3cc ./RTD/src/Lpuart_Uart_Ip_Irq.o
 .debug_info    0x0002e194      0x2c4 ./RTD/src/OsIf_Timer.o
 .debug_info    0x0002e458       0x7d ./RTD/src/OsIf_Timer_System.o
 .debug_info    0x0002e4d5      0xae5 ./RTD/src/Port_Ci_Port_Ip.o
 .debug_info    0x0002efba      0xd48 ./RTD/src/SchM_Can.o
 .debug_info    0x0002fd02      0x2e0 ./RTD/src/SchM_Mcu.o
 .debug_info    0x0002ffe2      0x658 ./RTD/src/SchM_Port.o
 .debug_info    0x0003063a     0x1560 ./RTD/src/SchM_Pwm.o
 .debug_info    0x00031b9a      0x658 ./RTD/src/SchM_Uart.o
 .debug_info    0x000321f2     0x1453 ./board/Clock_Ip_Cfg.o
 .debug_info    0x00033645     0x1462 ./board/Clock_Ip_PBcfg.o
 .debug_info    0x00034aa7      0x406 ./board/Port_Ci_Port_Ip_Cfg.o
 .debug_info    0x00034ead      0x5fa ./generate/src/FlexCAN_Ip_Sa_BOARD_InitPeripherals_PBcfg.o
 .debug_info    0x000354a7      0x8c8 ./generate/src/Ftm_Pwm_Ip_BOARD_InitPeripherals_PBcfg.o
 .debug_info    0x00035d6f      0x4cf ./generate/src/IntCtrl_Ip_Cfg.o
 .debug_info    0x0003623e      0x3b3 ./generate/src/Lpuart_Uart_Ip_Sa_BOARD_InitPeripherals_PBcfg.o
 .debug_info    0x000365f1       0x7d ./generate/src/OsIf_Cfg.o
 .debug_info    0x0003666e      0xb1f ./src/flexcan_init.o
 .debug_info    0x0003718d      0x934 ./src/ftm_pwm_init.o
 .debug_info    0x00037ac1     0x11f8 ./src/lpuart_init.o
 .debug_info    0x00038cb9     0x1657 ./src/main.o

.debug_abbrev   0x00000000     0x5937
 .debug_abbrev  0x00000000       0x47 ./Project_Settings/Startup_Code/exceptions.o
 .debug_abbrev  0x00000047      0x102 ./Project_Settings/Startup_Code/nvic.o
 .debug_abbrev  0x00000149       0xf1 ./Project_Settings/Startup_Code/startup.o
 .debug_abbrev  0x0000023a       0x14 ./Project_Settings/Startup_Code/startup_cm4.o
 .debug_abbrev  0x0000024e      0x17a ./Project_Settings/Startup_Code/system.o
 .debug_abbrev  0x000003c8      0x435 ./RTD/src/Clock_Ip.o
 .debug_abbrev  0x000007fd      0x19f ./RTD/src/Clock_Ip_Data.o
 .debug_abbrev  0x0000099c      0x274 ./RTD/src/Clock_Ip_Divider.o
 .debug_abbrev  0x00000c10      0x1a3 ./RTD/src/Clock_Ip_DividerTrigger.o
 .debug_abbrev  0x00000db3      0x2dd ./RTD/src/Clock_Ip_ExtOsc.o
 .debug_abbrev  0x00001090      0x1d3 ./RTD/src/Clock_Ip_FracDiv.o
 .debug_abbrev  0x00001263      0x167 ./RTD/src/Clock_Ip_Frequency.o
 .debug_abbrev  0x000013ca      0x2db ./RTD/src/Clock_Ip_Gate.o
 .debug_abbrev  0x000016a5      0x373 ./RTD/src/Clock_Ip_IntOsc.o
 .debug_abbrev  0x00001a18      0x167 ./RTD/src/Clock_Ip_Irq.o
 .debug_abbrev  0x00001b7f      0x221 ./RTD/src/Clock_Ip_Monitor.o
 .debug_abbrev  0x00001da0      0x31a ./RTD/src/Clock_Ip_Pll.o
 .debug_abbrev  0x000020ba      0x1a3 ./RTD/src/Clock_Ip_ProgFreqSwitch.o
 .debug_abbrev  0x0000225d      0x27b ./RTD/src/Clock_Ip_Selector.o
 .debug_abbrev  0x000024d8      0x334 ./RTD/src/Clock_Ip_Specific.o
 .debug_abbrev  0x0000280c      0x109 ./RTD/src/Det.o
 .debug_abbrev  0x00002915       0xd4 ./RTD/src/Det_stub.o
 .debug_abbrev  0x000029e9      0x4c8 ./RTD/src/FlexCAN_Ip.o
 .debug_abbrev  0x00002eb1      0x427 ./RTD/src/FlexCAN_Ip_HwAccess.o
 .debug_abbrev  0x000032d8      0x182 ./RTD/src/FlexCAN_Ip_Irq.o
 .debug_abbrev  0x0000345a      0x3c6 ./RTD/src/Ftm_Pwm_Ip.o
 .debug_abbrev  0x00003820      0x121 ./RTD/src/Ftm_Pwm_Ip_Irq.o
 .debug_abbrev  0x00003941      0x389 ./RTD/src/IntCtrl_Ip.o
 .debug_abbrev  0x00003cca      0x395 ./RTD/src/Lpuart_Uart_Ip.o
 .debug_abbrev  0x0000405f       0xff ./RTD/src/Lpuart_Uart_Ip_Irq.o
 .debug_abbrev  0x0000415e      0x1ea ./RTD/src/OsIf_Timer.o
 .debug_abbrev  0x00004348       0x29 ./RTD/src/OsIf_Timer_System.o
 .debug_abbrev  0x00004371      0x210 ./RTD/src/Port_Ci_Port_Ip.o
 .debug_abbrev  0x00004581       0xeb ./RTD/src/SchM_Can.o
 .debug_abbrev  0x0000466c       0xeb ./RTD/src/SchM_Mcu.o
 .debug_abbrev  0x00004757       0xeb ./RTD/src/SchM_Port.o
 .debug_abbrev  0x00004842       0xeb ./RTD/src/SchM_Pwm.o
 .debug_abbrev  0x0000492d       0xeb ./RTD/src/SchM_Uart.o
 .debug_abbrev  0x00004a18      0x167 ./board/Clock_Ip_Cfg.o
 .debug_abbrev  0x00004b7f      0x176 ./board/Clock_Ip_PBcfg.o
 .debug_abbrev  0x00004cf5       0xd0 ./board/Port_Ci_Port_Ip_Cfg.o
 .debug_abbrev  0x00004dc5      0x11c ./generate/src/FlexCAN_Ip_Sa_BOARD_InitPeripherals_PBcfg.o
 .debug_abbrev  0x00004ee1      0x10b ./generate/src/Ftm_Pwm_Ip_BOARD_InitPeripherals_PBcfg.o
 .debug_abbrev  0x00004fec       0xe8 ./generate/src/IntCtrl_Ip_Cfg.o
 .debug_abbrev  0x000050d4       0xda ./generate/src/Lpuart_Uart_Ip_Sa_BOARD_InitPeripherals_PBcfg.o
 .debug_abbrev  0x000051ae       0x29 ./generate/src/OsIf_Cfg.o
 .debug_abbrev  0x000051d7      0x1ce ./src/flexcan_init.o
 .debug_abbrev  0x000053a5      0x13c ./src/ftm_pwm_init.o
 .debug_abbrev  0x000054e1      0x291 ./src/lpuart_init.o
 .debug_abbrev  0x00005772      0x1c5 ./src/main.o

.debug_aranges  0x00000000     0x1378
 .debug_aranges
                0x00000000       0x28 ./Project_Settings/Startup_Code/exceptions.o
 .debug_aranges
                0x00000028       0x20 ./Project_Settings/Startup_Code/nvic.o
 .debug_aranges
                0x00000048       0x20 ./Project_Settings/Startup_Code/startup.o
 .debug_aranges
                0x00000068       0x20 ./Project_Settings/Startup_Code/startup_cm4.o
 .debug_aranges
                0x00000088       0x28 ./Project_Settings/Startup_Code/system.o
 .debug_aranges
                0x000000b0       0x90 ./RTD/src/Clock_Ip.o
 .debug_aranges
                0x00000140       0x18 ./RTD/src/Clock_Ip_Data.o
 .debug_aranges
                0x00000158       0x90 ./RTD/src/Clock_Ip_Divider.o
 .debug_aranges
                0x000001e8       0x20 ./RTD/src/Clock_Ip_DividerTrigger.o
 .debug_aranges
                0x00000208       0x50 ./RTD/src/Clock_Ip_ExtOsc.o
 .debug_aranges
                0x00000258       0x28 ./RTD/src/Clock_Ip_FracDiv.o
 .debug_aranges
                0x00000280       0x18 ./RTD/src/Clock_Ip_Frequency.o
 .debug_aranges
                0x00000298       0x90 ./RTD/src/Clock_Ip_Gate.o
 .debug_aranges
                0x00000328       0xa0 ./RTD/src/Clock_Ip_IntOsc.o
 .debug_aranges
                0x000003c8       0x18 ./RTD/src/Clock_Ip_Irq.o
 .debug_aranges
                0x000003e0       0x30 ./RTD/src/Clock_Ip_Monitor.o
 .debug_aranges
                0x00000410       0x58 ./RTD/src/Clock_Ip_Pll.o
 .debug_aranges
                0x00000468       0x20 ./RTD/src/Clock_Ip_ProgFreqSwitch.o
 .debug_aranges
                0x00000488       0xb8 ./RTD/src/Clock_Ip_Selector.o
 .debug_aranges
                0x00000540       0x40 ./RTD/src/Clock_Ip_Specific.o
 .debug_aranges
                0x00000580       0x38 ./RTD/src/Det.o
 .debug_aranges
                0x000005b8       0x48 ./RTD/src/Det_stub.o
 .debug_aranges
                0x00000600      0x208 ./RTD/src/FlexCAN_Ip.o
 .debug_aranges
                0x00000808       0xf0 ./RTD/src/FlexCAN_Ip_HwAccess.o
 .debug_aranges
                0x000008f8       0x70 ./RTD/src/FlexCAN_Ip_Irq.o
 .debug_aranges
                0x00000968       0xf8 ./RTD/src/Ftm_Pwm_Ip.o
 .debug_aranges
                0x00000a60       0x18 ./RTD/src/Ftm_Pwm_Ip_Irq.o
 .debug_aranges
                0x00000a78       0x90 ./RTD/src/IntCtrl_Ip.o
 .debug_aranges
                0x00000b08       0xb8 ./RTD/src/Lpuart_Uart_Ip.o
 .debug_aranges
                0x00000bc0       0x20 ./RTD/src/Lpuart_Uart_Ip_Irq.o
 .debug_aranges
                0x00000be0       0x40 ./RTD/src/OsIf_Timer.o
 .debug_aranges
                0x00000c20       0x18 ./RTD/src/OsIf_Timer_System.o
 .debug_aranges
                0x00000c38       0x88 ./RTD/src/Port_Ci_Port_Ip.o
 .debug_aranges
                0x00000cc0      0x170 ./RTD/src/SchM_Can.o
 .debug_aranges
                0x00000e30       0x50 ./RTD/src/SchM_Mcu.o
 .debug_aranges
                0x00000e80       0xb0 ./RTD/src/SchM_Port.o
 .debug_aranges
                0x00000f30      0x250 ./RTD/src/SchM_Pwm.o
 .debug_aranges
                0x00001180       0xb0 ./RTD/src/SchM_Uart.o
 .debug_aranges
                0x00001230       0x18 ./board/Clock_Ip_Cfg.o
 .debug_aranges
                0x00001248       0x18 ./board/Clock_Ip_PBcfg.o
 .debug_aranges
                0x00001260       0x18 ./board/Port_Ci_Port_Ip_Cfg.o
 .debug_aranges
                0x00001278       0x18 ./generate/src/FlexCAN_Ip_Sa_BOARD_InitPeripherals_PBcfg.o
 .debug_aranges
                0x00001290       0x18 ./generate/src/Ftm_Pwm_Ip_BOARD_InitPeripherals_PBcfg.o
 .debug_aranges
                0x000012a8       0x18 ./generate/src/IntCtrl_Ip_Cfg.o
 .debug_aranges
                0x000012c0       0x18 ./generate/src/Lpuart_Uart_Ip_Sa_BOARD_InitPeripherals_PBcfg.o
 .debug_aranges
                0x000012d8       0x18 ./generate/src/OsIf_Cfg.o
 .debug_aranges
                0x000012f0       0x20 ./src/flexcan_init.o
 .debug_aranges
                0x00001310       0x20 ./src/ftm_pwm_init.o
 .debug_aranges
                0x00001330       0x28 ./src/lpuart_init.o
 .debug_aranges
                0x00001358       0x20 ./src/main.o

.debug_ranges   0x00000000     0x2770
 .debug_ranges  0x00000000       0x18 ./Project_Settings/Startup_Code/exceptions.o
 .debug_ranges  0x00000018       0x18 ./Project_Settings/Startup_Code/system.o
 .debug_ranges  0x00000030       0xb8 ./RTD/src/Clock_Ip.o
 .debug_ranges  0x000000e8       0x98 ./RTD/src/Clock_Ip_Divider.o
 .debug_ranges  0x00000180       0x10 ./RTD/src/Clock_Ip_DividerTrigger.o
 .debug_ranges  0x00000190       0x58 ./RTD/src/Clock_Ip_ExtOsc.o
 .debug_ranges  0x000001e8       0x18 ./RTD/src/Clock_Ip_FracDiv.o
 .debug_ranges  0x00000200       0xb0 ./RTD/src/Clock_Ip_Gate.o
 .debug_ranges  0x000002b0      0x138 ./RTD/src/Clock_Ip_IntOsc.o
 .debug_ranges  0x000003e8       0x20 ./RTD/src/Clock_Ip_Monitor.o
 .debug_ranges  0x00000408       0x80 ./RTD/src/Clock_Ip_Pll.o
 .debug_ranges  0x00000488       0x10 ./RTD/src/Clock_Ip_ProgFreqSwitch.o
 .debug_ranges  0x00000498       0xd8 ./RTD/src/Clock_Ip_Selector.o
 .debug_ranges  0x00000570      0x210 ./RTD/src/Clock_Ip_Specific.o
 .debug_ranges  0x00000780       0x28 ./RTD/src/Det.o
 .debug_ranges  0x000007a8       0x38 ./RTD/src/Det_stub.o
 .debug_ranges  0x000007e0      0x8b0 ./RTD/src/FlexCAN_Ip.o
 .debug_ranges  0x00001090      0x268 ./RTD/src/FlexCAN_Ip_HwAccess.o
 .debug_ranges  0x000012f8       0x60 ./RTD/src/FlexCAN_Ip_Irq.o
 .debug_ranges  0x00001358      0x930 ./RTD/src/Ftm_Pwm_Ip.o
 .debug_ranges  0x00001c88       0xf8 ./RTD/src/IntCtrl_Ip.o
 .debug_ranges  0x00001d80      0x3d0 ./RTD/src/Lpuart_Uart_Ip.o
 .debug_ranges  0x00002150       0x10 ./RTD/src/Lpuart_Uart_Ip_Irq.o
 .debug_ranges  0x00002160       0x30 ./RTD/src/OsIf_Timer.o
 .debug_ranges  0x00002190       0x98 ./RTD/src/Port_Ci_Port_Ip.o
 .debug_ranges  0x00002228      0x160 ./RTD/src/SchM_Can.o
 .debug_ranges  0x00002388       0x40 ./RTD/src/SchM_Mcu.o
 .debug_ranges  0x000023c8       0xa0 ./RTD/src/SchM_Port.o
 .debug_ranges  0x00002468      0x240 ./RTD/src/SchM_Pwm.o
 .debug_ranges  0x000026a8       0xa0 ./RTD/src/SchM_Uart.o
 .debug_ranges  0x00002748       0x18 ./src/lpuart_init.o
 .debug_ranges  0x00002760       0x10 ./src/main.o

.debug_macro    0x00000000    0x2024c
 .debug_macro   0x00000000      0x13f ./Project_Settings/Startup_Code/exceptions.o
 .debug_macro   0x0000013f      0xaba ./Project_Settings/Startup_Code/exceptions.o
 .debug_macro   0x00000bf9       0x22 ./Project_Settings/Startup_Code/exceptions.o
 .debug_macro   0x00000c1b       0x56 ./Project_Settings/Startup_Code/exceptions.o
 .debug_macro   0x00000c71       0x51 ./Project_Settings/Startup_Code/exceptions.o
 .debug_macro   0x00000cc2       0xef ./Project_Settings/Startup_Code/exceptions.o
 .debug_macro   0x00000db1       0x6a ./Project_Settings/Startup_Code/exceptions.o
 .debug_macro   0x00000e1b      0x1df ./Project_Settings/Startup_Code/exceptions.o
 .debug_macro   0x00000ffa       0x22 ./Project_Settings/Startup_Code/exceptions.o
 .debug_macro   0x0000101c      0x16d ./Project_Settings/Startup_Code/exceptions.o
 .debug_macro   0x00001189       0x84 ./Project_Settings/Startup_Code/exceptions.o
 .debug_macro   0x0000120d      0x98e ./Project_Settings/Startup_Code/exceptions.o
 .debug_macro   0x00001b9b       0x3b ./Project_Settings/Startup_Code/exceptions.o
 .debug_macro   0x00001bd6       0xa2 ./Project_Settings/Startup_Code/exceptions.o
 .debug_macro   0x00001c78       0x69 ./Project_Settings/Startup_Code/exceptions.o
 .debug_macro   0x00001ce1       0x88 ./Project_Settings/Startup_Code/exceptions.o
 .debug_macro   0x00001d69       0xdf ./Project_Settings/Startup_Code/exceptions.o
 .debug_macro   0x00001e48      0x12b ./Project_Settings/Startup_Code/exceptions.o
 .debug_macro   0x00001f73       0x16 ./Project_Settings/Startup_Code/exceptions.o
 .debug_macro   0x00001f89       0x67 ./Project_Settings/Startup_Code/exceptions.o
 .debug_macro   0x00001ff0      0x130 ./Project_Settings/Startup_Code/exceptions.o
 .debug_macro   0x00002120       0x88 ./Project_Settings/Startup_Code/exceptions.o
 .debug_macro   0x000021a8       0x58 ./Project_Settings/Startup_Code/exceptions.o
 .debug_macro   0x00002200       0x7a ./Project_Settings/Startup_Code/exceptions.o
 .debug_macro   0x0000227a      0x24c ./Project_Settings/Startup_Code/nvic.o
 .debug_macro   0x000024c6      0x533 ./Project_Settings/Startup_Code/nvic.o
 .debug_macro   0x000029f9      0x616 ./Project_Settings/Startup_Code/nvic.o
 .debug_macro   0x0000300f      0x549 ./Project_Settings/Startup_Code/nvic.o
 .debug_macro   0x00003558      0x204 ./Project_Settings/Startup_Code/nvic.o
 .debug_macro   0x0000375c     0x1421 ./Project_Settings/Startup_Code/nvic.o
 .debug_macro   0x00004b7d       0x80 ./Project_Settings/Startup_Code/nvic.o
 .debug_macro   0x00004bfd       0xba ./Project_Settings/Startup_Code/nvic.o
 .debug_macro   0x00004cb7      0x12a ./Project_Settings/Startup_Code/nvic.o
 .debug_macro   0x00004de1      0x108 ./Project_Settings/Startup_Code/nvic.o
 .debug_macro   0x00004ee9     0x1283 ./Project_Settings/Startup_Code/nvic.o
 .debug_macro   0x0000616c      0x5a3 ./Project_Settings/Startup_Code/nvic.o
 .debug_macro   0x0000670f      0x398 ./Project_Settings/Startup_Code/nvic.o
 .debug_macro   0x00006aa7     0x1889 ./Project_Settings/Startup_Code/nvic.o
 .debug_macro   0x00008330      0x11e ./Project_Settings/Startup_Code/nvic.o
 .debug_macro   0x0000844e      0x434 ./Project_Settings/Startup_Code/nvic.o
 .debug_macro   0x00008882      0xdd9 ./Project_Settings/Startup_Code/nvic.o
 .debug_macro   0x0000965b      0x402 ./Project_Settings/Startup_Code/nvic.o
 .debug_macro   0x00009a5d      0x7ee ./Project_Settings/Startup_Code/nvic.o
 .debug_macro   0x0000a24b      0x192 ./Project_Settings/Startup_Code/nvic.o
 .debug_macro   0x0000a3dd      0xc49 ./Project_Settings/Startup_Code/nvic.o
 .debug_macro   0x0000b026      0x6c1 ./Project_Settings/Startup_Code/nvic.o
 .debug_macro   0x0000b6e7      0x63f ./Project_Settings/Startup_Code/nvic.o
 .debug_macro   0x0000bd26      0x5a7 ./Project_Settings/Startup_Code/nvic.o
 .debug_macro   0x0000c2cd     0x1b4b ./Project_Settings/Startup_Code/nvic.o
 .debug_macro   0x0000de18      0x198 ./Project_Settings/Startup_Code/nvic.o
 .debug_macro   0x0000dfb0      0x322 ./Project_Settings/Startup_Code/nvic.o
 .debug_macro   0x0000e2d2      0x193 ./Project_Settings/Startup_Code/nvic.o
 .debug_macro   0x0000e465      0x294 ./Project_Settings/Startup_Code/nvic.o
 .debug_macro   0x0000e6f9      0x610 ./Project_Settings/Startup_Code/nvic.o
 .debug_macro   0x0000ed09      0x31c ./Project_Settings/Startup_Code/nvic.o
 .debug_macro   0x0000f025      0xb54 ./Project_Settings/Startup_Code/nvic.o
 .debug_macro   0x0000fb79      0x6d7 ./Project_Settings/Startup_Code/nvic.o
 .debug_macro   0x00010250      0x762 ./Project_Settings/Startup_Code/nvic.o
 .debug_macro   0x000109b2      0x1b0 ./Project_Settings/Startup_Code/nvic.o
 .debug_macro   0x00010b62      0x136 ./Project_Settings/Startup_Code/nvic.o
 .debug_macro   0x00010c98      0x144 ./Project_Settings/Startup_Code/nvic.o
 .debug_macro   0x00010ddc      0x256 ./Project_Settings/Startup_Code/nvic.o
 .debug_macro   0x00011032       0x1c ./Project_Settings/Startup_Code/nvic.o
 .debug_macro   0x0001104e       0xc8 ./Project_Settings/Startup_Code/startup.o
 .debug_macro   0x00011116      0x2df ./Project_Settings/Startup_Code/system.o
 .debug_macro   0x000113f5      0x539 ./Project_Settings/Startup_Code/system.o
 .debug_macro   0x0001192e      0x3fd ./RTD/src/Clock_Ip.o
 .debug_macro   0x00011d2b      0x34c ./RTD/src/Clock_Ip.o
 .debug_macro   0x00012077       0x8a ./RTD/src/Clock_Ip.o
 .debug_macro   0x00012101       0x34 ./RTD/src/Clock_Ip.o
 .debug_macro   0x00012135       0x50 ./RTD/src/Clock_Ip.o
 .debug_macro   0x00012185       0x50 ./RTD/src/Clock_Ip.o
 .debug_macro   0x000121d5       0x46 ./RTD/src/Clock_Ip.o
 .debug_macro   0x0001221b       0x34 ./RTD/src/Clock_Ip.o
 .debug_macro   0x0001224f       0x50 ./RTD/src/Clock_Ip.o
 .debug_macro   0x0001229f       0x50 ./RTD/src/Clock_Ip.o
 .debug_macro   0x000122ef      0x75c ./RTD/src/Clock_Ip.o
 .debug_macro   0x00012a4b      0x1a1 ./RTD/src/Clock_Ip.o
 .debug_macro   0x00012bec       0x50 ./RTD/src/Clock_Ip.o
 .debug_macro   0x00012c3c       0x50 ./RTD/src/Clock_Ip.o
 .debug_macro   0x00012c8c       0x50 ./RTD/src/Clock_Ip.o
 .debug_macro   0x00012cdc       0x50 ./RTD/src/Clock_Ip.o
 .debug_macro   0x00012d2c       0x90 ./RTD/src/Clock_Ip.o
 .debug_macro   0x00012dbc       0x50 ./RTD/src/Clock_Ip.o
 .debug_macro   0x00012e0c       0x50 ./RTD/src/Clock_Ip.o
 .debug_macro   0x00012e5c       0x50 ./RTD/src/Clock_Ip.o
 .debug_macro   0x00012eac       0x50 ./RTD/src/Clock_Ip.o
 .debug_macro   0x00012efc       0x50 ./RTD/src/Clock_Ip.o
 .debug_macro   0x00012f4c       0x50 ./RTD/src/Clock_Ip.o
 .debug_macro   0x00012f9c       0x35 ./RTD/src/Clock_Ip.o
 .debug_macro   0x00012fd1       0x50 ./RTD/src/Clock_Ip.o
 .debug_macro   0x00013021       0x50 ./RTD/src/Clock_Ip.o
 .debug_macro   0x00013071       0x50 ./RTD/src/Clock_Ip.o
 .debug_macro   0x000130c1       0x50 ./RTD/src/Clock_Ip.o
 .debug_macro   0x00013111       0x50 ./RTD/src/Clock_Ip.o
 .debug_macro   0x00013161       0x50 ./RTD/src/Clock_Ip.o
 .debug_macro   0x000131b1      0x5e0 ./RTD/src/Clock_Ip_Data.o
 .debug_macro   0x00013791      0x38c ./RTD/src/Clock_Ip_Divider.o
 .debug_macro   0x00013b1d      0x384 ./RTD/src/Clock_Ip_DividerTrigger.o
 .debug_macro   0x00013ea1      0x388 ./RTD/src/Clock_Ip_ExtOsc.o
 .debug_macro   0x00014229      0x384 ./RTD/src/Clock_Ip_FracDiv.o
 .debug_macro   0x000145ad      0x2fe ./RTD/src/Clock_Ip_Frequency.o
 .debug_macro   0x000148ab      0x396 ./RTD/src/Clock_Ip_Gate.o
 .debug_macro   0x00014c41      0x396 ./RTD/src/Clock_Ip_IntOsc.o
 .debug_macro   0x00014fd7      0x347 ./RTD/src/Clock_Ip_Irq.o
 .debug_macro   0x0001531e      0x3af ./RTD/src/Clock_Ip_Monitor.o
 .debug_macro   0x000156cd       0x34 ./RTD/src/Clock_Ip_Monitor.o
 .debug_macro   0x00015701       0x50 ./RTD/src/Clock_Ip_Monitor.o
 .debug_macro   0x00015751       0x10 ./RTD/src/Clock_Ip_Monitor.o
 .debug_macro   0x00015761       0x50 ./RTD/src/Clock_Ip_Monitor.o
 .debug_macro   0x000157b1      0x388 ./RTD/src/Clock_Ip_Pll.o
 .debug_macro   0x00015b39      0x3ac ./RTD/src/Clock_Ip_ProgFreqSwitch.o
 .debug_macro   0x00015ee5      0x3a8 ./RTD/src/Clock_Ip_Selector.o
 .debug_macro   0x0001628d      0x409 ./RTD/src/Clock_Ip_Specific.o
 .debug_macro   0x00016696      0x274 ./RTD/src/Det.o
 .debug_macro   0x0001690a       0x40 ./RTD/src/Det.o
 .debug_macro   0x0001694a       0x50 ./RTD/src/Det.o
 .debug_macro   0x0001699a       0x50 ./RTD/src/Det.o
 .debug_macro   0x000169ea       0x50 ./RTD/src/Det.o
 .debug_macro   0x00016a3a       0x50 ./RTD/src/Det.o
 .debug_macro   0x00016a8a       0x50 ./RTD/src/Det.o
 .debug_macro   0x00016ada       0x50 ./RTD/src/Det.o
 .debug_macro   0x00016b2a      0x22d ./RTD/src/Det_stub.o
 .debug_macro   0x00016d57      0x4a7 ./RTD/src/FlexCAN_Ip.o
 .debug_macro   0x000171fe       0x2e ./RTD/src/FlexCAN_Ip.o
 .debug_macro   0x0001722c       0xac ./RTD/src/FlexCAN_Ip.o
 .debug_macro   0x000172d8       0x46 ./RTD/src/FlexCAN_Ip.o
 .debug_macro   0x0001731e      0x103 ./RTD/src/FlexCAN_Ip.o
 .debug_macro   0x00017421       0x58 ./RTD/src/FlexCAN_Ip.o
 .debug_macro   0x00017479       0xe3 ./RTD/src/FlexCAN_Ip.o
 .debug_macro   0x0001755c       0x50 ./RTD/src/FlexCAN_Ip.o
 .debug_macro   0x000175ac       0x50 ./RTD/src/FlexCAN_Ip.o
 .debug_macro   0x000175fc       0x3c ./RTD/src/FlexCAN_Ip.o
 .debug_macro   0x00017638       0x50 ./RTD/src/FlexCAN_Ip.o
 .debug_macro   0x00017688       0x50 ./RTD/src/FlexCAN_Ip.o
 .debug_macro   0x000176d8       0x50 ./RTD/src/FlexCAN_Ip.o
 .debug_macro   0x00017728       0x50 ./RTD/src/FlexCAN_Ip.o
 .debug_macro   0x00017778       0xb3 ./RTD/src/FlexCAN_Ip.o
 .debug_macro   0x0001782b       0x34 ./RTD/src/FlexCAN_Ip.o
 .debug_macro   0x0001785f       0x34 ./RTD/src/FlexCAN_Ip.o
 .debug_macro   0x00017893      0x200 ./RTD/src/FlexCAN_Ip.o
 .debug_macro   0x00017a93       0x34 ./RTD/src/FlexCAN_Ip.o
 .debug_macro   0x00017ac7       0x11 ./RTD/src/FlexCAN_Ip.o
 .debug_macro   0x00017ad8       0x50 ./RTD/src/FlexCAN_Ip.o
 .debug_macro   0x00017b28       0x50 ./RTD/src/FlexCAN_Ip.o
 .debug_macro   0x00017b78      0x49c ./RTD/src/FlexCAN_Ip_HwAccess.o
 .debug_macro   0x00018014       0x50 ./RTD/src/FlexCAN_Ip_HwAccess.o
 .debug_macro   0x00018064       0x50 ./RTD/src/FlexCAN_Ip_HwAccess.o
 .debug_macro   0x000180b4      0x43c ./RTD/src/FlexCAN_Ip_Irq.o
 .debug_macro   0x000184f0      0x32b ./RTD/src/Ftm_Pwm_Ip.o
 .debug_macro   0x0001881b     0x1883 ./RTD/src/Ftm_Pwm_Ip.o
 .debug_macro   0x0001a09e       0xa6 ./RTD/src/Ftm_Pwm_Ip.o
 .debug_macro   0x0001a144       0x52 ./RTD/src/Ftm_Pwm_Ip.o
 .debug_macro   0x0001a196       0x3a ./RTD/src/Ftm_Pwm_Ip.o
 .debug_macro   0x0001a1d0       0x50 ./RTD/src/Ftm_Pwm_Ip.o
 .debug_macro   0x0001a220       0x50 ./RTD/src/Ftm_Pwm_Ip.o
 .debug_macro   0x0001a270       0xb2 ./RTD/src/Ftm_Pwm_Ip.o
 .debug_macro   0x0001a322       0x4d ./RTD/src/Ftm_Pwm_Ip.o
 .debug_macro   0x0001a36f       0x50 ./RTD/src/Ftm_Pwm_Ip.o
 .debug_macro   0x0001a3bf       0x50 ./RTD/src/Ftm_Pwm_Ip.o
 .debug_macro   0x0001a40f       0x40 ./RTD/src/Ftm_Pwm_Ip.o
 .debug_macro   0x0001a44f       0x50 ./RTD/src/Ftm_Pwm_Ip.o
 .debug_macro   0x0001a49f       0x50 ./RTD/src/Ftm_Pwm_Ip.o
 .debug_macro   0x0001a4ef       0x34 ./RTD/src/Ftm_Pwm_Ip.o
 .debug_macro   0x0001a523       0x11 ./RTD/src/Ftm_Pwm_Ip.o
 .debug_macro   0x0001a534      0x1fe ./RTD/src/Ftm_Pwm_Ip.o
 .debug_macro   0x0001a732       0x50 ./RTD/src/Ftm_Pwm_Ip.o