Archive member included to satisfy reference by file (symbol)

C:/NXP/S32DS.3.4/S32DS/build_tools/gcc_v9.2/gcc-9.2-arm32-eabi/arm-none-eabi/newlib/lib/thumb/v7e-m+fp/hard\libc_nano.a(lib_a-memcpy-stub.o)
                              ./src/lpuart_init.o (memcpy)
C:/NXP/S32DS.3.4/S32DS/build_tools/gcc_v9.2/gcc-9.2-arm32-eabi/arm-none-eabi/newlib/lib/thumb/v7e-m+fp/hard\libc_nano.a(lib_a-memset.o)
                              ./src/flexcan_init.o (memset)
C:/NXP/S32DS.3.4/S32DS/build_tools/gcc_v9.2/gcc-9.2-arm32-eabi/arm-none-eabi/newlib/lib/thumb/v7e-m+fp/hard\libc_nano.a(lib_a-strlen.o)
                              ./src/lpuart_init.o (strlen)

Discarded input sections

 .group         0x00000000        0xc ./Project_Settings/Startup_Code/exceptions.o
 .group         0x00000000        0xc ./Project_Settings/Startup_Code/exceptions.o
 .group         0x00000000        0xc ./Project_Settings/Startup_Code/exceptions.o
 .group         0x00000000        0xc ./Project_Settings/Startup_Code/exceptions.o
 .group         0x00000000        0xc ./Project_Settings/Startup_Code/exceptions.o
 .group         0x00000000        0xc ./Project_Settings/Startup_Code/exceptions.o
 .group         0x00000000        0xc ./Project_Settings/Startup_Code/exceptions.o
 .group         0x00000000        0xc ./Project_Settings/Startup_Code/exceptions.o
 .group         0x00000000        0xc ./Project_Settings/Startup_Code/exceptions.o
 .group         0x00000000        0xc ./Project_Settings/Startup_Code/exceptions.o
 .group         0x00000000        0xc ./Project_Settings/Startup_Code/exceptions.o
 .group         0x00000000        0xc ./Project_Settings/Startup_Code/exceptions.o
 .group         0x00000000        0xc ./Project_Settings/Startup_Code/exceptions.o
 .group         0x00000000        0xc ./Project_Settings/Startup_Code/exceptions.o
 .group         0x00000000        0xc ./Project_Settings/Startup_Code/exceptions.o
 .group         0x00000000        0xc ./Project_Settings/Startup_Code/exceptions.o
 .group         0x00000000        0xc ./Project_Settings/Startup_Code/exceptions.o
 .group         0x00000000        0xc ./Project_Settings/Startup_Code/exceptions.o
 .group         0x00000000        0xc ./Project_Settings/Startup_Code/exceptions.o
 .group         0x00000000        0xc ./Project_Settings/Startup_Code/exceptions.o
 .group         0x00000000        0xc ./Project_Settings/Startup_Code/exceptions.o
 .group         0x00000000        0xc ./Project_Settings/Startup_Code/exceptions.o
 .group         0x00000000        0xc ./Project_Settings/Startup_Code/exceptions.o
 .group         0x00000000        0xc ./Project_Settings/Startup_Code/nvic.o
 .group         0x00000000        0xc ./Project_Settings/Startup_Code/nvic.o
 .group         0x00000000        0xc ./Project_Settings/Startup_Code/nvic.o
 .group         0x00000000        0xc ./Project_Settings/Startup_Code/nvic.o
 .group         0x00000000        0xc ./Project_Settings/Startup_Code/nvic.o
 .group         0x00000000        0xc ./Project_Settings/Startup_Code/nvic.o
 .group         0x00000000        0xc ./Project_Settings/Startup_Code/nvic.o
 .group         0x00000000        0xc ./Project_Settings/Startup_Code/nvic.o
 .group         0x00000000        0xc ./Project_Settings/Startup_Code/nvic.o
 .group         0x00000000        0xc ./Project_Settings/Startup_Code/nvic.o
 .group         0x00000000        0xc ./Project_Settings/Startup_Code/nvic.o
 .group         0x00000000        0xc ./Project_Settings/Startup_Code/nvic.o
 .group         0x00000000        0xc ./Project_Settings/Startup_Code/nvic.o
 .group         0x00000000        0xc ./Project_Settings/Startup_Code/nvic.o
 .group         0x00000000        0xc ./Project_Settings/Startup_Code/nvic.o
 .group         0x00000000        0xc ./Project_Settings/Startup_Code/nvic.o
 .group         0x00000000        0xc ./Project_Settings/Startup_Code/nvic.o
 .group         0x00000000        0xc ./Project_Settings/Startup_Code/nvic.o
 .group         0x00000000        0xc ./Project_Settings/Startup_Code/nvic.o
 .group         0x00000000        0xc ./Project_Settings/Startup_Code/nvic.o
 .group         0x00000000        0xc ./Project_Settings/Startup_Code/nvic.o
 .group         0x00000000        0xc ./Project_Settings/Startup_Code/nvic.o
 .group         0x00000000        0xc ./Project_Settings/Startup_Code/nvic.o
 .group         0x00000000        0xc ./Project_Settings/Startup_Code/nvic.o
 .group         0x00000000        0xc ./Project_Settings/Startup_Code/nvic.o
 .group         0x00000000        0xc ./Project_Settings/Startup_Code/nvic.o
 .group         0x00000000        0xc ./Project_Settings/Startup_Code/nvic.o
 .group         0x00000000        0xc ./Project_Settings/Startup_Code/nvic.o
 .group         0x00000000        0xc ./Project_Settings/Startup_Code/nvic.o
 .group         0x00000000        0xc ./Project_Settings/Startup_Code/nvic.o
 .group         0x00000000        0xc ./Project_Settings/Startup_Code/nvic.o
[...]
Memory Configuration

Name             Origin             Length             Attributes
int_flash_interrupts 0x00000000         0x00000400
int_flash_config 0x00000400         0x00000010
int_flash        0x00000410         0x0007fbf0
int_sram_results 0x1fff8000         0x00000100
int_sram         0x1fff8100         0x0000df00
int_sram_stack_c0 0x20006000         0x00001000
ram_rsvd2        0x20007000         0x00000000
*default*        0x00000000         0xffffffff

Linker script and memory map

LOAD ./Project_Settings/Startup_Code/Vector_Table.o
LOAD ./Project_Settings/Startup_Code/exceptions.o
LOAD ./Project_Settings/Startup_Code/nvic.o
LOAD ./Project_Settings/Startup_Code/startup.o
LOAD ./Project_Settings/Startup_Code/startup_cm4.o
LOAD ./Project_Settings/Startup_Code/system.o
LOAD ./RTD/src/Clock_Ip.o
LOAD ./RTD/src/Clock_Ip_Data.o
LOAD ./RTD/src/Clock_Ip_Divider.o
LOAD ./RTD/src/Clock_Ip_DividerTrigger.o
LOAD ./RTD/src/Clock_Ip_ExtOsc.o
LOAD ./RTD/src/Clock_Ip_FracDiv.o
LOAD ./RTD/src/Clock_Ip_Frequency.o
LOAD ./RTD/src/Clock_Ip_Gate.o
LOAD ./RTD/src/Clock_Ip_IntOsc.o
LOAD ./RTD/src/Clock_Ip_Irq.o
LOAD ./RTD/src/Clock_Ip_Monitor.o
LOAD ./RTD/src/Clock_Ip_Pll.o
LOAD ./RTD/src/Clock_Ip_ProgFreqSwitch.o
LOAD ./RTD/src/Clock_Ip_Selector.o
LOAD ./RTD/src/Clock_Ip_Specific.o
LOAD ./RTD/src/Det.o
LOAD ./RTD/src/Det_stub.o
LOAD ./RTD/src/FlexCAN_Ip.o
LOAD ./RTD/src/FlexCAN_Ip_HwAccess.o
LOAD ./RTD/src/FlexCAN_Ip_Irq.o
LOAD ./RTD/src/Ftm_Gpt_Ip.o
LOAD ./RTD/src/Ftm_Pwm_Ip.o
LOAD ./RTD/src/Ftm_Pwm_Ip_Irq.o
LOAD ./RTD/src/IntCtrl_Ip.o
LOAD ./RTD/src/Lpuart_Uart_Ip.o
LOAD ./RTD/src/Lpuart_Uart_Ip_Irq.o
LOAD ./RTD/src/OsIf_Timer.o
LOAD ./RTD/src/OsIf_Timer_System.o
LOAD ./RTD/src/Port_Ci_Port_Ip.o
LOAD ./RTD/src/SchM_Can.o
LOAD ./RTD/src/SchM_Gpt.o
LOAD ./RTD/src/SchM_Mcu.o
LOAD ./RTD/src/SchM_Port.o
LOAD ./RTD/src/SchM_Pwm.o
LOAD ./RTD/src/SchM_Uart.o
LOAD ./board/Clock_Ip_Cfg.o
LOAD ./board/Clock_Ip_PBcfg.o
LOAD ./board/Port_Ci_Port_Ip_Cfg.o
LOAD ./generate/src/FlexCAN_Ip_Sa_BOARD_InitPeripherals_PBcfg.o
LOAD ./generate/src/Ftm_Gpt_Ip_BOARD_InitPeripherals_PBcfg.o
LOAD ./generate/src/Ftm_Pwm_Ip_BOARD_InitPeripherals_PBcfg.o
LOAD ./generate/src/IntCtrl_Ip_Cfg.o
LOAD ./generate/src/Lpuart_Uart_Ip_Sa_BOARD_InitPeripherals_PBcfg.o
LOAD ./generate/src/OsIf_Cfg.o
LOAD ./src/Interruptions_init.o
LOAD ./src/flexcan_init.o
LOAD ./src/ftm_init.o
LOAD ./src/ftm_pwm_init.o
LOAD ./src/lpuart_init.o
LOAD ./src/main.o
LOAD C:/NXP/S32DS.3.4/S32DS/build_tools/gcc_v9.2/gcc-9.2-arm32-eabi/arm-none-eabi/newlib/lib/thumb/v7e-m+fp/hard\libc_nano.a
LOAD C:/NXP/S32DS.3.4/S32DS/build_tools/gcc_v9.2/gcc-9.2-arm32-eabi/arm-none-eabi/newlib/lib/thumb/v7e-m+fp/hard\libm.a
LOAD c:/nxp/s32ds.3.4/s32ds/build_tools/gcc_v9.2/gcc-9.2-arm32-eabi/bin/../lib/gcc/arm-none-eabi/9.2.0/thumb/v7e-m+fp/hard\libgcc.a
START GROUP
LOAD c:/nxp/s32ds.3.4/s32ds/build_tools/gcc_v9.2/gcc-9.2-arm32-eabi/bin/../lib/gcc/arm-none-eabi/9.2.0/thumb/v7e-m+fp/hard\libgcc.a
LOAD C:/NXP/S32DS.3.4/S32DS/build_tools/gcc_v9.2/gcc-9.2-arm32-eabi/arm-none-eabi/newlib/lib/thumb/v7e-m+fp/hard\libg_nano.a
LOAD C:/NXP/S32DS.3.4/S32DS/build_tools/gcc_v9.2/gcc-9.2-arm32-eabi/arm-none-eabi/newlib/lib/thumb/v7e-m+fp/hard\libc_nano.a
END GROUP
START GROUP
LOAD c:/nxp/s32ds.3.4/s32ds/build_tools/gcc_v9.2/gcc-9.2-arm32-eabi/bin/../lib/gcc/arm-none-eabi/9.2.0/thumb/v7e-m+fp/hard\libgcc.a
LOAD C:/NXP/S32DS.3.4/S32DS/build_tools/gcc_v9.2/gcc-9.2-arm32-eabi/arm-none-eabi/newlib/lib/thumb/v7e-m+fp/hard\libc_nano.a
LOAD C:/NXP/S32DS.3.4/S32DS/build_tools/gcc_v9.2/gcc-9.2-arm32-eabi/arm-none-eabi/newlib/lib/thumb/v7e-m+fp/hard\libnosys.a
END GROUP
START GROUP
LOAD c:/nxp/s32ds.3.4/s32ds/build_tools/gcc_v9.2/gcc-9.2-arm32-eabi/bin/../lib/gcc/arm-none-eabi/9.2.0/thumb/v7e-m+fp/hard\libgcc.a
LOAD C:/NXP/S32DS.3.4/S32DS/build_tools/gcc_v9.2/gcc-9.2-arm32-eabi/arm-none-eabi/newlib/lib/thumb/v7e-m+fp/hard\libc_nano.a
LOAD C:/NXP/S32DS.3.4/S32DS/build_tools/gcc_v9.2/gcc-9.2-arm32-eabi/arm-none-eabi/newlib/lib/thumb/v7e-m+fp/hard\libnosys.a
END GROUP
                0x00000200                HEAP_SIZE = DEFINED (__heap_size__)?__heap_size__:0x200

.flash_interrupts
                0x00000000      0x310
                0x00000000                . = ALIGN (0x1000)
                0x00000000                __interrupts_rom_start = .
 *(.intc_vector)
 .intc_vector   0x00000000      0x310 ./Project_Settings/Startup_Code/Vector_Table.o
                0x00000000                VTABLE
                0x00000310                . = ALIGN (0x4)
                0x00000310                __interrupts_rom_end = .

.flash_config   0x00000400       0x10
 *(.flash_config)
 .flash_config  0x00000400       0x10 ./Project_Settings/Startup_Code/startup_cm4.o

.flash          0x00000410     0xa428
                0x00000410                . = ALIGN (0x4)
 *(.startup)
 .startup       0x00000410       0xb8 ./Project_Settings/Startup_Code/startup_cm4.o
                0x00000410                Reset_Handler
                0x00000410                _start
                0x00000494                MCAL_LTB_TRACE_OFF
                0x00000496                _end_of_eunit_test
                0x000004c8                . = ALIGN (0x4)
 *(.systeminit)
 .systeminit    0x000004c8        0x2 ./Project_Settings/Startup_Code/exceptions.o
                0x000004c8                NMI_Handler
 *fill*         0x000004ca        0x2 
 .systeminit    0x000004cc       0x88 ./Project_Settings/Startup_Code/system.o
                0x000004cc                SystemInit
                0x00000554                . = ALIGN (0x4)
 *(.text.startup)
 .text.startup  0x00000554       0x4c ./src/main.o
                0x00000554                main
                0x000005a0                . = ALIGN (0x4)
 *(.text)
 .text          0x000005a0        0x0 ./Project_Settings/Startup_Code/Vector_Table.o
 .text          0x000005a0       0x12 ./Project_Settings/Startup_Code/exceptions.o
                0x000005a0                HardFault_Handler
                0x000005a2                MemManage_Handler
                0x000005a4                BusFault_Handler
                0x000005a6                UsageFault_Handler
                0x000005a8                SVC_Handler
                0x000005aa                DebugMon_Handler
                0x000005ac                PendSV_Handler
                0x000005ae                SysTick_Handler
                0x000005b0                undefined_handler
 *fill*         0x000005b2        0x2 
 .text          0x000005b4       0x5c ./Project_Settings/Startup_Code/nvic.o
                0x000005b4                NVIC_SetPriorityGrouping
                0x000005c8                NVIC_EnableIRQ
                0x000005e0                NVIC_DisableIRQ
                0x000005fc                NVIC_SetPriority
 .text          0x00000610       0x54 ./Project_Settings/Startup_Code/startup.o
                0x00000610                init_data_bss
 .text          0x00000664        0x0 ./Project_Settings/Startup_Code/startup_cm4.o
 .text          0x00000664        0x8 ./Project_Settings/Startup_Code/system.o
                0x00000664                startup_go_to_user_mode
                0x00000666                default_interrupt_routine
                0x00000668                Sys_GetCoreID
 .text          0x0000066c        0x0 ./RTD/src/Clock_Ip.o
 .text          0x0000066c        0x0 ./RTD/src/Clock_Ip_Data.o
 .text          0x0000066c        0x0 ./RTD/src/Clock_Ip_Divider.o
 .text          0x0000066c        0x0 ./RTD/src/Clock_Ip_DividerTrigger.o
 .text          0x0000066c        0x0 ./RTD/src/Clock_Ip_ExtOsc.o
 .text          0x0000066c        0x0 ./RTD/src/Clock_Ip_FracDiv.o
 .text          0x0000066c        0x0 ./RTD/src/Clock_Ip_Frequency.o
 .text          0x0000066c        0x0 ./RTD/src/Clock_Ip_Gate.o
 .text          0x0000066c        0x0 ./RTD/src/Clock_Ip_IntOsc.o
 .text          0x0000066c        0x0 ./RTD/src/Clock_Ip_Irq.o
 .text          0x0000066c        0x0 ./RTD/src/Clock_Ip_Monitor.o
 .text          0x0000066c        0x0 ./RTD/src/Clock_Ip_Pll.o
 .text          0x0000066c        0x0 ./RTD/src/Clock_Ip_ProgFreqSwitch.o
 .text          0x0000066c        0x0 ./RTD/src/Clock_Ip_Selector.o
 .text          0x0000066c        0x0 ./RTD/src/Clock_Ip_Specific.o
 .text          0x0000066c        0x0 ./RTD/src/Det.o
 .text          0x0000066c        0x0 ./RTD/src/Det_stub.o
 .text          0x0000066c        0x0 ./RTD/src/FlexCAN_Ip.o
 .text          0x0000066c        0x0 ./RTD/src/FlexCAN_Ip_HwAccess.o
 .text          0x0000066c        0x0 ./RTD/src/FlexCAN_Ip_Irq.o
 .text          0x0000066c        0x0 ./RTD/src/Ftm_Gpt_Ip.o
 .text          0x0000066c        0x0 ./RTD/src/Ftm_Pwm_Ip.o
 .text          0x0000066c        0x0 ./RTD/src/Ftm_Pwm_Ip_Irq.o
 .text          0x0000066c        0x0 ./RTD/src/IntCtrl_Ip.o
 .text          0x0000066c        0x0 ./RTD/src/Lpuart_Uart_Ip.o
 .text          0x0000066c        0x0 ./RTD/src/Lpuart_Uart_Ip_Irq.o
 .text          0x0000066c        0x0 ./RTD/src/OsIf_Timer.o
 .text          0x0000066c        0x0 ./RTD/src/OsIf_Timer_System.o
 .text          0x0000066c        0x0 ./RTD/src/Port_Ci_Port_Ip.o
 .text          0x0000066c        0x6 ./RTD/src/SchM_Can.o
                0x0000066c                Can_schm_read_msr
 .text          0x00000672        0x6 ./RTD/src/SchM_Gpt.o
                0x00000672                Gpt_schm_read_msr
 .text          0x00000678        0x6 ./RTD/src/SchM_Mcu.o
                0x00000678                Mcu_schm_read_msr
 .text          0x0000067e        0x6 ./RTD/src/SchM_Port.o
                0x0000067e                Port_schm_read_msr
 .text          0x00000684        0x6 ./RTD/src/SchM_Pwm.o
                0x00000684                Pwm_schm_read_msr
 .text          0x0000068a        0x6 ./RTD/src/SchM_Uart.o
                0x0000068a                Uart_schm_read_msr
 .text          0x00000690        0x0 ./board/Clock_Ip_Cfg.o
 .text          0x00000690        0x0 ./board/Clock_Ip_PBcfg.o
 .text          0x00000690        0x0 ./board/Port_Ci_Port_Ip_Cfg.o
 .text          0x00000690        0x0 ./generate/src/FlexCAN_Ip_Sa_BOARD_InitPeripherals_PBcfg.o
 .text          0x00000690        0x0 ./generate/src/Ftm_Gpt_Ip_BOARD_InitPeripherals_PBcfg.o
 .text          0x00000690        0x0 ./generate/src/Ftm_Pwm_Ip_BOARD_InitPeripherals_PBcfg.o
 .text          0x00000690        0x0 ./generate/src/IntCtrl_Ip_Cfg.o
 .text          0x00000690        0x0 ./generate/src/Lpuart_Uart_Ip_Sa_BOARD_InitPeripherals_PBcfg.o
 .text          0x00000690        0x0 ./generate/src/OsIf_Cfg.o
 .text          0x00000690       0x38 ./src/Interruptions_init.o
                0x00000690                INTERRUPT_INIT
 .text          0x000006c8       0xc0 ./src/flexcan_init.o
                0x000006c8                FLEXCAN0_INIT
                0x000006f8                FLEXCAN0_RX_INIT
                0x0000072c                FLEXCAN0_SEND
                0x0000076c                Flexcan0_callback
 .text          0x00000788       0x60 ./src/ftm_init.o
                0x00000788                FTM_INIT
                0x000007c0                Ftm0_ch1_int
 .text          0x000007e8       0x48 ./src/ftm_pwm_init.o
                0x000007e8                FTM0_PWM_INIT
                0x00000828                FTM0_PWM_DEINIT
 .text          0x00000830       0x68 ./src/lpuart_init.o
                0x00000830                LPUART_INIT
                0x0000085c                LPUART_DEINIT
                0x00000862                U1_printf
 .text          0x00000898        0x0 ./src/main.o
 .text          0x00000898        0x0 C:/NXP/S32DS.3.4/S32DS/build_tools/gcc_v9.2/gcc-9.2-arm32-eabi/arm-none-eabi/newlib/lib/thumb/v7e-m+fp/hard\libc_nano.a(lib_a-memcpy-stub.o)
 .text          0x00000898        0x0 C:/NXP/S32DS.3.4/S32DS/build_tools/gcc_v9.2/gcc-9.2-arm32-eabi/arm-none-eabi/newlib/lib/thumb/v7e-m+fp/hard\libc_nano.a(lib_a-memset.o)
 .text          0x00000898       0x10 C:/NXP/S32DS.3.4/S32DS/build_tools/gcc_v9.2/gcc-9.2-arm32-eabi/arm-none-eabi/newlib/lib/thumb/v7e-m+fp/hard\libc_nano.a(lib_a-strlen.o)
                0x00000898                strlen
 *(.text*)
 .text.memcpy   0x000008a8       0x1c C:/NXP/S32DS.3.4/S32DS/build_tools/gcc_v9.2/gcc-9.2-arm32-eabi/arm-none-eabi/newlib/lib/thumb/v7e-m+fp/hard\libc_nano.a(lib_a-memcpy-stub.o)
                0x000008a8                memcpy
 .text.memset   0x000008c4       0x10 C:/NXP/S32DS.3.4/S32DS/build_tools/gcc_v9.2/gcc-9.2-arm32-eabi/arm-none-eabi/newlib/lib/thumb/v7e-m+fp/hard\libc_nano.a(lib_a-memset.o)
                0x000008c4                memset
                0x000008d4                . = ALIGN (0x4)
 *(.mcal_text)
 .mcal_text     0x000008d4      0x7f8 ./RTD/src/Clock_Ip.o
                0x000008d6                Clock_Ip_InitClock
                0x00000e2c                Clock_Ip_GetPllStatus
                0x00000e6c                Clock_Ip_DistributePll
                0x00000f64                Clock_Ip_Init
                0x00000f88                Clock_Ip_DisableClockMonitor
                0x00000fb0                Clock_Ip_GetClockMonitorStatus
                0x00000fd8                Clock_Ip_ClearClockMonitorStatus
                0x00001000                Clock_Ip_PowerModeChangeNotification
                0x00001028                Clock_Ip_InstallNotificationsCallback
                0x00001034                Clock_Ip_DisableModuleClock
                0x0000105c                Clock_Ip_EnableModuleClock
                0x00001084                ReportClockErrors
                0x00001090                ClockStartTimeout
                0x000010b0                ClockTimeoutExpired
 .mcal_text     0x000010cc      0x1d0 ./RTD/src/Clock_Ip_Divider.o
 .mcal_text     0x0000129c        0x2 ./RTD/src/Clock_Ip_DividerTrigger.o
 *fill*         0x0000129e        0x2 
 .mcal_text     0x000012a0      0x144 ./RTD/src/Clock_Ip_ExtOsc.o
 .mcal_text     0x000013e4        0x6 ./RTD/src/Clock_Ip_FracDiv.o
 *fill*         0x000013ea        0x2 
 .mcal_text     0x000013ec      0x164 ./RTD/src/Clock_Ip_Gate.o
 .mcal_text     0x00001550      0x3d8 ./RTD/src/Clock_Ip_IntOsc.o
 .mcal_text     0x00001928        0xa ./RTD/src/Clock_Ip_Monitor.o
 *fill*         0x00001932        0x2 
 .mcal_text     0x00001934      0x118 ./RTD/src/Clock_Ip_Pll.o
 .mcal_text     0x00001a4c        0x2 ./RTD/src/Clock_Ip_ProgFreqSwitch.o
 *fill*         0x00001a4e        0x2 
 .mcal_text     0x00001a50      0x2d4 ./RTD/src/Clock_Ip_Selector.o
 .mcal_text     0x00001d24      0x7f0 ./RTD/src/Clock_Ip_Specific.o
                0x00001d24                SpecificPeripheralClockInitialization
                0x00001d26                DisableSafeClock
                0x00001d8c                SpecificPlatformInitClock
                0x00001e6c                ClockInitializeObjects
                0x00002368                ClockPowerModeChangeNotification
 .mcal_text     0x00002514       0x7c ./RTD/src/Det.o
                0x00002514                Det_Init
                0x00002516                Det_ReportError
                0x0000253c                Det_ReportRuntimeError
                0x00002564                Det_ReportTransientFault
                0x0000258c                Det_Start
 .mcal_text     0x00002590      0x198 ./RTD/src/Det_stub.o
                0x00002590                Det_TestLastReportError
                0x000025d4                Det_TestLastReportRuntimeError
                0x00002618                Det_TestLastReportTransientFault
                0x0000265c                Det_TestNoError
                0x000026a0                Det_TestNoRuntimeError
                0x000026e4                Det_TestNoTransientFault
 .mcal_text     0x00002728     0x1924 ./RTD/src/FlexCAN_Ip.o
                0x00002b98                FlexCAN_Ip_Init_Privileged
                0x00002d2c                FlexCAN_Ip_Send
                0x00002d94                FlexCAN_Ip_ConfigRxMb
                0x00002e1c                FlexCAN_Ip_Receive
                0x00002e64                FlexCAN_Ip_ReceiveBlocking
                0x00002f48                FlexCAN_Ip_RxFifo
                0x00002f50                FlexCAN_Ip_RxFifoBlocking
                0x00003024                FlexCAN_Ip_ConfigRxFifo_Privileged
                0x00003080                FlexCAN_Ip_ConfigRemoteResponseMb
                0x0000312c                FlexCAN_Ip_GetTransferStatus
                0x00003160                FlexCAN_IRQHandler
                0x00003354                FlexCAN_Ip_ClearErrorStatus
                0x00003368                FlexCAN_Ip_GetErrorStatus
                0x0000337c                FlexCAN_Ip_GetControllerTxErrorCounter
                0x00003394                FlexCAN_Ip_GetControllerRxErrorCounter
                0x000033ac                FlexCAN_Error_IRQHandler
                0x0000342c                FlexCAN_BusOff_IRQHandler
                0x000034d0                FlexCAN_Ip_SendBlocking
                0x000035c0                FlexCAN_Ip_SetRxMbGlobalMask_Privileged
                0x00003610                FlexCAN_Ip_EnterFreezeMode_Privileged
                0x00003620                FlexCAN_Ip_ExitFreezeMode_Privileged
                0x00003630                FlexCAN_Ip_SetRxIndividualMask_Privileged
                0x000036a4                FlexCAN_Ip_SetRxFifoGlobalMask_Privileged
                0x000036f4                FlexCAN_Ip_Deinit_Privileged
                0x00003764                FlexCAN_Ip_MainFunctionRead
                0x000037c4                FlexCAN_Ip_MainFunctionBusOff_Privileged
                0x000037fc                FlexCAN_Ip_MainFunctionWrite
                0x00003840                FlexCAN_Ip_GetStopMode_Privileged
                0x00003854                FlexCAN_Ip_GetStartMode_Privileged
                0x0000386c                FlexCAN_Ip_SetStartMode_Privileged
                0x00003898                FlexCAN_Ip_SetStopMode_Privileged
                0x000038c0                FlexCAN_Ip_SetRxMaskType_Privileged
                0x00003924                FlexCAN_Ip_SetBitrate_Privileged
                0x00003998                FlexCAN_Ip_GetBitrate
                0x00003a04                FlexCAN_Ip_ClearTDCFail
                0x00003a30                FlexCAN_Ip_GetTDCFail
                0x00003a4c                FlexCAN_Ip_GetTDCValue
                0x00003a68                FlexCAN_Ip_SetBitrateCbt_Privileged
                0x00003b0c                FlexCAN_Ip_GetBitrateFD
                0x00003b58                FlexCAN_Ip_SetTDCOffset_Privileged
                0x00003bdc                FlexCAN_Ip_SetTxArbitrationStartDelay_Privileged
                0x00003c40                FlexCAN_Ip_GetBuffStatusFlag
                0x00003c60                FlexCAN_Ip_ClearBuffStatusFlag
                0x00003c74                FlexCAN_Ip_EnableInterrupts_Privileged
                0x00003cac                FlexCAN_Ip_DisableInterrupts_Privileged
                0x00003ce0                FlexCAN_Ip_SetErrorInt_Privileged
                0x00003d6c                FlexCAN_Ip_AbortTransfer
                0x00003ebc                FlexCAN_Ip_SetRxMb14Mask_Privileged
                0x00003f0c                FlexCAN_Ip_SetRxMb15Mask_Privileged
                0x00003f5c                FlexCAN_Ip_SetListenOnlyMode_Privileged
                0x00003fc4                FlexCAN_Ip_GetListenOnlyMode
                0x00003fd8                FlexCAN_Ip_ManualBusOffRecovery
 .mcal_text     0x0000404c      0x9e0 ./RTD/src/FlexCAN_Ip_HwAccess.o
                0x0000404c                FlexCAN_GetMaxMbNum
                0x00004074                FlexCAN_EnterFreezeMode
                0x000040d4                FlexCAN_Enable
                0x0000411e                FlexCAN_ExitFreezeMode
                0x00004170                FlexCAN_Disable
                0x000041c0                FlexCAN_SetErrIntCmd
                0x00004228                FlexCAN_EnableRxFifo
                0x00004276                FlexCAN_IsFDAvailable
                0x00004284                FlexCAN_Init
                0x00004338                FlexCAN_GetMsgBuffRegion
                0x0000437e                FlexCAN_SetPayloadSize
                0x000043ac                FlexCAN_GetMbPayloadSize
                0x000043c6                FlexCAN_LockRxMsgBuff
                0x000043d0                FlexCAN_SetMsgBuffIntCmd
                0x00004424                FLEXCAN_ClearMsgBuffIntCmd
                0x00004460                FlexCAN_DisableInterrupts
                0x00004466                FlexCAN_EnableInterrupts
                0x00004474                FlexCAN_SetRxMsgBuff
                0x000044f8                FlexCAN_GetMsgBuffTimestamp
                0x00004504                FlexCAN_GetMsgBuff
                0x0000459c                FlexCAN_SetTxMsgBuff
                0x000046b0                FlexCAN_SetMaxMsgBuffNum
                0x0000473c                FlexCAN_SetOperationMode
                0x0000477a                FlexCAN_SetRxFifoFilter
                0x00004924                FlexCAN_ReadRxFifo
                0x0000498c                FlexCAN_IsMbOutOfRange
                0x000049ae                FlexCAN_ConfigCtrlOptions
 .mcal_text     0x00004a2c       0xae ./RTD/src/FlexCAN_Ip_Irq.o
                0x00004a2c                CAN0_ORED_IRQHandler
                0x00004a3a                CAN0_Error_IRQHandler
                0x00004a48                CAN0_ORED_0_15_MB_IRQHandler
                0x00004a5a                CAN0_ORED_16_31_MB_IRQHandler
                0x00004a6c                CAN1_ORED_IRQHandler
                0x00004a7a                CAN1_Error_IRQHandler
                0x00004a88                CAN1_ORED_0_15_MB_IRQHandler
                0x00004a9a                CAN1_ORED_16_31_MB_IRQHandler
                0x00004aac                CAN2_ORED_IRQHandler
                0x00004aba                CAN2_Error_IRQHandler
                0x00004ac8                CAN2_ORED_0_15_MB_IRQHandler
 *fill*         0x00004ada        0x2 
 .mcal_text     0x00004adc      0x37c ./RTD/src/Ftm_Gpt_Ip.o
                0x00004b04                Ftm_Gpt_Ip_GetCounter
                0x00004b14                Ftm_Gpt_Ip_GetCompareValue
                0x00004b28                Ftm_Gpt_Ip_GetInterruptFlag
                0x00004b40                Ftm_Gpt_Ip_GetInterruptBit
                0x00004b58                Ftm_Gpt_Ip_Init
                0x00004bdc                Ftm_Gpt_Ip_InitChannel
                0x00004c48                Ftm_Gpt_Ip_Deinit
                0x00004cc4                Ftm_Gpt_Ip_StartCounting
                0x00004d10                Ftm_Gpt_Ip_StartTimer
                0x00004d4c                Ftm_Gpt_Ip_StopTimer
                0x00004d80                Ftm_Gpt_Ip_EnableChannelInterrupt
                0x00004dac                Ftm_Gpt_Ip_DisableChannelInterrupt
                0x00004ddc                Ftm_Gpt_Ip_SetHalfCycleReloadPoint
                0x00004dec                FTM_0_CH_0_CH_1_ISR
 .mcal_text     0x00004e58     0x1254 ./RTD/src/Ftm_Pwm_Ip.o
                0x00004fec                Ftm_Pwm_Ip_SwOutputControl
                0x00005084                Ftm_Pwm_Ip_DeInit
                0x0000516c                Ftm_Pwm_Ip_UpdatePwmChannel
                0x000051e8                Ftm_Pwm_Ip_UpdatePwmDutyCycleChannel
                0x0000529c                Ftm_Pwm_Ip_Init
                0x00005ac0                Ftm_Pwm_Ip_UpdatePwmPeriod
                0x00005afc                Ftm_Pwm_Ip_UpdatePwmPeriodAndDuty
                0x00005b78                Ftm_Pwm_Ip_GetOutputState
                0x00005b9c                Ftm_Pwm_Ip_DisableNotification
                0x00005c0c                Ftm_Pwm_Ip_EnableNotification
                0x00005dcc                Ftm_Pwm_Ip_SetPowerState
                0x00005e00                Ftm_Pwm_Ip_SetClockMode
                0x00005e30                Ftm_Pwm_Ip_ResetCounter
                0x00005e54                Ftm_Pwm_Ip_GetChannelState
                0x00005e64                Ftm_Pwm_Ip_FastUpdatePwmDuty
                0x00005eb0                Ftm_Pwm_Ip_MaskOutputChannels
                0x00005edc                Ftm_Pwm_Ip_UnMaskOutputChannels
                0x00005f0c                Ftm_Pwm_Ip_SetPhaseShift
                0x00005fa8                Ftm_Pwm_Ip_SetDutyPhaseShift
                0x00005ff8                Ftm_Pwm_Ip_DisableTrigger
                0x0000601c                Ftm_Pwm_Ip_EnableTrigger
                0x0000603c                Ftm_Pwm_Ip_SyncUpdate
                0x0000605c                Ftm_Pwm_Ip_SetChannelDeadTime
 .mcal_text     0x000060ac      0x1f8 ./RTD/src/IntCtrl_Ip.o
                0x00006164                IntCtrl_Ip_Init
                0x000061ac                IntCtrl_Ip_ConfigIrqRouting
                0x000061e0                IntCtrl_Ip_InstallHandler
                0x000061e2                IntCtrl_Ip_EnableIrq
                0x000061e4                IntCtrl_Ip_DisableIrq
                0x000061e6                IntCtrl_Ip_SetPriority
                0x000061e8                IntCtrl_Ip_GetPriority
                0x00006204                IntCtrl_Ip_ClearPending
                0x0000622c                IntCtrl_Ip_SetPending
                0x00006254                IntCtrl_Ip_GetPending
                0x0000627c                IntCtrl_Ip_GetActive
 .mcal_text     0x000062a4      0xb38 ./RTD/src/Lpuart_Uart_Ip.o
                0x000064f8                Lpuart_Uart_Ip_Init
                0x000065ec                Lpuart_Uart_Ip_Deinit
                0x00006668                Lpuart_Uart_Ip_SyncSend
                0x00006738                Lpuart_Uart_Ip_AsyncSend
                0x000067b0                Lpuart_Uart_Ip_GetTransmitStatus
                0x000067e4                Lpuart_Uart_Ip_AbortSendingData
                0x00006824                Lpuart_Uart_Ip_SyncReceive
                0x00006988                Lpuart_Uart_Ip_AsyncReceive
                0x00006a38                Lpuart_Uart_Ip_GetReceiveStatus
                0x00006a6c                Lpuart_Uart_Ip_AbortReceivingData
                0x00006abc                Lpuart_Uart_Ip_SetBaudRate
                0x00006b8c                Lpuart_Uart_Ip_GetBaudRate
                0x00006b9c                Lpuart_Uart_Ip_SetTxBuffer
                0x00006bb0                Lpuart_Uart_Ip_SetRxBuffer
                0x00006bc4                Lpuart_Uart_Ip_IrqHandler
 .mcal_text     0x00006ddc        0xe ./RTD/src/Lpuart_Uart_Ip_Irq.o
                0x00006ddc                LPUART_UART_IP_1_IRQHandler
 .mcal_text     0x00006dea       0x1c ./RTD/src/OsIf_Timer.o
                0x00006dea                OsIf_Init
                0x00006df0                OsIf_GetCounter
                0x00006df4                OsIf_GetElapsed
                0x00006dfc                OsIf_SetTimerFrequency
                0x00006dfe                OsIf_MicrosToTicks
 .mcal_text     0x00006e06      0x254 ./RTD/src/Port_Ci_Port_Ip.o
                0x00006e06                Port_Ci_Port_Ip_ReadPCR
                0x00006e12                Port_Ci_Port_Ip_SetPCR
                0x00006e28                Port_Ci_Port_Ip_SetPSOR
                0x00006e2c                Port_Ci_Port_Ip_SetPCOR
                0x00006e30                Port_Ci_Port_Ip_SetPDDR
                0x00006e48                Port_Ci_Port_Ip_ClearPDDR
                0x00006e62                Port_Ci_Port_Ip_SetPIDR
                0x00006e7a                Port_Ci_Port_Ip_SetDFER
                0x00006e96                Port_Ci_Port_Ip_Init
                0x00006f90                Port_Ci_Port_Ip_SetMuxModeSel
                0x00006fc8                Port_Ci_Port_Ip_EnableDigitalFilter
                0x00006ff0                Port_Ci_Port_Ip_DisableDigitalFilter
                0x0000701a                Port_Ci_Port_Ip_ConfigDigitalFilter
                0x00007036                Port_Ci_Port_Ip_SetGlobalPinControl
 *fill*         0x0000705a        0x2 
 .mcal_text     0x0000705c      0x5e8 ./RTD/src/SchM_Can.o
                0x0000705c                SchM_Enter_Can_CAN_EXCLUSIVE_AREA_00
                0x00007084                SchM_Exit_Can_CAN_EXCLUSIVE_AREA_00
                0x000070a4                SchM_Enter_Can_CAN_EXCLUSIVE_AREA_01
                0x000070cc                SchM_Exit_Can_CAN_EXCLUSIVE_AREA_01
                0x000070ec                SchM_Enter_Can_CAN_EXCLUSIVE_AREA_02
                0x00007114                SchM_Exit_Can_CAN_EXCLUSIVE_AREA_02
                0x00007134                SchM_Enter_Can_CAN_EXCLUSIVE_AREA_03
                0x0000715c                SchM_Exit_Can_CAN_EXCLUSIVE_AREA_03
                0x0000717c                SchM_Enter_Can_CAN_EXCLUSIVE_AREA_04
                0x000071a4                SchM_Exit_Can_CAN_EXCLUSIVE_AREA_04
                0x000071c4                SchM_Enter_Can_CAN_EXCLUSIVE_AREA_05
                0x000071ec                SchM_Exit_Can_CAN_EXCLUSIVE_AREA_05
                0x0000720c                SchM_Enter_Can_CAN_EXCLUSIVE_AREA_06
                0x00007234                SchM_Exit_Can_CAN_EXCLUSIVE_AREA_06
                0x00007254                SchM_Enter_Can_CAN_EXCLUSIVE_AREA_07
                0x0000727c                SchM_Exit_Can_CAN_EXCLUSIVE_AREA_07
                0x0000729c                SchM_Enter_Can_CAN_EXCLUSIVE_AREA_08
                0x000072c4                SchM_Exit_Can_CAN_EXCLUSIVE_AREA_08
                0x000072e4                SchM_Enter_Can_CAN_EXCLUSIVE_AREA_09
                0x0000730c                SchM_Exit_Can_CAN_EXCLUSIVE_AREA_09
                0x0000732c                SchM_Enter_Can_CAN_EXCLUSIVE_AREA_10
                0x00007354                SchM_Exit_Can_CAN_EXCLUSIVE_AREA_10
                0x00007374                SchM_Enter_Can_CAN_EXCLUSIVE_AREA_11
                0x0000739c                SchM_Exit_Can_CAN_EXCLUSIVE_AREA_11
                0x000073bc                SchM_Enter_Can_CAN_EXCLUSIVE_AREA_12
                0x000073e4                SchM_Exit_Can_CAN_EXCLUSIVE_AREA_12
                0x00007404                SchM_Enter_Can_CAN_EXCLUSIVE_AREA_13
                0x0000742c                SchM_Exit_Can_CAN_EXCLUSIVE_AREA_13
                0x0000744c                SchM_Enter_Can_CAN_EXCLUSIVE_AREA_14
                0x00007474                SchM_Exit_Can_CAN_EXCLUSIVE_AREA_14
                0x00007494                SchM_Enter_Can_CAN_EXCLUSIVE_AREA_15
                0x000074bc                SchM_Exit_Can_CAN_EXCLUSIVE_AREA_15
                0x000074dc                SchM_Enter_Can_CAN_EXCLUSIVE_AREA_16
                0x00007504                SchM_Exit_Can_CAN_EXCLUSIVE_AREA_16
                0x00007524                SchM_Enter_Can_CAN_EXCLUSIVE_AREA_17
                0x0000754c                SchM_Exit_Can_CAN_EXCLUSIVE_AREA_17
                0x0000756c                SchM_Enter_Can_CAN_EXCLUSIVE_AREA_18
                0x00007594                SchM_Exit_Can_CAN_EXCLUSIVE_AREA_18
                0x000075b4                SchM_Enter_Can_CAN_EXCLUSIVE_AREA_19
                0x000075dc                SchM_Exit_Can_CAN_EXCLUSIVE_AREA_19
                0x000075fc                SchM_Enter_Can_CAN_EXCLUSIVE_AREA_20
                0x00007624                SchM_Exit_Can_CAN_EXCLUSIVE_AREA_20
 .mcal_text     0x00007644      0xe10 ./RTD/src/SchM_Gpt.o
                0x00007644                SchM_Enter_Gpt_GPT_EXCLUSIVE_AREA_00
                0x0000766c                SchM_Exit_Gpt_GPT_EXCLUSIVE_AREA_00
                0x0000768c                SchM_Enter_Gpt_GPT_EXCLUSIVE_AREA_01
                0x000076b4                SchM_Exit_Gpt_GPT_EXCLUSIVE_AREA_01
                0x000076d4                SchM_Enter_Gpt_GPT_EXCLUSIVE_AREA_02
                0x000076fc                SchM_Exit_Gpt_GPT_EXCLUSIVE_AREA_02
                0x0000771c                SchM_Enter_Gpt_GPT_EXCLUSIVE_AREA_03
                0x00007744                SchM_Exit_Gpt_GPT_EXCLUSIVE_AREA_03
                0x00007764                SchM_Enter_Gpt_GPT_EXCLUSIVE_AREA_04
                0x0000778c                SchM_Exit_Gpt_GPT_EXCLUSIVE_AREA_04
                0x000077ac                SchM_Enter_Gpt_GPT_EXCLUSIVE_AREA_05
                0x000077d4                SchM_Exit_Gpt_GPT_EXCLUSIVE_AREA_05
                0x000077f4                SchM_Enter_Gpt_GPT_EXCLUSIVE_AREA_06
                0x0000781c                SchM_Exit_Gpt_GPT_EXCLUSIVE_AREA_06
                0x0000783c                SchM_Enter_Gpt_GPT_EXCLUSIVE_AREA_07
                0x00007864                SchM_Exit_Gpt_GPT_EXCLUSIVE_AREA_07
                0x00007884                SchM_Enter_Gpt_GPT_EXCLUSIVE_AREA_10
                0x000078ac                SchM_Exit_Gpt_GPT_EXCLUSIVE_AREA_10
                0x000078cc                SchM_Enter_Gpt_GPT_EXCLUSIVE_AREA_11
                0x000078f4                SchM_Exit_Gpt_GPT_EXCLUSIVE_AREA_11
                0x00007914                SchM_Enter_Gpt_GPT_EXCLUSIVE_AREA_17
                0x0000793c                SchM_Exit_Gpt_GPT_EXCLUSIVE_AREA_17
                0x0000795c                SchM_Enter_Gpt_GPT_EXCLUSIVE_AREA_18
                0x00007984                SchM_Exit_Gpt_GPT_EXCLUSIVE_AREA_18
                0x000079a4                SchM_Enter_Gpt_GPT_EXCLUSIVE_AREA_20
                0x000079cc                SchM_Exit_Gpt_GPT_EXCLUSIVE_AREA_20
                0x000079ec                SchM_Enter_Gpt_GPT_EXCLUSIVE_AREA_21
                0x00007a14                SchM_Exit_Gpt_GPT_EXCLUSIVE_AREA_21
                0x00007a34                SchM_Enter_Gpt_GPT_EXCLUSIVE_AREA_22
                0x00007a5c                SchM_Exit_Gpt_GPT_EXCLUSIVE_AREA_22
                0x00007a7c                SchM_Enter_Gpt_GPT_EXCLUSIVE_AREA_23
                0x00007aa4                SchM_Exit_Gpt_GPT_EXCLUSIVE_AREA_23
                0x00007ac4                SchM_Enter_Gpt_GPT_EXCLUSIVE_AREA_24
                0x00007aec                SchM_Exit_Gpt_GPT_EXCLUSIVE_AREA_24
                0x00007b0c                SchM_Enter_Gpt_GPT_EXCLUSIVE_AREA_25
                0x00007b34                SchM_Exit_Gpt_GPT_EXCLUSIVE_AREA_25
                0x00007b54                SchM_Enter_Gpt_GPT_EXCLUSIVE_AREA_26
                0x00007b7c                SchM_Exit_Gpt_GPT_EXCLUSIVE_AREA_26
                0x00007b9c                SchM_Enter_Gpt_GPT_EXCLUSIVE_AREA_27
                0x00007bc4                SchM_Exit_Gpt_GPT_EXCLUSIVE_AREA_27
                0x00007be4                SchM_Enter_Gpt_GPT_EXCLUSIVE_AREA_28
                0x00007c0c                SchM_Exit_Gpt_GPT_EXCLUSIVE_AREA_28
                0x00007c2c                SchM_Enter_Gpt_GPT_EXCLUSIVE_AREA_29
                0x00007c54                SchM_Exit_Gpt_GPT_EXCLUSIVE_AREA_29
                0x00007c74                SchM_Enter_Gpt_GPT_EXCLUSIVE_AREA_30
                0x00007c9c                SchM_Exit_Gpt_GPT_EXCLUSIVE_AREA_30
                0x00007cbc                SchM_Enter_Gpt_GPT_EXCLUSIVE_AREA_31
                0x00007ce4                SchM_Exit_Gpt_GPT_EXCLUSIVE_AREA_31
                0x00007d04                SchM_Enter_Gpt_GPT_EXCLUSIVE_AREA_35
                0x00007d2c                SchM_Exit_Gpt_GPT_EXCLUSIVE_AREA_35
                0x00007d4c                SchM_Enter_Gpt_GPT_EXCLUSIVE_AREA_36
                0x00007d74                SchM_Exit_Gpt_GPT_EXCLUSIVE_AREA_36
                0x00007d94                SchM_Enter_Gpt_GPT_EXCLUSIVE_AREA_38
                0x00007dbc                SchM_Exit_Gpt_GPT_EXCLUSIVE_AREA_38
                0x00007ddc                SchM_Enter_Gpt_GPT_EXCLUSIVE_AREA_39
                0x00007e04                SchM_Exit_Gpt_GPT_EXCLUSIVE_AREA_39
                0x00007e24                SchM_Enter_Gpt_GPT_EXCLUSIVE_AREA_40
                0x00007e4c                SchM_Exit_Gpt_GPT_EXCLUSIVE_AREA_40
                0x00007e6c                SchM_Enter_Gpt_GPT_EXCLUSIVE_AREA_41
                0x00007e94                SchM_Exit_Gpt_GPT_EXCLUSIVE_AREA_41
                0x00007eb4                SchM_Enter_Gpt_GPT_EXCLUSIVE_AREA_42
                0x00007edc                SchM_Exit_Gpt_GPT_EXCLUSIVE_AREA_42
                0x00007efc                SchM_Enter_Gpt_GPT_EXCLUSIVE_AREA_43
                0x00007f24                SchM_Exit_Gpt_GPT_EXCLUSIVE_AREA_43
                0x00007f44                SchM_Enter_Gpt_GPT_EXCLUSIVE_AREA_44
                0x00007f6c                SchM_Exit_Gpt_GPT_EXCLUSIVE_AREA_44
                0x00007f8c                SchM_Enter_Gpt_GPT_EXCLUSIVE_AREA_45
                0x00007fb4                SchM_Exit_Gpt_GPT_EXCLUSIVE_AREA_45
                0x00007fd4                SchM_Enter_Gpt_GPT_EXCLUSIVE_AREA_46
                0x00007ffc                SchM_Exit_Gpt_GPT_EXCLUSIVE_AREA_46
                0x0000801c                SchM_Enter_Gpt_GPT_EXCLUSIVE_AREA_50
                0x00008044                SchM_Exit_Gpt_GPT_EXCLUSIVE_AREA_50
                0x00008064                SchM_Enter_Gpt_GPT_EXCLUSIVE_AREA_51
                0x0000808c                SchM_Exit_Gpt_GPT_EXCLUSIVE_AREA_51
                0x000080ac                SchM_Enter_Gpt_GPT_EXCLUSIVE_AREA_52
                0x000080d4                SchM_Exit_Gpt_GPT_EXCLUSIVE_AREA_52
                0x000080f4                SchM_Enter_Gpt_GPT_EXCLUSIVE_AREA_53
                0x0000811c                SchM_Exit_Gpt_GPT_EXCLUSIVE_AREA_53
                0x0000813c                SchM_Enter_Gpt_GPT_EXCLUSIVE_AREA_54
                0x00008164                SchM_Exit_Gpt_GPT_EXCLUSIVE_AREA_54
                0x00008184                SchM_Enter_Gpt_GPT_EXCLUSIVE_AREA_55
                0x000081ac                SchM_Exit_Gpt_GPT_EXCLUSIVE_AREA_55
                0x000081cc                SchM_Enter_Gpt_GPT_EXCLUSIVE_AREA_56
                0x000081f4                SchM_Exit_Gpt_GPT_EXCLUSIVE_AREA_56
                0x00008214                SchM_Enter_Gpt_GPT_EXCLUSIVE_AREA_60
                0x0000823c                SchM_Exit_Gpt_GPT_EXCLUSIVE_AREA_60
                0x0000825c                SchM_Enter_Gpt_GPT_EXCLUSIVE_AREA_61
                0x00008284                SchM_Exit_Gpt_GPT_EXCLUSIVE_AREA_61
                0x000082a4                SchM_Enter_Gpt_GPT_EXCLUSIVE_AREA_62
                0x000082cc                SchM_Exit_Gpt_GPT_EXCLUSIVE_AREA_62
                0x000082ec                SchM_Enter_Gpt_GPT_EXCLUSIVE_AREA_63
                0x00008314                SchM_Exit_Gpt_GPT_EXCLUSIVE_AREA_63
                0x00008334                SchM_Enter_Gpt_GPT_EXCLUSIVE_AREA_64
                0x0000835c                SchM_Exit_Gpt_GPT_EXCLUSIVE_AREA_64
                0x0000837c                SchM_Enter_Gpt_GPT_EXCLUSIVE_AREA_65
                0x000083a4                SchM_Exit_Gpt_GPT_EXCLUSIVE_AREA_65
                0x000083c4                SchM_Enter_Gpt_GPT_EXCLUSIVE_AREA_66
                0x000083ec                SchM_Exit_Gpt_GPT_EXCLUSIVE_AREA_66
                0x0000840c                SchM_Enter_Gpt_GPT_EXCLUSIVE_AREA_67
                0x00008434                SchM_Exit_Gpt_GPT_EXCLUSIVE_AREA_67
 .mcal_text     0x00008454       0xd8 ./RTD/src/SchM_Mcu.o
                0x00008454                SchM_Enter_Mcu_MCU_EXCLUSIVE_AREA_00
                0x0000847c                SchM_Exit_Mcu_MCU_EXCLUSIVE_AREA_00
                0x0000849c                SchM_Enter_Mcu_MCU_EXCLUSIVE_AREA_01
                0x000084c4                SchM_Exit_Mcu_MCU_EXCLUSIVE_AREA_01
                0x000084e4                SchM_Enter_Mcu_MCU_EXCLUSIVE_AREA_02
                0x0000850c                SchM_Exit_Mcu_MCU_EXCLUSIVE_AREA_02
 .mcal_text     0x0000852c      0x288 ./RTD/src/SchM_Port.o
                0x0000852c                SchM_Enter_Port_PORT_EXCLUSIVE_AREA_00
                0x00008554                SchM_Exit_Port_PORT_EXCLUSIVE_AREA_00
                0x00008574                SchM_Enter_Port_PORT_EXCLUSIVE_AREA_01
                0x0000859c                SchM_Exit_Port_PORT_EXCLUSIVE_AREA_01
                0x000085bc                SchM_Enter_Port_PORT_EXCLUSIVE_AREA_02
                0x000085e4                SchM_Exit_Port_PORT_EXCLUSIVE_AREA_02
                0x00008604                SchM_Enter_Port_PORT_EXCLUSIVE_AREA_03
                0x0000862c                SchM_Exit_Port_PORT_EXCLUSIVE_AREA_03
                0x0000864c                SchM_Enter_Port_PORT_EXCLUSIVE_AREA_04
                0x00008674                SchM_Exit_Port_PORT_EXCLUSIVE_AREA_04
                0x00008694                SchM_Enter_Port_PORT_EXCLUSIVE_AREA_05
                0x000086bc                SchM_Exit_Port_PORT_EXCLUSIVE_AREA_05
                0x000086dc                SchM_Enter_Port_PORT_EXCLUSIVE_AREA_06
                0x00008704                SchM_Exit_Port_PORT_EXCLUSIVE_AREA_06
                0x00008724                SchM_Enter_Port_PORT_EXCLUSIVE_AREA_07
                0x0000874c                SchM_Exit_Port_PORT_EXCLUSIVE_AREA_07
                0x0000876c                SchM_Enter_Port_PORT_EXCLUSIVE_AREA_08
                0x00008794                SchM_Exit_Port_PORT_EXCLUSIVE_AREA_08
 .mcal_text     0x000087b4      0x9d8 ./RTD/src/SchM_Pwm.o
                0x000087b4                SchM_Enter_Pwm_PWM_EXCLUSIVE_AREA_00
                0x000087dc                SchM_Exit_Pwm_PWM_EXCLUSIVE_AREA_00
                0x000087fc                SchM_Enter_Pwm_PWM_EXCLUSIVE_AREA_01
                0x00008824                SchM_Exit_Pwm_PWM_EXCLUSIVE_AREA_01
                0x00008844                SchM_Enter_Pwm_PWM_EXCLUSIVE_AREA_02
                0x0000886c                SchM_Exit_Pwm_PWM_EXCLUSIVE_AREA_02
                0x0000888c                SchM_Enter_Pwm_PWM_EXCLUSIVE_AREA_03
                0x000088b4                SchM_Exit_Pwm_PWM_EXCLUSIVE_AREA_03
                0x000088d4                SchM_Enter_Pwm_PWM_EXCLUSIVE_AREA_04
                0x000088fc                SchM_Exit_Pwm_PWM_EXCLUSIVE_AREA_04
                0x0000891c                SchM_Enter_Pwm_PWM_EXCLUSIVE_AREA_05
                0x00008944                SchM_Exit_Pwm_PWM_EXCLUSIVE_AREA_05
                0x00008964                SchM_Enter_Pwm_PWM_EXCLUSIVE_AREA_06
                0x0000898c                SchM_Exit_Pwm_PWM_EXCLUSIVE_AREA_06
                0x000089ac                SchM_Enter_Pwm_PWM_EXCLUSIVE_AREA_07
                0x000089d4                SchM_Exit_Pwm_PWM_EXCLUSIVE_AREA_07
                0x000089f4                SchM_Enter_Pwm_PWM_EXCLUSIVE_AREA_08
                0x00008a1c                SchM_Exit_Pwm_PWM_EXCLUSIVE_AREA_08
                0x00008a3c                SchM_Enter_Pwm_PWM_EXCLUSIVE_AREA_09
                0x00008a64                SchM_Exit_Pwm_PWM_EXCLUSIVE_AREA_09
                0x00008a84                SchM_Enter_Pwm_PWM_EXCLUSIVE_AREA_10
                0x00008aac                SchM_Exit_Pwm_PWM_EXCLUSIVE_AREA_10
                0x00008acc                SchM_Enter_Pwm_PWM_EXCLUSIVE_AREA_11
                0x00008af4                SchM_Exit_Pwm_PWM_EXCLUSIVE_AREA_11
                0x00008b14                SchM_Enter_Pwm_PWM_EXCLUSIVE_AREA_12
                0x00008b3c                SchM_Exit_Pwm_PWM_EXCLUSIVE_AREA_12
                0x00008b5c                SchM_Enter_Pwm_PWM_EXCLUSIVE_AREA_13
                0x00008b84                SchM_Exit_Pwm_PWM_EXCLUSIVE_AREA_13
                0x00008ba4                SchM_Enter_Pwm_PWM_EXCLUSIVE_AREA_14
                0x00008bcc                SchM_Exit_Pwm_PWM_EXCLUSIVE_AREA_14
                0x00008bec                SchM_Enter_Pwm_PWM_EXCLUSIVE_AREA_15
                0x00008c14                SchM_Exit_Pwm_PWM_EXCLUSIVE_AREA_15
                0x00008c34                SchM_Enter_Pwm_PWM_EXCLUSIVE_AREA_16
                0x00008c5c                SchM_Exit_Pwm_PWM_EXCLUSIVE_AREA_16
                0x00008c7c                SchM_Enter_Pwm_PWM_EXCLUSIVE_AREA_17
                0x00008ca4                SchM_Exit_Pwm_PWM_EXCLUSIVE_AREA_17
                0x00008cc4                SchM_Enter_Pwm_PWM_EXCLUSIVE_AREA_18
                0x00008cec                SchM_Exit_Pwm_PWM_EXCLUSIVE_AREA_18
                0x00008d0c                SchM_Enter_Pwm_PWM_EXCLUSIVE_AREA_19
                0x00008d34                SchM_Exit_Pwm_PWM_EXCLUSIVE_AREA_19
                0x00008d54                SchM_Enter_Pwm_PWM_EXCLUSIVE_AREA_20
                0x00008d7c                SchM_Exit_Pwm_PWM_EXCLUSIVE_AREA_20
                0x00008d9c                SchM_Enter_Pwm_PWM_EXCLUSIVE_AREA_21
                0x00008dc4                SchM_Exit_Pwm_PWM_EXCLUSIVE_AREA_21
                0x00008de4                SchM_Enter_Pwm_PWM_EXCLUSIVE_AREA_22
                0x00008e0c                SchM_Exit_Pwm_PWM_EXCLUSIVE_AREA_22
                0x00008e2c                SchM_Enter_Pwm_PWM_EXCLUSIVE_AREA_23
                0x00008e54                SchM_Exit_Pwm_PWM_EXCLUSIVE_AREA_23
                0x00008e74                SchM_Enter_Pwm_PWM_EXCLUSIVE_AREA_24
                0x00008e9c                SchM_Exit_Pwm_PWM_EXCLUSIVE_AREA_24
                0x00008ebc                SchM_Enter_Pwm_PWM_EXCLUSIVE_AREA_25
                0x00008ee4                SchM_Exit_Pwm_PWM_EXCLUSIVE_AREA_25
                0x00008f04                SchM_Enter_Pwm_PWM_EXCLUSIVE_AREA_26
                0x00008f2c                SchM_Exit_Pwm_PWM_EXCLUSIVE_AREA_26
                0x00008f4c                SchM_Enter_Pwm_PWM_EXCLUSIVE_AREA_27
                0x00008f74                SchM_Exit_Pwm_PWM_EXCLUSIVE_AREA_27
                0x00008f94                SchM_Enter_Pwm_PWM_EXCLUSIVE_AREA_28
                0x00008fbc                SchM_Exit_Pwm_PWM_EXCLUSIVE_AREA_28
                0x00008fdc                SchM_Enter_Pwm_PWM_EXCLUSIVE_AREA_29
                0x00009004                SchM_Exit_Pwm_PWM_EXCLUSIVE_AREA_29
                0x00009024                SchM_Enter_Pwm_PWM_EXCLUSIVE_AREA_30
                0x0000904c                SchM_Exit_Pwm_PWM_EXCLUSIVE_AREA_30
                0x0000906c                SchM_Enter_Pwm_PWM_EXCLUSIVE_AREA_31
                0x00009094                SchM_Exit_Pwm_PWM_EXCLUSIVE_AREA_31
                0x000090b4                SchM_Enter_Pwm_PWM_EXCLUSIVE_AREA_32
                0x000090dc                SchM_Exit_Pwm_PWM_EXCLUSIVE_AREA_32
                0x000090fc                SchM_Enter_Pwm_PWM_EXCLUSIVE_AREA_33
                0x00009124                SchM_Exit_Pwm_PWM_EXCLUSIVE_AREA_33
                0x00009144                SchM_Enter_Pwm_PWM_EXCLUSIVE_AREA_34
                0x0000916c                SchM_Exit_Pwm_PWM_EXCLUSIVE_AREA_34
 .mcal_text     0x0000918c      0x288 ./RTD/src/SchM_Uart.o
                0x0000918c                SchM_Enter_Uart_UART_EXCLUSIVE_AREA_00
                0x000091b4                SchM_Exit_Uart_UART_EXCLUSIVE_AREA_00
                0x000091d4                SchM_Enter_Uart_UART_EXCLUSIVE_AREA_01
                0x000091fc                SchM_Exit_Uart_UART_EXCLUSIVE_AREA_01
                0x0000921c                SchM_Enter_Uart_UART_EXCLUSIVE_AREA_02
                0x00009244                SchM_Exit_Uart_UART_EXCLUSIVE_AREA_02
                0x00009264                SchM_Enter_Uart_UART_EXCLUSIVE_AREA_03
                0x0000928c                SchM_Exit_Uart_UART_EXCLUSIVE_AREA_03
                0x000092ac                SchM_Enter_Uart_UART_EXCLUSIVE_AREA_04
                0x000092d4                SchM_Exit_Uart_UART_EXCLUSIVE_AREA_04
                0x000092f4                SchM_Enter_Uart_UART_EXCLUSIVE_AREA_05
                0x0000931c                SchM_Exit_Uart_UART_EXCLUSIVE_AREA_05
                0x0000933c                SchM_Enter_Uart_UART_EXCLUSIVE_AREA_06
                0x00009364                SchM_Exit_Uart_UART_EXCLUSIVE_AREA_06
                0x00009384                SchM_Enter_Uart_UART_EXCLUSIVE_AREA_07
                0x000093ac                SchM_Exit_Uart_UART_EXCLUSIVE_AREA_07
                0x000093cc                SchM_Enter_Uart_UART_EXCLUSIVE_AREA_08
                0x000093f4                SchM_Exit_Uart_UART_EXCLUSIVE_AREA_08
 .mcal_text     0x00009414        0x2 ./src/lpuart_init.o
                0x00009414                Lpuart1_Callback
                0x00009418                . = ALIGN (0x4)
 *fill*         0x00009416        0x2 
                0x00009418                acfls_code_rom_start = .
                0x00009418                . = ALIGN (0x4)
 *(.acfls_code_rom)
                0x00009418                acfls_code_rom_end = .
 *(.init)
                0x00009418                . = ALIGN (0x4)
 *(.fini)
                0x00009418                . = ALIGN (0x4)
 *(.rodata)
 .rodata        0x00009418       0x1c ./RTD/src/Clock_Ip_Specific.o
 .rodata        0x00009434       0x48 ./RTD/src/FlexCAN_Ip_HwAccess.o
 .rodata        0x0000947c       0x10 ./RTD/src/Ftm_Gpt_Ip.o
                0x0000947c                ftmGptBase
 .rodata        0x0000948c       0x30 ./RTD/src/Lpuart_Uart_Ip.o
 *(.rodata*)
 .rodata.str1.1
                0x000094bc        0x8 ./src/flexcan_init.o
 .rodata.str1.1
                0x000094c4        0xa ./src/ftm_init.o
 .rodata.str1.1
                0x000094ce       0x14 ./src/main.o
                0x000094e4                . = ALIGN (0x4)
 *fill*         0x000094e2        0x2 
 *(.mcal_const_cfg)
 .mcal_const_cfg
                0x000094e4      0x3dc ./board/Clock_Ip_PBcfg.o
                0x000094e4                Mcu_aClockConfigPB
 .mcal_const_cfg
                0x000098c0       0x50 ./generate/src/FlexCAN_Ip_Sa_BOARD_InitPeripherals_PBcfg.o
                0x000098c0                FlexCAN_Config0
 .mcal_const_cfg
                0x00009910       0xac ./generate/src/Ftm_Pwm_Ip_BOARD_InitPeripherals_PBcfg.o
                0x00009910                Ftm_Pwm_Ip_BOARD_InitPeripherals_UserCfg0
                0x00009924                Ftm_Pwm_Ip_BOARD_InitPeripherals_I0_ChArray
                0x00009928                Ftm_Pwm_Ip_BOARD_InitPeripherals_I0_Ch0
                0x00009950                Ftm_Pwm_Ip_BOARD_InitPeripherals_InstCfg0
                0x0000999c                Ftm_Pwm_Ip_BOARD_InitPeripherals_SyncCfg0
 .mcal_const_cfg
                0x000099bc      0x704 ./generate/src/IntCtrl_Ip_Cfg.o
                0x000099bc                intRouteConfig
                0x00009df0                IntCtrlConfig_0
 .mcal_const_cfg
                0x0000a0c0       0x28 ./generate/src/Lpuart_Uart_Ip_Sa_BOARD_InitPeripherals_PBcfg.o
                0x0000a0c0                Lpuart_Uart_Ip_xHwConfigPB_1_BOARD_INITPERIPHERALS
                0x0000a0e8                . = ALIGN (0x4)
 *(.mcal_const)
 .mcal_const    0x0000a0e8      0x571 ./RTD/src/Clock_Ip_Data.o
                0x0000a0e8                HwPllName
                0x0000a0ec                sourceType_clockName
                0x0000a1ac                scgPeriphAsyncDivs
                0x0000a1bc                dividerValue_hardwareValue
                0x0000a1fd                selectorEntryPCS_hardwareValue
                0x0000a22d                selectorEntrySCS_hardwareValue
                0x0000a25d                selectorEntry_hardwareValue
                0x0000a2b4                clockFeatures
                0x0000a5c3                cmuCallbackIndex
                0x0000a5d2                pcfsCallbackIndex
                0x0000a5e1                selectorCallbackIndex
                0x0000a5f0                pllCallbackIndex
                0x0000a5ff                fractional_dividerCallbackIndex
                0x0000a60e                gateCallbackIndex
                0x0000a61d                ircoscCallbackIndex
                0x0000a62c                xoscCallbackIndex
                0x0000a63b                dividertriggerCallbackIndex
                0x0000a64a                dividerCallbackIndex
 *fill*         0x0000a659        0x3 
 .mcal_const    0x0000a65c       0x3c ./RTD/src/Clock_Ip_Divider.o
                0x0000a65c                dividerCallbacks
 .mcal_const    0x0000a698        0x8 ./RTD/src/Clock_Ip_DividerTrigger.o
                0x0000a698                dividerTriggerCallbacks
 .mcal_const    0x0000a6a0       0x28 ./RTD/src/Clock_Ip_ExtOsc.o
                0x0000a6a0                extOscCallbacks
 .mcal_const    0x0000a6c8        0xc ./RTD/src/Clock_Ip_FracDiv.o
                0x0000a6c8                fracDivCallbacks
 .mcal_const    0x0000a6d4       0x38 ./RTD/src/Clock_Ip_Gate.o
                0x0000a6d4                gateCallbacks
 .mcal_const    0x0000a70c       0x3c ./RTD/src/Clock_Ip_IntOsc.o
                0x0000a70c                intOscCallbacks
 .mcal_const    0x0000a748       0x18 ./RTD/src/Clock_Ip_Monitor.o
                0x0000a748                cmuCallbacks
 .mcal_const    0x0000a760       0x28 ./RTD/src/Clock_Ip_Pll.o
                0x0000a760                pllCallbacks
 .mcal_const    0x0000a788        0x4 ./RTD/src/Clock_Ip_ProgFreqSwitch.o
                0x0000a788                pcfsCallbacks
 .mcal_const    0x0000a78c       0x58 ./RTD/src/Clock_Ip_Selector.o
                0x0000a78c                selectorCallbacks
 .mcal_const    0x0000a7e4        0xc ./RTD/src/FlexCAN_Ip.o
 .mcal_const    0x0000a7f0       0x14 ./RTD/src/Ftm_Pwm_Ip.o
                0x0000a7f0                Ftm_Pwm_Ip_aFtmBase
                0x0000a800                Ftm_Pwm_Ip_aSimBase
 .mcal_const    0x0000a804        0xc ./RTD/src/Lpuart_Uart_Ip.o
                0x0000a810                . = ALIGN (0x4)
 *(.mcal_const_no_cacheable)
                0x0000a810                . = ALIGN (0x4)
                0x0000a810                __init_table = .
 *(.init_table)
 .init_table    0x0000a810       0x1c ./Project_Settings/Startup_Code/startup_cm4.o
                0x0000a82c                . = ALIGN (0x4)
                0x0000a82c                __zero_table = .
 *(.zero_table)
 .zero_table    0x0000a82c        0xc ./Project_Settings/Startup_Code/startup_cm4.o
                0x0000a838                . = ALIGN (0x4)
 *(.acmcu_code_rom)
                0x0000a838                . = ALIGN (0x4)
                0x0000a838                _etext = .
                0x0000a838                __DATA_ROM = .

.glue_7         0x0000a838        0x0
 .glue_7        0x0000a838        0x0 linker stubs

.glue_7t        0x0000a838        0x0
 .glue_7t       0x0000a838        0x0 linker stubs

.vfp11_veneer   0x0000a838        0x0
 .vfp11_veneer  0x0000a838        0x0 linker stubs

.v4_bx          0x0000a838        0x0
 .v4_bx         0x0000a838        0x0 linker stubs

.iplt           0x0000a838        0x0
 .iplt          0x0000a838        0x0 ./Project_Settings/Startup_Code/Vector_Table.o

.igot.plt       0x0000a838        0x0
 .igot.plt      0x0000a838        0x0 ./Project_Settings/Startup_Code/Vector_Table.o

.rel.dyn        0x0000a838        0x0
 .rel.iplt      0x0000a838        0x0 ./Project_Settings/Startup_Code/Vector_Table.o
                0x0000a838                . = ALIGN (0x4)
                [!provide]                PROVIDE (__exidx_start = .)

.ARM.exidx
 *(.ARM.exidx* .gnu.linkonce.armexidx.*)
                0x0000a838                . = ALIGN (0x4)
                [!provide]                PROVIDE (__exidx_end = .)

.ARM.extab      0x1fff8100        0x0
 *(.ARM.extab*)
                0x1fff8100                . = ALIGN (0x4)

.sram_interrupts
                0x1fff8100     0x1210
                0x1fff9000                . = ALIGN (0x1000)
 *fill*         0x1fff8100      0xf00 
                0x1fff9000                __interrupts_ram_start = .
                0x1fff9310                . = (. + (__interrupts_rom_end - __interrupts_rom_start))
 *fill*         0x1fff9000      0x310 
                0x1fff9310                . = ALIGN (0x4)
                0x1fff9310                __interrupts_ram_end = .

.sram_data      0x1fff9310      0x138 load address 0x0000a838
                0x1fff9310                . = ALIGN (0x4)
                0x1fff9310                __data_ram_start = .
 *(.ramcode)
                0x1fff9310                . = ALIGN (0x4)
 *(.data)
 .data          0x1fff9310        0x0 ./Project_Settings/Startup_Code/Vector_Table.o
 .data          0x1fff9310        0x0 ./Project_Settings/Startup_Code/exceptions.o
 .data          0x1fff9310        0x0 ./Project_Settings/Startup_Code/nvic.o
 .data          0x1fff9310        0x0 ./Project_Settings/Startup_Code/startup.o
 .data          0x1fff9310        0x0 ./Project_Settings/Startup_Code/startup_cm4.o
 .data          0x1fff9310        0x0 ./Project_Settings/Startup_Code/system.o
 .data          0x1fff9310        0x0 ./RTD/src/Clock_Ip.o
 .data          0x1fff9310        0x0 ./RTD/src/Clock_Ip_Data.o
 .data          0x1fff9310        0x0 ./RTD/src/Clock_Ip_Divider.o
 .data          0x1fff9310        0x0 ./RTD/src/Clock_Ip_DividerTrigger.o
 .data          0x1fff9310        0x0 ./RTD/src/Clock_Ip_ExtOsc.o
 .data          0x1fff9310        0x0 ./RTD/src/Clock_Ip_FracDiv.o
 .data          0x1fff9310        0x0 ./RTD/src/Clock_Ip_Frequency.o
 .data          0x1fff9310        0x0 ./RTD/src/Clock_Ip_Gate.o
 .data          0x1fff9310        0x0 ./RTD/src/Clock_Ip_IntOsc.o
 .data          0x1fff9310        0x0 ./RTD/src/Clock_Ip_Irq.o
 .data          0x1fff9310        0x0 ./RTD/src/Clock_Ip_Monitor.o
 .data          0x1fff9310        0x0 ./RTD/src/Clock_Ip_Pll.o
 .data          0x1fff9310        0x0 ./RTD/src/Clock_Ip_ProgFreqSwitch.o
 .data          0x1fff9310        0x0 ./RTD/src/Clock_Ip_Selector.o
 .data          0x1fff9310        0x0 ./RTD/src/Clock_Ip_Specific.o
 .data          0x1fff9310        0x0 ./RTD/src/Det.o
 .data          0x1fff9310        0x0 ./RTD/src/Det_stub.o
 .data          0x1fff9310        0x0 ./RTD/src/FlexCAN_Ip.o
 .data          0x1fff9310        0x0 ./RTD/src/FlexCAN_Ip_HwAccess.o
 .data          0x1fff9310        0x0 ./RTD/src/FlexCAN_Ip_Irq.o
 .data          0x1fff9310        0x0 ./RTD/src/Ftm_Gpt_Ip.o
 .data          0x1fff9310        0x0 ./RTD/src/Ftm_Pwm_Ip.o
 .data          0x1fff9310        0x0 ./RTD/src/Ftm_Pwm_Ip_Irq.o
 .data          0x1fff9310        0x0 ./RTD/src/IntCtrl_Ip.o
 .data          0x1fff9310        0x0 ./RTD/src/Lpuart_Uart_Ip.o
 .data          0x1fff9310        0x0 ./RTD/src/Lpuart_Uart_Ip_Irq.o
 .data          0x1fff9310        0x0 ./RTD/src/OsIf_Timer.o
 .data          0x1fff9310        0x0 ./RTD/src/OsIf_Timer_System.o
 .data          0x1fff9310       0x28 ./RTD/src/Port_Ci_Port_Ip.o
                0x1fff9310                Port_au32PortCiGpioBaseAddr
                0x1fff9324                Port_au32PortCiPortBaseAddr
 .data          0x1fff9338        0x0 ./RTD/src/SchM_Can.o
 .data          0x1fff9338        0x0 ./RTD/src/SchM_Gpt.o
 .data          0x1fff9338        0x0 ./RTD/src/SchM_Mcu.o
 .data          0x1fff9338        0x0 ./RTD/src/SchM_Port.o
 .data          0x1fff9338        0x0 ./RTD/src/SchM_Pwm.o
 .data          0x1fff9338        0x0 ./RTD/src/SchM_Uart.o
 .data          0x1fff9338        0x0 ./board/Clock_Ip_Cfg.o
 .data          0x1fff9338        0x0 ./board/Clock_Ip_PBcfg.o
 .data          0x1fff9338       0xf0 ./board/Port_Ci_Port_Ip_Cfg.o
                0x1fff9338                g_pin_mux_InitConfigArr0
 .data          0x1fff9428        0x0 ./generate/src/FlexCAN_Ip_Sa_BOARD_InitPeripherals_PBcfg.o
 .data          0x1fff9428       0x1c ./generate/src/Ftm_Gpt_Ip_BOARD_InitPeripherals_PBcfg.o
                0x1fff9428                FTM_0_ChannelConfig_PB
                0x1fff9434                FTM_0_InitConfig_PB
 .data          0x1fff9444        0x0 ./generate/src/Ftm_Pwm_Ip_BOARD_InitPeripherals_PBcfg.o
 .data          0x1fff9444        0x0 ./generate/src/IntCtrl_Ip_Cfg.o
 .data          0x1fff9444        0x0 ./generate/src/Lpuart_Uart_Ip_Sa_BOARD_InitPeripherals_PBcfg.o
 .data          0x1fff9444        0x0 ./generate/src/OsIf_Cfg.o
 .data          0x1fff9444        0x0 ./src/Interruptions_init.o
 .data          0x1fff9444        0x0 ./src/flexcan_init.o
 .data          0x1fff9444        0x0 ./src/ftm_init.o
 .data          0x1fff9444        0x0 ./src/ftm_pwm_init.o
 .data          0x1fff9444        0x0 ./src/lpuart_init.o
 .data          0x1fff9444        0x0 ./src/main.o
 .data          0x1fff9444        0x0 C:/NXP/S32DS.3.4/S32DS/build_tools/gcc_v9.2/gcc-9.2-arm32-eabi/arm-none-eabi/newlib/lib/thumb/v7e-m+fp/hard\libc_nano.a(lib_a-memcpy-stub.o)
 .data          0x1fff9444        0x0 C:/NXP/S32DS.3.4/S32DS/build_tools/gcc_v9.2/gcc-9.2-arm32-eabi/arm-none-eabi/newlib/lib/thumb/v7e-m+fp/hard\libc_nano.a(lib_a-memset.o)
 .data          0x1fff9444        0x0 C:/NXP/S32DS.3.4/S32DS/build_tools/gcc_v9.2/gcc-9.2-arm32-eabi/arm-none-eabi/newlib/lib/thumb/v7e-m+fp/hard\libc_nano.a(lib_a-strlen.o)
 *(.data*)
                0x1fff9444                . = ALIGN (0x4)
 *(.mcal_data)
 .mcal_data     0x1fff9444        0x4 ./RTD/src/Clock_Ip.o
                0x1fff9448                . = ALIGN (0x4)
 *(.mcal_data_no_cacheable)
                0x1fff9448                . = ALIGN (0x4)
                0x1fff9448                __data_ram_end = .
                0x0000a970                __DATA_ROM_END = (__DATA_ROM + (__data_ram_end - __data_ram_start))

.sram_bss       0x1fff9448     0x1098 load address 0x0000a970
                0x1fff9450                . = ALIGN (0x10)
 *fill*         0x1fff9448        0x8 
                0x1fff9450                __sram_bss_start = .
 *(.bss)
 .bss           0x1fff9450        0x0 ./Project_Settings/Startup_Code/Vector_Table.o
 .bss           0x1fff9450        0x0 ./Project_Settings/Startup_Code/exceptions.o
 .bss           0x1fff9450        0x0 ./Project_Settings/Startup_Code/nvic.o
 .bss           0x1fff9450        0x0 ./Project_Settings/Startup_Code/startup.o
 .bss           0x1fff9450        0x0 ./Project_Settings/Startup_Code/startup_cm4.o
 .bss           0x1fff9450        0x4 ./Project_Settings/Startup_Code/system.o
                0x1fff9450                RESET_CATCH_CORE
 .bss           0x1fff9454        0x1 ./RTD/src/Clock_Ip.o
 .bss           0x1fff9455        0x0 ./RTD/src/Clock_Ip_Data.o
 .bss           0x1fff9455        0x0 ./RTD/src/Clock_Ip_Divider.o
 .bss           0x1fff9455        0x0 ./RTD/src/Clock_Ip_DividerTrigger.o
 .bss           0x1fff9455        0x0 ./RTD/src/Clock_Ip_ExtOsc.o
 .bss           0x1fff9455        0x0 ./RTD/src/Clock_Ip_FracDiv.o
 .bss           0x1fff9455        0x0 ./RTD/src/Clock_Ip_Frequency.o
 .bss           0x1fff9455        0x0 ./RTD/src/Clock_Ip_Gate.o
 .bss           0x1fff9455        0x0 ./RTD/src/Clock_Ip_IntOsc.o
 .bss           0x1fff9455        0x0 ./RTD/src/Clock_Ip_Irq.o
 .bss           0x1fff9455        0x0 ./RTD/src/Clock_Ip_Monitor.o
 .bss           0x1fff9455        0x0 ./RTD/src/Clock_Ip_Pll.o
 .bss           0x1fff9455        0x0 ./RTD/src/Clock_Ip_ProgFreqSwitch.o
 .bss           0x1fff9455        0x0 ./RTD/src/Clock_Ip_Selector.o
 *fill*         0x1fff9455        0x3 
 .bss           0x1fff9458       0xc0 ./RTD/src/Clock_Ip_Specific.o
 .bss           0x1fff9518        0x0 ./RTD/src/Det.o
 .bss           0x1fff9518        0x0 ./RTD/src/Det_stub.o
 .bss           0x1fff9518        0x0 ./RTD/src/FlexCAN_Ip.o
 .bss           0x1fff9518        0x0 ./RTD/src/FlexCAN_Ip_HwAccess.o
 .bss           0x1fff9518        0x0 ./RTD/src/FlexCAN_Ip_Irq.o
 .bss           0x1fff9518        0x0 ./RTD/src/Ftm_Gpt_Ip.o
 .bss           0x1fff9518        0x0 ./RTD/src/Ftm_Pwm_Ip.o
 .bss           0x1fff9518        0x0 ./RTD/src/Ftm_Pwm_Ip_Irq.o
 .bss           0x1fff9518        0x0 ./RTD/src/IntCtrl_Ip.o
 .bss           0x1fff9518        0x0 ./RTD/src/Lpuart_Uart_Ip.o
 .bss           0x1fff9518        0x0 ./RTD/src/Lpuart_Uart_Ip_Irq.o
 .bss           0x1fff9518        0x0 ./RTD/src/OsIf_Timer.o
 .bss           0x1fff9518        0x0 ./RTD/src/OsIf_Timer_System.o
 .bss           0x1fff9518        0x0 ./RTD/src/Port_Ci_Port_Ip.o
 .bss           0x1fff9518        0x0 ./RTD/src/SchM_Can.o
 .bss           0x1fff9518        0x0 ./RTD/src/SchM_Gpt.o
 .bss           0x1fff9518        0x0 ./RTD/src/SchM_Mcu.o
 .bss           0x1fff9518        0x0 ./RTD/src/SchM_Port.o
 .bss           0x1fff9518        0x0 ./RTD/src/SchM_Pwm.o
 .bss           0x1fff9518        0x0 ./RTD/src/SchM_Uart.o
 .bss           0x1fff9518        0x0 ./board/Clock_Ip_Cfg.o
 .bss           0x1fff9518        0x0 ./board/Clock_Ip_PBcfg.o
 .bss           0x1fff9518        0x0 ./board/Port_Ci_Port_Ip_Cfg.o
 .bss           0x1fff9518        0x0 ./generate/src/FlexCAN_Ip_Sa_BOARD_InitPeripherals_PBcfg.o
 .bss           0x1fff9518        0x0 ./generate/src/Ftm_Gpt_Ip_BOARD_InitPeripherals_PBcfg.o
 .bss           0x1fff9518        0x0 ./generate/src/Ftm_Pwm_Ip_BOARD_InitPeripherals_PBcfg.o
 .bss           0x1fff9518        0x0 ./generate/src/IntCtrl_Ip_Cfg.o
 .bss           0x1fff9518        0x0 ./generate/src/Lpuart_Uart_Ip_Sa_BOARD_InitPeripherals_PBcfg.o
 .bss           0x1fff9518        0x0 ./generate/src/OsIf_Cfg.o
 .bss           0x1fff9518        0x0 ./src/Interruptions_init.o
 .bss           0x1fff9518       0x50 ./src/flexcan_init.o
                0x1fff9518                rxData
 .bss           0x1fff9568        0x2 ./src/ftm_init.o
 .bss           0x1fff956a        0x0 ./src/ftm_pwm_init.o
 .bss           0x1fff956a      0x190 ./src/lpuart_init.o
                0x1fff956a                rxbuffer
                0x1fff9632                USART1_TX_BUF
 *fill*         0x1fff96fa        0x2 
 .bss           0x1fff96fc        0x4 ./src/main.o
                0x1fff96fc                exit_code
 .bss           0x1fff9700        0x0 C:/NXP/S32DS.3.4/S32DS/build_tools/gcc_v9.2/gcc-9.2-arm32-eabi/arm-none-eabi/newlib/lib/thumb/v7e-m+fp/hard\libc_nano.a(lib_a-memcpy-stub.o)
 .bss           0x1fff9700        0x0 C:/NXP/S32DS.3.4/S32DS/build_tools/gcc_v9.2/gcc-9.2-arm32-eabi/arm-none-eabi/newlib/lib/thumb/v7e-m+fp/hard\libc_nano.a(lib_a-memset.o)
 .bss           0x1fff9700        0x0 C:/NXP/S32DS.3.4/S32DS/build_tools/gcc_v9.2/gcc-9.2-arm32-eabi/arm-none-eabi/newlib/lib/thumb/v7e-m+fp/hard\libc_nano.a(lib_a-strlen.o)
 *(.bss*)
                0x1fff9700                . = ALIGN (0x10)
 *(.mcal_bss)
 .mcal_bss      0x1fff9700        0x9 ./RTD/src/Clock_Ip.o
 *fill*         0x1fff9709        0x3 
 .mcal_bss      0x1fff970c       0x70 ./RTD/src/Clock_Ip_Specific.o
 .mcal_bss      0x1fff977c        0xc ./RTD/src/FlexCAN_Ip.o
 .mcal_bss      0x1fff9788        0xc ./RTD/src/FlexCAN_Ip_HwAccess.o
 .mcal_bss      0x1fff9794      0x200 ./RTD/src/Ftm_Gpt_Ip.o
                0x1fff9914                Ftm_Gpt_Ip_u32TargetValue
 .mcal_bss      0x1fff9994      0x41c ./RTD/src/Ftm_Pwm_Ip.o
                0x1fff99e4                Ftm_Pwm_Ip_PreviousChannelState
                0x1fff9af4                Ftm_Pwm_Ip_pOverflowIrqCallback
                0x1fff9b14                Ftm_Pwm_Ip_Period
                0x1fff9bbc                Ftm_Pwm_Ip_aChIrqCallbacks
                0x1fff9cbc                Ftm_Pwm_Ip_FaultCheck
                0x1fff9cbd                Ftm_Pwm_Ip_NotifIrq
                0x1fff9ce0                Ftm_Pwm_Ip_pFaultIrqCallback
                0x1fff9d30                Ftm_Pwm_Ip_ChannelState
 .mcal_bss      0x1fff9db0       0x18 ./RTD/src/Lpuart_Uart_Ip.o
                0x1fff9dbc                Lpuart_Uart_Ip_apUserConfig
 .mcal_bss      0x1fff9dc8      0x220 ./generate/src/FlexCAN_Ip_Sa_BOARD_InitPeripherals_PBcfg.o
                0x1fff9dc8                FlexCAN_State0
                0x1fff9ff0                . = ALIGN (0x10)
 *fill*         0x1fff9fe8        0x8 
                0x1fff9ff0                __non_cacheable_bss_start = .
 *(.mcal_bss_no_cacheable)
 .mcal_bss_no_cacheable
                0x1fff9ff0       0x96 ./RTD/src/Det.o
                0x1fff9ff0                Det_TransientModuleId
                0x1fffa004                Det_ApiId
                0x1fffa00e                Det_TransientInstanceId
                0x1fffa018                Det_ErrorId
                0x1fffa022                Det_TransientApiId
                0x1fffa02c                Det_RuntimeModuleId
                0x1fffa040                Det_TransientFaultId
                0x1fffa04a                Det_RuntimeInstanceId
                0x1fffa054                Det_RuntimeApiId
                0x1fffa05e                Det_ModuleId
                0x1fffa072                Det_RuntimeErrorId
                0x1fffa07c                Det_InstanceId
 *fill*         0x1fffa086        0x2 
 .mcal_bss_no_cacheable
                0x1fffa088       0x60 ./RTD/src/Lpuart_Uart_Ip.o
                0x1fffa088                Lpuart_Uart_Ip_apStateStructure
 .mcal_bss_no_cacheable
                0x1fffa0e8       0xa8 ./RTD/src/SchM_Can.o
 .mcal_bss_no_cacheable
                0x1fffa190      0x190 ./RTD/src/SchM_Gpt.o
 .mcal_bss_no_cacheable
                0x1fffa320       0x18 ./RTD/src/SchM_Mcu.o
 .mcal_bss_no_cacheable
                0x1fffa338       0x48 ./RTD/src/SchM_Port.o
 .mcal_bss_no_cacheable
                0x1fffa380      0x118 ./RTD/src/SchM_Pwm.o
 .mcal_bss_no_cacheable
                0x1fffa498       0x48 ./RTD/src/SchM_Uart.o
                0x1fffa4e0                . = ALIGN (0x4)
                0x1fffa4e0                __non_cacheable_bss_end = .
                0x1fffa4e0                __sram_bss_end = .

.acfls_code_ram
                0x1fffa4e0        0x0
                0x1fffa4e0                . = (. + (acfls_code_rom_end - acfls_code_rom_start))

.heap           0x1fffa4e0      0x200 load address 0x0000ba08
                0x1fffa4e0                . = ALIGN (0x4)
                0x1fffa4e0                _end = .
                0x1fffa4e0                end = .
                0x1fffa4e0                _heap_start = .
                0x1fffa6e0                . = (. + HEAP_SIZE)
 *fill*         0x1fffa4e0      0x200 
                0x1fffa6e0                _heap_end = .

int_results     0x1fff8000      0x100
                0x1fff8000                . = ALIGN (0x4)
 *(.int_results)
                0x1fff8100                . = (. + 0x100)
 *fill*         0x1fff8000      0x100 
                0x20006000                __Stack_end_c0 = ORIGIN (int_sram_stack_c0)
                0x20007000                __Stack_start_c0 = (ORIGIN (int_sram_stack_c0) + LENGTH (int_sram_stack_c0))
                0x1fff8000                __INT_SRAM_START = ORIGIN (int_sram_results)
                0x20007000                __INT_SRAM_END = ORIGIN (ram_rsvd2)
                0x1fff9310                __RAM_INIT_START = __data_ram_start
                0x1fff9448                __RAM_INIT_END = __data_ram_end
                0x0000a838                __ROM_INIT_START = __DATA_ROM
                0x0000a970                __ROM_INIT_END = __DATA_ROM_END
                0x1fff9450                __BSS_SRAM_START = __sram_bss_start
                0x1fffa4e0                __BSS_SRAM_END = __sram_bss_end
                0x00001090                __BSS_SRAM_SIZE = (__sram_bss_end - __sram_bss_start)
                0x1fff9000                __RAM_INTERRUPT_START = __interrupts_ram_start
                0x00000000                __ROM_INTERRUPT_START = __interrupts_rom_start
                0x00000310                __ROM_INTERRUPT_END = __interrupts_rom_end
                0x0000a810                __INIT_TABLE = __init_table
                0x0000a82c                __ZERO_TABLE = __zero_table
                0x00000001                __RAM_INIT = 0x1
                0x00009418                Fls_ACEraseRomStart = acfls_code_rom_start
                0x00009418                Fls_ACEraseRomEnd = acfls_code_rom_end
                0x00000000                Fls_ACEraseSize = (acfls_code_rom_end - acfls_code_rom_start)
                0x00009418                Fls_ACWriteRomStart = acfls_code_rom_start
                0x00009418                Fls_ACWriteRomEnd = acfls_code_rom_end
                0x00000000                Fls_ACWriteSize = (acfls_code_rom_end - acfls_code_rom_start)
                0x1fffa4e0                _ERASE_FUNC_ADDRESS_ = ADDR (.acfls_code_ram)
                0x1fffa4e0                _WRITE_FUNC_ADDRESS_ = ADDR (.acfls_code_ram)
                0x1fff9000                __ENTRY_VTABLE = __RAM_INTERRUPT_START
OUTPUT(Demo.elf elf32-littlearm)

.ARM.attributes
                0x00000000       0x30
 .ARM.attributes
                0x00000000       0x20 ./Project_Settings/Startup_Code/Vector_Table.o
 .ARM.attributes
                0x00000020       0x34 ./Project_Settings/Startup_Code/exceptions.o
 .ARM.attributes
                0x00000054       0x34 ./Project_Settings/Startup_Code/nvic.o
 .ARM.attributes
                0x00000088       0x34 ./Project_Settings/Startup_Code/startup.o
 .ARM.attributes
                0x000000bc       0x1f ./Project_Settings/Startup_Code/startup_cm4.o
 .ARM.attributes
                0x000000db       0x34 ./Project_Settings/Startup_Code/system.o
 .ARM.attributes
                0x0000010f       0x34 ./RTD/src/Clock_Ip.o
 .ARM.attributes
                0x00000143       0x39 ./RTD/src/Clock_Ip_Data.o
 .ARM.attributes
                0x0000017c       0x34 ./RTD/src/Clock_Ip_Divider.o
 .ARM.attributes
                0x000001b0       0x34 ./RTD/src/Clock_Ip_DividerTrigger.o
 .ARM.attributes
                0x000001e4       0x34 ./RTD/src/Clock_Ip_ExtOsc.o
 .ARM.attributes
                0x00000218       0x34 ./RTD/src/Clock_Ip_FracDiv.o
 .ARM.attributes
                0x0000024c       0x39 ./RTD/src/Clock_Ip_Frequency.o
 .ARM.attributes
                0x00000285       0x34 ./RTD/src/Clock_Ip_Gate.o
 .ARM.attributes
                0x000002b9       0x34 ./RTD/src/Clock_Ip_IntOsc.o
 .ARM.attributes
                0x000002ed       0x39 ./RTD/src/Clock_Ip_Irq.o
 .ARM.attributes
                0x00000326       0x34 ./RTD/src/Clock_Ip_Monitor.o
 .ARM.attributes
                0x0000035a       0x34 ./RTD/src/Clock_Ip_Pll.o
 .ARM.attributes
                0x0000038e       0x34 ./RTD/src/Clock_Ip_ProgFreqSwitch.o
 .ARM.attributes
                0x000003c2       0x34 ./RTD/src/Clock_Ip_Selector.o
 .ARM.attributes
                0x000003f6       0x34 ./RTD/src/Clock_Ip_Specific.o
 .ARM.attributes
                0x0000042a       0x34 ./RTD/src/Det.o
 .ARM.attributes
                0x0000045e       0x34 ./RTD/src/Det_stub.o
 .ARM.attributes
                0x00000492       0x34 ./RTD/src/FlexCAN_Ip.o
 .ARM.attributes
                0x000004c6       0x34 ./RTD/src/FlexCAN_Ip_HwAccess.o
 .ARM.attributes
                0x000004fa       0x34 ./RTD/src/FlexCAN_Ip_Irq.o
 .ARM.attributes
                0x0000052e       0x34 ./RTD/src/Ftm_Gpt_Ip.o
 .ARM.attributes
                0x00000562       0x34 ./RTD/src/Ftm_Pwm_Ip.o
 .ARM.attributes
                0x00000596       0x39 ./RTD/src/Ftm_Pwm_Ip_Irq.o
 .ARM.attributes
                0x000005cf       0x34 ./RTD/src/IntCtrl_Ip.o
 .ARM.attributes
                0x00000603       0x34 ./RTD/src/Lpuart_Uart_Ip.o
 .ARM.attributes
                0x00000637       0x34 ./RTD/src/Lpuart_Uart_Ip_Irq.o
 .ARM.attributes
                0x0000066b       0x34 ./RTD/src/OsIf_Timer.o
 .ARM.attributes
                0x0000069f       0x39 ./RTD/src/OsIf_Timer_System.o
 .ARM.attributes
                0x000006d8       0x34 ./RTD/src/Port_Ci_Port_Ip.o
 .ARM.attributes
                0x0000070c       0x34 ./RTD/src/SchM_Can.o
 .ARM.attributes
                0x00000740       0x34 ./RTD/src/SchM_Gpt.o
 .ARM.attributes
                0x00000774       0x34 ./RTD/src/SchM_Mcu.o
 .ARM.attributes
                0x000007a8       0x34 ./RTD/src/SchM_Port.o
 .ARM.attributes
                0x000007dc       0x34 ./RTD/src/SchM_Pwm.o
 .ARM.attributes
                0x00000810       0x34 ./RTD/src/SchM_Uart.o
 .ARM.attributes
                0x00000844       0x39 ./board/Clock_Ip_Cfg.o
 .ARM.attributes
                0x0000087d       0x39 ./board/Clock_Ip_PBcfg.o
 .ARM.attributes
                0x000008b6       0x39 ./board/Port_Ci_Port_Ip_Cfg.o
 .ARM.attributes
                0x000008ef       0x39 ./generate/src/FlexCAN_Ip_Sa_BOARD_InitPeripherals_PBcfg.o
 .ARM.attributes
                0x00000928       0x39 ./generate/src/Ftm_Gpt_Ip_BOARD_InitPeripherals_PBcfg.o
 .ARM.attributes
                0x00000961       0x39 ./generate/src/Ftm_Pwm_Ip_BOARD_InitPeripherals_PBcfg.o
 .ARM.attributes
                0x0000099a       0x39 ./generate/src/IntCtrl_Ip_Cfg.o
 .ARM.attributes
                0x000009d3       0x39 ./generate/src/Lpuart_Uart_Ip_Sa_BOARD_InitPeripherals_PBcfg.o
 .ARM.attributes
                0x00000a0c       0x39 ./generate/src/OsIf_Cfg.o
 .ARM.attributes
                0x00000a45       0x34 ./src/Interruptions_init.o
 .ARM.attributes
                0x00000a79       0x34 ./src/flexcan_init.o
 .ARM.attributes
                0x00000aad       0x34 ./src/ftm_init.o
 .ARM.attributes
                0x00000ae1       0x34 ./src/ftm_pwm_init.o
 .ARM.attributes
                0x00000b15       0x34 ./src/lpuart_init.o
 .ARM.attributes
                0x00000b49       0x34 ./src/main.o
 .ARM.attributes
                0x00000b7d       0x34 C:/NXP/S32DS.3.4/S32DS/build_tools/gcc_v9.2/gcc-9.2-arm32-eabi/arm-none-eabi/newlib/lib/thumb/v7e-m+fp/hard\libc_nano.a(lib_a-memcpy-stub.o)
 .ARM.attributes
                0x00000bb1       0x34 C:/NXP/S32DS.3.4/S32DS/build_tools/gcc_v9.2/gcc-9.2-arm32-eabi/arm-none-eabi/newlib/lib/thumb/v7e-m+fp/hard\libc_nano.a(lib_a-memset.o)
 .ARM.attributes
                0x00000be5       0x17 C:/NXP/S32DS.3.4/S32DS/build_tools/gcc_v9.2/gcc-9.2-arm32-eabi/arm-none-eabi/newlib/lib/thumb/v7e-m+fp/hard\libc_nano.a(lib_a-strlen.o)

.comment        0x00000000       0x80
 .comment       0x00000000       0x80 ./Project_Settings/Startup_Code/exceptions.o
                                 0x81 (size before relaxing)
 .comment       0x00000080       0x81 ./Project_Settings/Startup_Code/nvic.o
 .comment       0x00000080       0x81 ./Project_Settings/Startup_Code/startup.o
 .comment       0x00000080       0x81 ./Project_Settings/Startup_Code/system.o
 .comment       0x00000080       0x81 ./RTD/src/Clock_Ip.o
 .comment       0x00000080       0x81 ./RTD/src/Clock_Ip_Data.o
 .comment       0x00000080       0x81 ./RTD/src/Clock_Ip_Divider.o
 .comment       0x00000080       0x81 ./RTD/src/Clock_Ip_DividerTrigger.o
 .comment       0x00000080       0x81 ./RTD/src/Clock_Ip_ExtOsc.o
 .comment       0x00000080       0x81 ./RTD/src/Clock_Ip_FracDiv.o
 .comment       0x00000080       0x81 ./RTD/src/Clock_Ip_Frequency.o
 .comment       0x00000080       0x81 ./RTD/src/Clock_Ip_Gate.o
 .comment       0x00000080       0x81 ./RTD/src/Clock_Ip_IntOsc.o
 .comment       0x00000080       0x81 ./RTD/src/Clock_Ip_Irq.o
 .comment       0x00000080       0x81 ./RTD/src/Clock_Ip_Monitor.o
 .comment       0x00000080       0x81 ./RTD/src/Clock_Ip_Pll.o
 .comment       0x00000080       0x81 ./RTD/src/Clock_Ip_ProgFreqSwitch.o
 .comment       0x00000080       0x81 ./RTD/src/Clock_Ip_Selector.o
 .comment       0x00000080       0x81 ./RTD/src/Clock_Ip_Specific.o
 .comment       0x00000080       0x81 ./RTD/src/Det.o
 .comment       0x00000080       0x81 ./RTD/src/Det_stub.o
 .comment       0x00000080       0x81 ./RTD/src/FlexCAN_Ip.o
 .comment       0x00000080       0x81 ./RTD/src/FlexCAN_Ip_HwAccess.o
 .comment       0x00000080       0x81 ./RTD/src/FlexCAN_Ip_Irq.o
 .comment       0x00000080       0x81 ./RTD/src/Ftm_Gpt_Ip.o
 .comment       0x00000080       0x81 ./RTD/src/Ftm_Pwm_Ip.o
 .comment       0x00000080       0x81 ./RTD/src/Ftm_Pwm_Ip_Irq.o
 .comment       0x00000080       0x81 ./RTD/src/IntCtrl_Ip.o
 .comment       0x00000080       0x81 ./RTD/src/Lpuart_Uart_Ip.o
 .comment       0x00000080       0x81 ./RTD/src/Lpuart_Uart_Ip_Irq.o
 .comment       0x00000080       0x81 ./RTD/src/OsIf_Timer.o
 .comment       0x00000080       0x81 ./RTD/src/OsIf_Timer_System.o
 .comment       0x00000080       0x81 ./RTD/src/Port_Ci_Port_Ip.o
 .comment       0x00000080       0x81 ./RTD/src/SchM_Can.o
 .comment       0x00000080       0x81 ./RTD/src/SchM_Gpt.o
 .comment       0x00000080       0x81 ./RTD/src/SchM_Mcu.o
 .comment       0x00000080       0x81 ./RTD/src/SchM_Port.o
 .comment       0x00000080       0x81 ./RTD/src/SchM_Pwm.o
 .comment       0x00000080       0x81 ./RTD/src/SchM_Uart.o
 .comment       0x00000080       0x81 ./board/Clock_Ip_Cfg.o
 .comment       0x00000080       0x81 ./board/Clock_Ip_PBcfg.o
 .comment       0x00000080       0x81 ./board/Port_Ci_Port_Ip_Cfg.o
 .comment       0x00000080       0x81 ./generate/src/FlexCAN_Ip_Sa_BOARD_InitPeripherals_PBcfg.o
 .comment       0x00000080       0x81 ./generate/src/Ftm_Gpt_Ip_BOARD_InitPeripherals_PBcfg.o
 .comment       0x00000080       0x81 ./generate/src/Ftm_Pwm_Ip_BOARD_InitPeripherals_PBcfg.o
 .comment       0x00000080       0x81 ./generate/src/IntCtrl_Ip_Cfg.o
 .comment       0x00000080       0x81 ./generate/src/Lpuart_Uart_Ip_Sa_BOARD_InitPeripherals_PBcfg.o
 .comment       0x00000080       0x81 ./generate/src/OsIf_Cfg.o
 .comment       0x00000080       0x81 ./src/Interruptions_init.o
 .comment       0x00000080       0x81 ./src/flexcan_init.o
 .comment       0x00000080       0x81 ./src/ftm_init.o
 .comment       0x00000080       0x81 ./src/ftm_pwm_init.o
 .comment       0x00000080       0x81 ./src/lpuart_init.o
 .comment       0x00000080       0x81 ./src/main.o

.debug_info     0x00000000    0x3edc2
 .debug_info    0x00000000      0x139 ./Project_Settings/Startup_Code/exceptions.o
 .debug_info    0x00000139      0x47c ./Project_Settings/Startup_Code/nvic.o
 .debug_info    0x000005b5      0x250 ./Project_Settings/Startup_Code/startup.o
 .debug_info    0x00000805       0x26 ./Project_Settings/Startup_Code/startup_cm4.o
 .debug_info    0x0000082b      0x46e ./Project_Settings/Startup_Code/system.o
 .debug_info    0x00000c99     0x1edf ./RTD/src/Clock_Ip.o
 .debug_info    0x00002b78     0x1731 ./RTD/src/Clock_Ip_Data.o
 .debug_info    0x000042a9     0x1f06 ./RTD/src/Clock_Ip_Divider.o
 .debug_info    0x000061af     0x148a ./RTD/src/Clock_Ip_DividerTrigger.o
 .debug_info    0x00007639     0x1998 ./RTD/src/Clock_Ip_ExtOsc.o
 .debug_info    0x00008fd1     0x14b9 ./RTD/src/Clock_Ip_FracDiv.o
 .debug_info    0x0000a48a     0x1453 ./RTD/src/Clock_Ip_Frequency.o
 .debug_info    0x0000b8dd     0x1c58 ./RTD/src/Clock_Ip_Gate.o
 .debug_info    0x0000d535     0x2156 ./RTD/src/Clock_Ip_IntOsc.o
 .debug_info    0x0000f68b     0x1453 ./RTD/src/Clock_Ip_Irq.o
 .debug_info    0x00010ade     0x1507 ./RTD/src/Clock_Ip_Monitor.o
 .debug_info    0x00011fe5     0x19fb ./RTD/src/Clock_Ip_Pll.o
 .debug_info    0x000139e0     0x148a ./RTD/src/Clock_Ip_ProgFreqSwitch.o
 .debug_info    0x00014e6a     0x2335 ./RTD/src/Clock_Ip_Selector.o
 .debug_info    0x0001719f     0x2370 ./RTD/src/Clock_Ip_Specific.o
 .debug_info    0x0001950f      0x3cd ./RTD/src/Det.o
 .debug_info    0x000198dc      0x401 ./RTD/src/Det_stub.o
 .debug_info    0x00019cdd     0x612c ./RTD/src/FlexCAN_Ip.o
 .debug_info    0x0001fe09     0x2905 ./RTD/src/FlexCAN_Ip_HwAccess.o
 .debug_info    0x0002270e      0x7f3 ./RTD/src/FlexCAN_Ip_Irq.o
 .debug_info    0x00022f01     0x152d ./RTD/src/Ftm_Gpt_Ip.o
 .debug_info    0x0002442e     0x5a4b ./RTD/src/Ftm_Pwm_Ip.o
 .debug_info    0x00029e79      0xb50 ./RTD/src/Ftm_Pwm_Ip_Irq.o
 .debug_info    0x0002a9c9     0x11e0 ./RTD/src/IntCtrl_Ip.o
 .debug_info    0x0002bba9     0x374c ./RTD/src/Lpuart_Uart_Ip.o
 .debug_info    0x0002f2f5      0x3cc ./RTD/src/Lpuart_Uart_Ip_Irq.o
 .debug_info    0x0002f6c1      0x2c4 ./RTD/src/OsIf_Timer.o
 .debug_info    0x0002f985       0x7d ./RTD/src/OsIf_Timer_System.o
 .debug_info    0x0002fa02      0xcc3 ./RTD/src/Port_Ci_Port_Ip.o
 .debug_info    0x000306c5      0xd48 ./RTD/src/SchM_Can.o
 .debug_info    0x0003140d     0x1e0c ./RTD/src/SchM_Gpt.o
 .debug_info    0x00033219      0x2e0 ./RTD/src/SchM_Mcu.o
 .debug_info    0x000334f9      0x658 ./RTD/src/SchM_Port.o
 .debug_info    0x00033b51     0x1560 ./RTD/src/SchM_Pwm.o
 .debug_info    0x000350b1      0x658 ./RTD/src/SchM_Uart.o
 .debug_info    0x00035709     0x1453 ./board/Clock_Ip_Cfg.o
 .debug_info    0x00036b5c     0x1462 ./board/Clock_Ip_PBcfg.o
 .debug_info    0x00037fbe      0x406 ./board/Port_Ci_Port_Ip_Cfg.o
 .debug_info    0x000383c4      0x5fa ./generate/src/FlexCAN_Ip_Sa_BOARD_InitPeripherals_PBcfg.o
 .debug_info    0x000389be      0x1ef ./generate/src/Ftm_Gpt_Ip_BOARD_InitPeripherals_PBcfg.o
 .debug_info    0x00038bad      0x8c8 ./generate/src/Ftm_Pwm_Ip_BOARD_InitPeripherals_PBcfg.o
 .debug_info    0x00039475      0x4cf ./generate/src/IntCtrl_Ip_Cfg.o
 .debug_info    0x00039944      0x3b3 ./generate/src/Lpuart_Uart_Ip_Sa_BOARD_InitPeripherals_PBcfg.o
 .debug_info    0x00039cf7       0x7d ./generate/src/OsIf_Cfg.o
 .debug_info    0x00039d74      0x878 ./src/Interruptions_init.o
 .debug_info    0x0003a5ec      0xd11 ./src/flexcan_init.o
 .debug_info    0x0003b2fd      0x907 ./src/ftm_init.o
 .debug_info    0x0003bc04      0x960 ./src/ftm_pwm_init.o
 .debug_info    0x0003c564     0x11b3 ./src/lpuart_init.o
 .debug_info    0x0003d717     0x16ab ./src/main.o

.debug_abbrev   0x00000000     0x6173
 .debug_abbrev  0x00000000       0x47 ./Project_Settings/Startup_Code/exceptions.o
 .debug_abbrev  0x00000047      0x102 ./Project_Settings/Startup_Code/nvic.o
 .debug_abbrev  0x00000149       0xf1 ./Project_Settings/Startup_Code/startup.o
 .debug_abbrev  0x0000023a       0x14 ./Project_Settings/Startup_Code/startup_cm4.o
 .debug_abbrev  0x0000024e      0x17a ./Project_Settings/Startup_Code/system.o
 .debug_abbrev  0x000003c8      0x435 ./RTD/src/Clock_Ip.o
 .debug_abbrev  0x000007fd      0x19f ./RTD/src/Clock_Ip_Data.o
 .debug_abbrev  0x0000099c      0x274 ./RTD/src/Clock_Ip_Divider.o
 .debug_abbrev  0x00000c10      0x1a3 ./RTD/src/Clock_Ip_DividerTrigger.o
 .debug_abbrev  0x00000db3      0x2dd ./RTD/src/Clock_Ip_ExtOsc.o
 .debug_abbrev  0x00001090      0x1d3 ./RTD/src/Clock_Ip_FracDiv.o
 .debug_abbrev  0x00001263      0x167 ./RTD/src/Clock_Ip_Frequency.o
 .debug_abbrev  0x000013ca      0x2db ./RTD/src/Clock_Ip_Gate.o
 .debug_abbrev  0x000016a5      0x373 ./RTD/src/Clock_Ip_IntOsc.o
 .debug_abbrev  0x00001a18      0x167 ./RTD/src/Clock_Ip_Irq.o
 .debug_abbrev  0x00001b7f      0x221 ./RTD/src/Clock_Ip_Monitor.o
 .debug_abbrev  0x00001da0      0x31a ./RTD/src/Clock_Ip_Pll.o
 .debug_abbrev  0x000020ba      0x1a3 ./RTD/src/Clock_Ip_ProgFreqSwitch.o
 .debug_abbrev  0x0000225d      0x27b ./RTD/src/Clock_Ip_Selector.o
 .debug_abbrev  0x000024d8      0x334 ./RTD/src/Clock_Ip_Specific.o
 .debug_abbrev  0x0000280c      0x109 ./RTD/src/Det.o
 .debug_abbrev  0x00002915       0xd4 ./RTD/src/Det_stub.o
 .debug_abbrev  0x000029e9      0x4c8 ./RTD/src/FlexCAN_Ip.o
 .debug_abbrev  0x00002eb1      0x427 ./RTD/src/FlexCAN_Ip_HwAccess.o
 .debug_abbrev  0x000032d8      0x182 ./RTD/src/FlexCAN_Ip_Irq.o
 .debug_abbrev  0x0000345a      0x2d7 ./RTD/src/Ftm_Gpt_Ip.o
 .debug_abbrev  0x00003731      0x3c6 ./RTD/src/Ftm_Pwm_Ip.o
 .debug_abbrev  0x00003af7      0x121 ./RTD/src/Ftm_Pwm_Ip_Irq.o
 .debug_abbrev  0x00003c18      0x389 ./RTD/src/IntCtrl_Ip.o
 .debug_abbrev  0x00003fa1      0x395 ./RTD/src/Lpuart_Uart_Ip.o
 .debug_abbrev  0x00004336       0xff ./RTD/src/Lpuart_Uart_Ip_Irq.o
 .debug_abbrev  0x00004435      0x1ea ./RTD/src/OsIf_Timer.o
 .debug_abbrev  0x0000461f       0x29 ./RTD/src/OsIf_Timer_System.o
 .debug_abbrev  0x00004648      0x27b ./RTD/src/Port_Ci_Port_Ip.o
 .debug_abbrev  0x000048c3       0xeb ./RTD/src/SchM_Can.o
 .debug_abbrev  0x000049ae       0xeb ./RTD/src/SchM_Gpt.o
 .debug_abbrev  0x00004a99       0xeb ./RTD/src/SchM_Mcu.o
 .debug_abbrev  0x00004b84       0xeb ./RTD/src/SchM_Port.o
 .debug_abbrev  0x00004c6f       0xeb ./RTD/src/SchM_Pwm.o
 .debug_abbrev  0x00004d5a       0xeb ./RTD/src/SchM_Uart.o
 .debug_abbrev  0x00004e45      0x167 ./board/Clock_Ip_Cfg.o
 .debug_abbrev  0x00004fac      0x176 ./board/Clock_Ip_PBcfg.o
 .debug_abbrev  0x00005122       0xd0 ./board/Port_Ci_Port_Ip_Cfg.o
 .debug_abbrev  0x000051f2      0x11c ./generate/src/FlexCAN_Ip_Sa_BOARD_InitPeripherals_PBcfg.o
 .debug_abbrev  0x0000530e       0xc1 ./generate/src/Ftm_Gpt_Ip_BOARD_InitPeripherals_PBcfg.o
 .debug_abbrev  0x000053cf      0x10b ./generate/src/Ftm_Pwm_Ip_BOARD_InitPeripherals_PBcfg.o
 .debug_abbrev  0x000054da       0xe8 ./generate/src/IntCtrl_Ip_Cfg.o
 .debug_abbrev  0x000055c2       0xda ./generate/src/Lpuart_Uart_Ip_Sa_BOARD_InitPeripherals_PBcfg.o
 .debug_abbrev  0x0000569c       0x29 ./generate/src/OsIf_Cfg.o
 .debug_abbrev  0x000056c5      0x155 ./src/Interruptions_init.o
 .debug_abbrev  0x0000581a      0x24e ./src/flexcan_init.o
 .debug_abbrev  0x00005a68      0x179 ./src/ftm_init.o
 .debug_abbrev  0x00005be1      0x13c ./src/ftm_pwm_init.o
 .debug_abbrev  0x00005d1d      0x291 ./src/lpuart_init.o
 .debug_abbrev  0x00005fae      0x1c5 ./src/main.o

.debug_aranges  0x00000000     0x17a0
 .debug_aranges
                0x00000000       0x28 ./Project_Settings/Startup_Code/exceptions.o
 .debug_aranges
                0x00000028       0x20 ./Project_Settings/Startup_Code/nvic.o
 .debug_aranges
                0x00000048       0x20 ./Project_Settings/Startup_Code/startup.o
 .debug_aranges
                0x00000068       0x20 ./Project_Settings/Startup_Code/startup_cm4.o
 .debug_aranges
                0x00000088       0x28 ./Project_Settings/Startup_Code/system.o
 .debug_aranges
                0x000000b0       0x90 ./RTD/src/Clock_Ip.o
 .debug_aranges
                0x00000140       0x18 ./RTD/src/Clock_Ip_Data.o
 .debug_aranges
                0x00000158       0x90 ./RTD/src/Clock_Ip_Divider.o
 .debug_aranges
                0x000001e8       0x20 ./RTD/src/Clock_Ip_DividerTrigger.o
 .debug_aranges
                0x00000208       0x50 ./RTD/src/Clock_Ip_ExtOsc.o
 .debug_aranges
                0x00000258       0x28 ./RTD/src/Clock_Ip_FracDiv.o
 .debug_aranges
                0x00000280       0x18 ./RTD/src/Clock_Ip_Frequency.o
 .debug_aranges
                0x00000298       0x90 ./RTD/src/Clock_Ip_Gate.o
 .debug_aranges
                0x00000328       0xa0 ./RTD/src/Clock_Ip_IntOsc.o
 .debug_aranges
                0x000003c8       0x18 ./RTD/src/Clock_Ip_Irq.o
 .debug_aranges
                0x000003e0       0x30 ./RTD/src/Clock_Ip_Monitor.o
 .debug_aranges
                0x00000410       0x58 ./RTD/src/Clock_Ip_Pll.o
 .debug_aranges
                0x00000468       0x20 ./RTD/src/Clock_Ip_ProgFreqSwitch.o
 .debug_aranges
                0x00000488       0xb8 ./RTD/src/Clock_Ip_Selector.o
 .debug_aranges
                0x00000540       0x40 ./RTD/src/Clock_Ip_Specific.o
 .debug_aranges
                0x00000580       0x38 ./RTD/src/Det.o
 .debug_aranges
                0x000005b8       0x48 ./RTD/src/Det_stub.o
 .debug_aranges
                0x00000600      0x208 ./RTD/src/FlexCAN_Ip.o
 .debug_aranges
                0x00000808       0xf0 ./RTD/src/FlexCAN_Ip_HwAccess.o
 .debug_aranges
                0x000008f8       0x70 ./RTD/src/FlexCAN_Ip_Irq.o
 .debug_aranges
                0x00000968       0x90 ./RTD/src/Ftm_Gpt_Ip.o
 .debug_aranges
                0x000009f8       0xf8 ./RTD/src/Ftm_Pwm_Ip.o
 .debug_aranges
                0x00000af0       0x18 ./RTD/src/Ftm_Pwm_Ip_Irq.o
 .debug_aranges
                0x00000b08       0x90 ./RTD/src/IntCtrl_Ip.o
 .debug_aranges
                0x00000b98       0xb8 ./RTD/src/Lpuart_Uart_Ip.o
 .debug_aranges
                0x00000c50       0x20 ./RTD/src/Lpuart_Uart_Ip_Irq.o
 .debug_aranges
                0x00000c70       0x40 ./RTD/src/OsIf_Timer.o
 .debug_aranges
                0x00000cb0       0x18 ./RTD/src/OsIf_Timer_System.o
 .debug_aranges
                0x00000cc8       0x88 ./RTD/src/Port_Ci_Port_Ip.o
 .debug_aranges
                0x00000d50      0x170 ./RTD/src/SchM_Can.o
 .debug_aranges
                0x00000ec0      0x340 ./RTD/src/SchM_Gpt.o
 .debug_aranges
                0x00001200       0x50 ./RTD/src/SchM_Mcu.o
 .debug_aranges
                0x00001250       0xb0 ./RTD/src/SchM_Port.o
 .debug_aranges
                0x00001300      0x250 ./RTD/src/SchM_Pwm.o
 .debug_aranges
                0x00001550       0xb0 ./RTD/src/SchM_Uart.o
 .debug_aranges
                0x00001600       0x18 ./board/Clock_Ip_Cfg.o
 .debug_aranges
                0x00001618       0x18 ./board/Clock_Ip_PBcfg.o
 .debug_aranges
                0x00001630       0x18 ./board/Port_Ci_Port_Ip_Cfg.o
 .debug_aranges
                0x00001648       0x18 ./generate/src/FlexCAN_Ip_Sa_BOARD_InitPeripherals_PBcfg.o
 .debug_aranges
                0x00001660       0x18 ./generate/src/Ftm_Gpt_Ip_BOARD_InitPeripherals_PBcfg.o
 .debug_aranges
                0x00001678       0x18 ./generate/src/Ftm_Pwm_Ip_BOARD_InitPeripherals_PBcfg.o
 .debug_aranges
                0x00001690       0x18 ./generate/src/IntCtrl_Ip_Cfg.o
 .debug_aranges
                0x000016a8       0x18 ./generate/src/Lpuart_Uart_Ip_Sa_BOARD_InitPeripherals_PBcfg.o
 .debug_aranges
                0x000016c0       0x18 ./generate/src/OsIf_Cfg.o
 .debug_aranges
                0x000016d8       0x20 ./src/Interruptions_init.o
 .debug_aranges
                0x000016f8       0x20 ./src/flexcan_init.o
 .debug_aranges
                0x00001718       0x20 ./src/ftm_init.o
 .debug_aranges
                0x00001738       0x20 ./src/ftm_pwm_init.o
 .debug_aranges
                0x00001758       0x28 ./src/lpuart_init.o
 .debug_aranges
                0x00001780       0x20 ./src/main.o

.debug_ranges   0x00000000     0x2c78
 .debug_ranges  0x00000000       0x18 ./Project_Settings/Startup_Code/exceptions.o
 .debug_ranges  0x00000018       0x18 ./Project_Settings/Startup_Code/system.o
 .debug_ranges  0x00000030       0xb8 ./RTD/src/Clock_Ip.o
 .debug_ranges  0x000000e8       0x98 ./RTD/src/Clock_Ip_Divider.o
 .debug_ranges  0x00000180       0x10 ./RTD/src/Clock_Ip_DividerTrigger.o
 .debug_ranges  0x00000190       0x58 ./RTD/src/Clock_Ip_ExtOsc.o
 .debug_ranges  0x000001e8       0x18 ./RTD/src/Clock_Ip_FracDiv.o
 .debug_ranges  0x00000200       0xb0 ./RTD/src/Clock_Ip_Gate.o